=== node: m13h-1-2
GPU 0: NVIDIA H200 (UUID: GPU-06c58ce4-35b4-30cf-fbd9-bec4a8af8522)
CUDA_HOME=/apps/cudatoolkit/12.8.1
=== source manifest
SOURCE_MANIFEST=c0afa01083322fb8
=== CUDA.jl precompile/versioninfo
CUDA toolchain: 
- runtime 12.8.0, local installation
- driver 580.159.4 for 13.0
- compiler 12.9.41, artifact installation

CUDA libraries: 
- cuBLAS: 12.8.4
- cuSPARSE: 12.5.8
- cuSOLVER: 11.7.3
- cuFFT: 11.3.3
- cuRAND: 10.3.9
- CUPTI: 2025.1.1 (API 12.8.0)
- NVML: 13.0.0+580.159.4

Julia packages: 
- CUDACore: 6.2.1
- GPUArrays: 11.5.8
- GPUCompiler: 1.23.0
- KernelAbstractions: 0.9.42
- CUDA_Driver_jll: 13.3.0+1
- CUDA_Compiler_jll: 0.4.4+1
- CUDA_Runtime_jll: 0.23.0+1
- CUDA_Runtime_Discovery: 2.1.0
- NVPTX_LLVM_Backend_jll: 22.1.7+1

Toolchain:
- Julia: 1.11.7
- LLVM: 16.0.6

Preferences:
- CUDA_Runtime_jll.local: true

1 device:
  0: NVIDIA H200 (sm_90, 139.797 GiB / 140.401 GiB available)
     compiles to sm_90a / PTX 8.8
=== test/cuda_radix_lifecycle_test.jl
Test Summary:                        | Pass  Total     Time
CUDA radix lifecycle gate (task 022) |  215    215  1m38.2s
Test Summary:                                                  | Pass  Total  Time
ConcatenatedFixedZM2L host parity (task 022 throughput repair) |   37     37  7.9s
LIFECYCLE_TEST_EXIT=0
=== test/cuda_radix_convection_test.jl
Test Summary:                          | Pass  Total     Time
device convection lifecycle (task 028) |   24     24  1m11.4s
Test Summary:                                         | Pass  Total  Time
fused dense M2L grid-stride parity (task 028 lever 2) |    8      8  3.5s
Test Summary:                                      | Pass  Total  Time
nearfield stream-overlap parity (task 028 cycle 3) |    4      4  1.1s
Test Summary:                                     | Pass  Total  Time
dense M2L operator-tile parity (task 028 cycle 2) |   12     12  2.1s
Test Summary:                                | Pass  Total  Time
_cuda_fast_rsqrt accuracy (task 028 lever 1) |    2      2  0.9s
Test Summary:                                     | Pass  Total  Time
nearfield warp-per-pair parity (task 028 lever 1) |   16     16  2.4s
CONVECTION_TEST_EXIT=0
=== test/cuda_radix_counting_sort_test.jl
Test Summary:                                   | Pass  Total   Time
bounded Morton counting sort (task 028 stage 6) |   20     20  52.1s
COUNTING_SORT_TEST_EXIT=0
=== 024b reference integrity
direct_reference_n1000.csv: OK
direct_reference_n3162.csv: OK
direct_reference_n10000.csv: OK
direct_reference_n31623.csv: OK
direct_reference_n100000.csv: OK
direct_reference_n316228.csv: OK
direct_reference_n1000000.csv: OK
REFERENCE_GATE_EXIT=0
=== FM030_MODE=retune
=== retune case list from /home/rander39/FastMultipole-023/MATRIX_OPERATOR_REFACTOR/data/cost_vs_n/retune_cases_refine.txt
=== retune ell=3 policy=sched4-3 tf=Float32 tensor=fp16 n=3162
sched4-3 dense          Float32  eo=3  LH=false n=3162     ell=3 K=424   fit=true  eval     1.432  verdict     1.979  host       NaN ms  grad_err 2.159e-03
wrote /home/rander39/FastMultipole-023/MATRIX_OPERATOR_REFACTOR/data/cost_vs_n/cuda030_retune_sched4_3_fp16_n3162_m13h-1-2_13044695.csv
wrote /home/rander39/FastMultipole-023/MATRIX_OPERATOR_REFACTOR/data/cost_vs_n/cuda030_retune_sched4_3_fp16_n3162_m13h-1-2_13044695.csv.classes.csv
=== retune ell=3 policy=sched4-3 tf=Float64 tensor=off n=3162
sched4-3 dense          Float64  eo=3  LH=false n=3162     ell=3 K=424   fit=true  eval     1.472  verdict     2.082  host       NaN ms  grad_err 2.138e-03
wrote /home/rander39/FastMultipole-023/MATRIX_OPERATOR_REFACTOR/data/cost_vs_n/cuda030_retune_sched4_3_off_n3162_m13h-1-2_13044695.csv
wrote /home/rander39/FastMultipole-023/MATRIX_OPERATOR_REFACTOR/data/cost_vs_n/cuda030_retune_sched4_3_off_n3162_m13h-1-2_13044695.csv.classes.csv
=== retune ell=3 policy=sched4-4 tf=Float32 tensor=fp16 n=3162
sched4-4 dense          Float32  eo=3  LH=false n=3162     ell=3 K=418   fit=true  eval     1.443  verdict     1.951  host       NaN ms  grad_err 1.500e-03
wrote /home/rander39/FastMultipole-023/MATRIX_OPERATOR_REFACTOR/data/cost_vs_n/cuda030_retune_sched4_4_fp16_n3162_m13h-1-2_13044695.csv
wrote /home/rander39/FastMultipole-023/MATRIX_OPERATOR_REFACTOR/data/cost_vs_n/cuda030_retune_sched4_4_fp16_n3162_m13h-1-2_13044695.csv.classes.csv
=== retune ell=3 policy=sched4-4 tf=Float64 tensor=off n=3162
sched4-4 dense          Float64  eo=3  LH=false n=3162     ell=3 K=418   fit=true  eval     1.442  verdict     2.003  host       NaN ms  grad_err 1.463e-03
wrote /home/rander39/FastMultipole-023/MATRIX_OPERATOR_REFACTOR/data/cost_vs_n/cuda030_retune_sched4_4_off_n3162_m13h-1-2_13044695.csv
wrote /home/rander39/FastMultipole-023/MATRIX_OPERATOR_REFACTOR/data/cost_vs_n/cuda030_retune_sched4_4_off_n3162_m13h-1-2_13044695.csv.classes.csv
=== retune ell=3 policy=sched5-4 tf=Float32 tensor=fp16 n=3162
sched5-4 dense          Float32  eo=3  LH=false n=3162     ell=3 K=706   fit=true  eval     1.426  verdict     1.982  host       NaN ms  grad_err 1.329e-03
wrote /home/rander39/FastMultipole-023/MATRIX_OPERATOR_REFACTOR/data/cost_vs_n/cuda030_retune_sched5_4_fp16_n3162_m13h-1-2_13044695.csv
wrote /home/rander39/FastMultipole-023/MATRIX_OPERATOR_REFACTOR/data/cost_vs_n/cuda030_retune_sched5_4_fp16_n3162_m13h-1-2_13044695.csv.classes.csv
=== retune ell=3 policy=sched5-4 tf=Float64 tensor=off n=3162
sched5-4 dense          Float64  eo=3  LH=false n=3162     ell=3 K=706   fit=true  eval     1.459  verdict     2.018  host       NaN ms  grad_err 1.216e-03
wrote /home/rander39/FastMultipole-023/MATRIX_OPERATOR_REFACTOR/data/cost_vs_n/cuda030_retune_sched5_4_off_n3162_m13h-1-2_13044695.csv
wrote /home/rander39/FastMultipole-023/MATRIX_OPERATOR_REFACTOR/data/cost_vs_n/cuda030_retune_sched5_4_off_n3162_m13h-1-2_13044695.csv.classes.csv
=== retune ell=3 policy=sched5-5 tf=Float32 tensor=fp16 n=10000
sched5-5 dense          Float32  eo=3  LH=false n=10000    ell=3 K=682   fit=true  eval     1.474  verdict     2.015  host       NaN ms  grad_err 1.514e-03
wrote /home/rander39/FastMultipole-023/MATRIX_OPERATOR_REFACTOR/data/cost_vs_n/cuda030_retune_sched5_5_fp16_n10000_m13h-1-2_13044695.csv
wrote /home/rander39/FastMultipole-023/MATRIX_OPERATOR_REFACTOR/data/cost_vs_n/cuda030_retune_sched5_5_fp16_n10000_m13h-1-2_13044695.csv.classes.csv
=== retune ell=3 policy=sched5-5 tf=Float64 tensor=off n=10000
sched5-5 dense          Float64  eo=3  LH=false n=10000    ell=3 K=682   fit=true  eval     1.580  verdict     2.069  host       NaN ms  grad_err 1.291e-03
wrote /home/rander39/FastMultipole-023/MATRIX_OPERATOR_REFACTOR/data/cost_vs_n/cuda030_retune_sched5_5_off_n10000_m13h-1-2_13044695.csv
wrote /home/rander39/FastMultipole-023/MATRIX_OPERATOR_REFACTOR/data/cost_vs_n/cuda030_retune_sched5_5_off_n10000_m13h-1-2_13044695.csv.classes.csv
=== retune ell=3 policy=sched8-5 tf=Float32 tensor=fp16 n=10000
sched8-5 dense          Float32  eo=3  LH=false n=10000    ell=3 K=1018  fit=true  eval     1.463  verdict     2.022  host       NaN ms  grad_err 1.451e-03
wrote /home/rander39/FastMultipole-023/MATRIX_OPERATOR_REFACTOR/data/cost_vs_n/cuda030_retune_sched8_5_fp16_n10000_m13h-1-2_13044695.csv
wrote /home/rander39/FastMultipole-023/MATRIX_OPERATOR_REFACTOR/data/cost_vs_n/cuda030_retune_sched8_5_fp16_n10000_m13h-1-2_13044695.csv.classes.csv
=== retune ell=3 policy=sched8-5 tf=Float64 tensor=off n=10000
sched8-5 dense          Float64  eo=3  LH=false n=10000    ell=3 K=1018  fit=true  eval     1.577  verdict     2.087  host       NaN ms  grad_err 9.433e-04
wrote /home/rander39/FastMultipole-023/MATRIX_OPERATOR_REFACTOR/data/cost_vs_n/cuda030_retune_sched8_5_off_n10000_m13h-1-2_13044695.csv
wrote /home/rander39/FastMultipole-023/MATRIX_OPERATOR_REFACTOR/data/cost_vs_n/cuda030_retune_sched8_5_off_n10000_m13h-1-2_13044695.csv.classes.csv
=== retune ell=2 policy=sched5 tf=Float32 tensor=fp16 n=31623
sched5  dense          Float32  eo=3  LH=false n=31623    ell=2 K=682   fit=true  eval     8.076  verdict     8.567  host       NaN ms  grad_err 1.041e-03
wrote /home/rander39/FastMultipole-023/MATRIX_OPERATOR_REFACTOR/data/cost_vs_n/cuda030_retune_sched5_fp16_n31623_m13h-1-2_13044695.csv
wrote /home/rander39/FastMultipole-023/MATRIX_OPERATOR_REFACTOR/data/cost_vs_n/cuda030_retune_sched5_fp16_n31623_m13h-1-2_13044695.csv.classes.csv
=== retune ell=2 policy=sched6 tf=Float32 tensor=fp16 n=31623
sched6  dense          Float32  eo=3  LH=false n=31623    ell=2 K=850   fit=true  eval     8.211  verdict     8.762  host       NaN ms  grad_err 3.847e-04
wrote /home/rander39/FastMultipole-023/MATRIX_OPERATOR_REFACTOR/data/cost_vs_n/cuda030_retune_sched6_fp16_n31623_m13h-1-2_13044695.csv
wrote /home/rander39/FastMultipole-023/MATRIX_OPERATOR_REFACTOR/data/cost_vs_n/cuda030_retune_sched6_fp16_n31623_m13h-1-2_13044695.csv.classes.csv
=== retune ell=2 policy=sched8 tf=Float32 tensor=fp16 n=31623
sched8  dense          Float32  eo=3  LH=false n=31623    ell=2 K=982   fit=true  eval     8.263  verdict     8.791  host       NaN ms  grad_err 3.582e-04
wrote /home/rander39/FastMultipole-023/MATRIX_OPERATOR_REFACTOR/data/cost_vs_n/cuda030_retune_sched8_fp16_n31623_m13h-1-2_13044695.csv
wrote /home/rander39/FastMultipole-023/MATRIX_OPERATOR_REFACTOR/data/cost_vs_n/cuda030_retune_sched8_fp16_n31623_m13h-1-2_13044695.csv.classes.csv
=== retune ell=3 policy=sched8-6 tf=Float32 tensor=fp16 n=31623
sched8-6 dense          Float32  eo=3  LH=false n=31623    ell=3 K=994   fit=true  eval     2.027  verdict     2.532  host       NaN ms  grad_err 1.350e-03
wrote /home/rander39/FastMultipole-023/MATRIX_OPERATOR_REFACTOR/data/cost_vs_n/cuda030_retune_sched8_6_fp16_n31623_m13h-1-2_13044695.csv
wrote /home/rander39/FastMultipole-023/MATRIX_OPERATOR_REFACTOR/data/cost_vs_n/cuda030_retune_sched8_6_fp16_n31623_m13h-1-2_13044695.csv.classes.csv
=== retune ell=3 policy=sched8-6 tf=Float64 tensor=off n=31623
sched8-6 dense          Float64  eo=3  LH=false n=31623    ell=3 K=994   fit=true  eval     2.876  verdict     3.373  host       NaN ms  grad_err 5.553e-04
wrote /home/rander39/FastMultipole-023/MATRIX_OPERATOR_REFACTOR/data/cost_vs_n/cuda030_retune_sched8_6_off_n31623_m13h-1-2_13044695.csv
wrote /home/rander39/FastMultipole-023/MATRIX_OPERATOR_REFACTOR/data/cost_vs_n/cuda030_retune_sched8_6_off_n31623_m13h-1-2_13044695.csv.classes.csv
=== retune ell=4 policy=sched6-6-5 tf=Float32 tensor=fp16 n=31623
sched6-6-5 dense          Float32  eo=3  LH=false n=31623    ell=4 K=874   fit=true  eval     2.131  verdict     2.854  host       NaN ms  grad_err 8.690e-04
wrote /home/rander39/FastMultipole-023/MATRIX_OPERATOR_REFACTOR/data/cost_vs_n/cuda030_retune_sched6_6_5_fp16_n31623_m13h-1-2_13044695.csv
wrote /home/rander39/FastMultipole-023/MATRIX_OPERATOR_REFACTOR/data/cost_vs_n/cuda030_retune_sched6_6_5_fp16_n31623_m13h-1-2_13044695.csv.classes.csv
=== retune ell=4 policy=sched6-6-5 tf=Float64 tensor=off n=31623
sched6-6-5 dense          Float64  eo=3  LH=false n=31623    ell=4 K=874   fit=true  eval     2.502  verdict     3.229  host       NaN ms  grad_err 7.802e-04
wrote /home/rander39/FastMultipole-023/MATRIX_OPERATOR_REFACTOR/data/cost_vs_n/cuda030_retune_sched6_6_5_off_n31623_m13h-1-2_13044695.csv
wrote /home/rander39/FastMultipole-023/MATRIX_OPERATOR_REFACTOR/data/cost_vs_n/cuda030_retune_sched6_6_5_off_n31623_m13h-1-2_13044695.csv.classes.csv
=== retune ell=4 policy=sched8-6-6 tf=Float32 tensor=fp16 n=31623
sched8-6-6 dense          Float32  eo=3  LH=false n=31623    ell=4 K=994   fit=true  eval     2.250  verdict     2.914  host       NaN ms  grad_err 7.221e-04
wrote /home/rander39/FastMultipole-023/MATRIX_OPERATOR_REFACTOR/data/cost_vs_n/cuda030_retune_sched8_6_6_fp16_n31623_m13h-1-2_13044695.csv
wrote /home/rander39/FastMultipole-023/MATRIX_OPERATOR_REFACTOR/data/cost_vs_n/cuda030_retune_sched8_6_6_fp16_n31623_m13h-1-2_13044695.csv.classes.csv
=== retune ell=4 policy=sched8-6-6 tf=Float64 tensor=off n=31623
sched8-6-6 dense          Float64  eo=3  LH=false n=31623    ell=4 K=994   fit=true  eval     2.591  verdict     3.316  host       NaN ms  grad_err 6.113e-04
wrote /home/rander39/FastMultipole-023/MATRIX_OPERATOR_REFACTOR/data/cost_vs_n/cuda030_retune_sched8_6_6_off_n31623_m13h-1-2_13044695.csv
wrote /home/rander39/FastMultipole-023/MATRIX_OPERATOR_REFACTOR/data/cost_vs_n/cuda030_retune_sched8_6_6_off_n31623_m13h-1-2_13044695.csv.classes.csv
=== retune ell=3 policy=sched5-4 tf=Float32 tensor=fp16 n=100000
sched5-4 dense          Float32  eo=3  LH=false n=100000   ell=3 K=706   fit=true  eval     4.561  verdict     5.059  host       NaN ms  grad_err 1.519e-03
wrote /home/rander39/FastMultipole-023/MATRIX_OPERATOR_REFACTOR/data/cost_vs_n/cuda030_retune_sched5_4_fp16_n100000_m13h-1-2_13044695.csv
wrote /home/rander39/FastMultipole-023/MATRIX_OPERATOR_REFACTOR/data/cost_vs_n/cuda030_retune_sched5_4_fp16_n100000_m13h-1-2_13044695.csv.classes.csv
=== retune ell=4 policy=sched5-5-5 tf=Float32 tensor=fp16 n=100000
sched5-5-5 dense          Float32  eo=3  LH=false n=100000   ell=4 K=682   fit=true  eval     2.323  verdict     3.131  host       NaN ms  grad_err 1.387e-03
wrote /home/rander39/FastMultipole-023/MATRIX_OPERATOR_REFACTOR/data/cost_vs_n/cuda030_retune_sched5_5_5_fp16_n100000_m13h-1-2_13044695.csv
wrote /home/rander39/FastMultipole-023/MATRIX_OPERATOR_REFACTOR/data/cost_vs_n/cuda030_retune_sched5_5_5_fp16_n100000_m13h-1-2_13044695.csv.classes.csv
=== retune ell=4 policy=sched5-5-5 tf=Float64 tensor=off n=100000
sched5-5-5 dense          Float64  eo=3  LH=false n=100000   ell=4 K=682   fit=true  eval     2.878  verdict     3.587  host       NaN ms  grad_err 1.360e-03
wrote /home/rander39/FastMultipole-023/MATRIX_OPERATOR_REFACTOR/data/cost_vs_n/cuda030_retune_sched5_5_5_off_n100000_m13h-1-2_13044695.csv
wrote /home/rander39/FastMultipole-023/MATRIX_OPERATOR_REFACTOR/data/cost_vs_n/cuda030_retune_sched5_5_5_off_n100000_m13h-1-2_13044695.csv.classes.csv
=== retune ell=4 policy=sched6-5-4 tf=Float32 tensor=fp16 n=100000
sched6-5-4 dense          Float32  eo=3  LH=false n=100000   ell=4 K=898   fit=true  eval     2.263  verdict     3.162  host       NaN ms  grad_err 1.087e-03
wrote /home/rander39/FastMultipole-023/MATRIX_OPERATOR_REFACTOR/data/cost_vs_n/cuda030_retune_sched6_5_4_fp16_n100000_m13h-1-2_13044695.csv
wrote /home/rander39/FastMultipole-023/MATRIX_OPERATOR_REFACTOR/data/cost_vs_n/cuda030_retune_sched6_5_4_fp16_n100000_m13h-1-2_13044695.csv.classes.csv
=== retune ell=4 policy=sched6-5-4 tf=Float64 tensor=off n=100000
sched6-5-4 dense          Float64  eo=3  LH=false n=100000   ell=4 K=898   fit=true  eval     2.657  verdict     3.389  host       NaN ms  grad_err 1.049e-03
wrote /home/rander39/FastMultipole-023/MATRIX_OPERATOR_REFACTOR/data/cost_vs_n/cuda030_retune_sched6_5_4_off_n100000_m13h-1-2_13044695.csv
wrote /home/rander39/FastMultipole-023/MATRIX_OPERATOR_REFACTOR/data/cost_vs_n/cuda030_retune_sched6_5_4_off_n100000_m13h-1-2_13044695.csv.classes.csv
=== retune ell=4 policy=sched6-6-5 tf=Float32 tensor=fp16 n=100000
sched6-6-5 dense          Float32  eo=3  LH=false n=100000   ell=4 K=874   fit=true  eval     2.343  verdict     3.097  host       NaN ms  grad_err 8.468e-04
wrote /home/rander39/FastMultipole-023/MATRIX_OPERATOR_REFACTOR/data/cost_vs_n/cuda030_retune_sched6_6_5_fp16_n100000_m13h-1-2_13044695.csv
wrote /home/rander39/FastMultipole-023/MATRIX_OPERATOR_REFACTOR/data/cost_vs_n/cuda030_retune_sched6_6_5_fp16_n100000_m13h-1-2_13044695.csv.classes.csv
=== retune ell=4 policy=sched8-5-5 tf=Float32 tensor=fp16 n=100000
sched8-5-5 dense          Float32  eo=3  LH=false n=100000   ell=4 K=1018  fit=true  eval     2.469  verdict     3.328  host       NaN ms  grad_err 1.041e-03
wrote /home/rander39/FastMultipole-023/MATRIX_OPERATOR_REFACTOR/data/cost_vs_n/cuda030_retune_sched8_5_5_fp16_n100000_m13h-1-2_13044695.csv
wrote /home/rander39/FastMultipole-023/MATRIX_OPERATOR_REFACTOR/data/cost_vs_n/cuda030_retune_sched8_5_5_fp16_n100000_m13h-1-2_13044695.csv.classes.csv
=== retune ell=4 policy=sched8-5-5 tf=Float64 tensor=off n=100000
sched8-5-5 dense          Float64  eo=3  LH=false n=100000   ell=4 K=1018  fit=true  eval     2.945  verdict     3.624  host       NaN ms  grad_err 1.002e-03
wrote /home/rander39/FastMultipole-023/MATRIX_OPERATOR_REFACTOR/data/cost_vs_n/cuda030_retune_sched8_5_5_off_n100000_m13h-1-2_13044695.csv
wrote /home/rander39/FastMultipole-023/MATRIX_OPERATOR_REFACTOR/data/cost_vs_n/cuda030_retune_sched8_5_5_off_n100000_m13h-1-2_13044695.csv.classes.csv
=== retune ell=4 policy=sched5-4-4 tf=Float32 tensor=fp16 n=316228
sched5-4-4 dense          Float32  eo=3  LH=false n=316228   ell=4 K=706   fit=true  eval     4.010  verdict     4.789  host       NaN ms  grad_err 1.375e-03
wrote /home/rander39/FastMultipole-023/MATRIX_OPERATOR_REFACTOR/data/cost_vs_n/cuda030_retune_sched5_4_4_fp16_n316228_m13h-1-2_13044695.csv
wrote /home/rander39/FastMultipole-023/MATRIX_OPERATOR_REFACTOR/data/cost_vs_n/cuda030_retune_sched5_4_4_fp16_n316228_m13h-1-2_13044695.csv.classes.csv
=== retune ell=4 policy=sched6-4-3 tf=Float32 tensor=fp16 n=316228
sched6-4-3 dense          Float32  eo=3  LH=false n=316228   ell=4 K=904   fit=true  eval     3.778  verdict     4.547  host       NaN ms  grad_err 1.642e-03
wrote /home/rander39/FastMultipole-023/MATRIX_OPERATOR_REFACTOR/data/cost_vs_n/cuda030_retune_sched6_4_3_fp16_n316228_m13h-1-2_13044695.csv
wrote /home/rander39/FastMultipole-023/MATRIX_OPERATOR_REFACTOR/data/cost_vs_n/cuda030_retune_sched6_4_3_fp16_n316228_m13h-1-2_13044695.csv.classes.csv
=== retune ell=4 policy=sched6-5-4 tf=Float32 tensor=fp16 n=316228
sched6-5-4 dense          Float32  eo=3  LH=false n=316228   ell=4 K=898   fit=true  eval     4.002  verdict     4.784  host       NaN ms  grad_err 1.021e-03
wrote /home/rander39/FastMultipole-023/MATRIX_OPERATOR_REFACTOR/data/cost_vs_n/cuda030_retune_sched6_5_4_fp16_n316228_m13h-1-2_13044695.csv
wrote /home/rander39/FastMultipole-023/MATRIX_OPERATOR_REFACTOR/data/cost_vs_n/cuda030_retune_sched6_5_4_fp16_n316228_m13h-1-2_13044695.csv.classes.csv
=== retune ell=4 policy=sched6-6-4 tf=Float32 tensor=fp16 n=316228
sched6-6-4 dense          Float32  eo=3  LH=false n=316228   ell=4 K=898   fit=true  eval     4.037  verdict     4.797  host       NaN ms  grad_err 8.193e-04
wrote /home/rander39/FastMultipole-023/MATRIX_OPERATOR_REFACTOR/data/cost_vs_n/cuda030_retune_sched6_6_4_fp16_n316228_m13h-1-2_13044695.csv
wrote /home/rander39/FastMultipole-023/MATRIX_OPERATOR_REFACTOR/data/cost_vs_n/cuda030_retune_sched6_6_4_fp16_n316228_m13h-1-2_13044695.csv.classes.csv
=== retune ell=4 policy=sched8-4-4 tf=Float32 tensor=fp16 n=316228
sched8-4-4 dense          Float32  eo=3  LH=false n=316228   ell=4 K=1042  fit=true  eval     4.067  verdict     4.854  host       NaN ms  grad_err 1.028e-03
wrote /home/rander39/FastMultipole-023/MATRIX_OPERATOR_REFACTOR/data/cost_vs_n/cuda030_retune_sched8_4_4_fp16_n316228_m13h-1-2_13044695.csv
wrote /home/rander39/FastMultipole-023/MATRIX_OPERATOR_REFACTOR/data/cost_vs_n/cuda030_retune_sched8_4_4_fp16_n316228_m13h-1-2_13044695.csv.classes.csv
=== retune ell=5 policy=sched5-4-4-4 tf=Float32 tensor=fp16 n=316228
sched5-4-4-4 dense          Float32  eo=3  LH=false n=316228   ell=5 K=706   fit=true  eval     4.169  verdict     5.032  host       NaN ms  grad_err 1.411e-03
wrote /home/rander39/FastMultipole-023/MATRIX_OPERATOR_REFACTOR/data/cost_vs_n/cuda030_retune_sched5_4_4_4_fp16_n316228_m13h-1-2_13044695.csv
wrote /home/rander39/FastMultipole-023/MATRIX_OPERATOR_REFACTOR/data/cost_vs_n/cuda030_retune_sched5_4_4_4_fp16_n316228_m13h-1-2_13044695.csv.classes.csv
=== retune ell=5 policy=sched5-4-4-4 tf=Float32 tensor=fp16 n=1000000
sched5-4-4-4 dense          Float32  eo=3  LH=false n=1000000  ell=5 K=706   fit=true  eval     5.985  verdict     7.318  host       NaN ms  grad_err 1.397e-03
wrote /home/rander39/FastMultipole-023/MATRIX_OPERATOR_REFACTOR/data/cost_vs_n/cuda030_retune_sched5_4_4_4_fp16_n1000000_m13h-1-2_13044695.csv
wrote /home/rander39/FastMultipole-023/MATRIX_OPERATOR_REFACTOR/data/cost_vs_n/cuda030_retune_sched5_4_4_4_fp16_n1000000_m13h-1-2_13044695.csv.classes.csv
=== retune ell=5 policy=sched6-4-4-3 tf=Float32 tensor=fp16 n=1000000
sched6-4-4-3 dense          Float32  eo=3  LH=false n=1000000  ell=5 K=904   fit=true  eval     5.801  verdict     7.092  host       NaN ms  grad_err 1.190e-03
wrote /home/rander39/FastMultipole-023/MATRIX_OPERATOR_REFACTOR/data/cost_vs_n/cuda030_retune_sched6_4_4_3_fp16_n1000000_m13h-1-2_13044695.csv
wrote /home/rander39/FastMultipole-023/MATRIX_OPERATOR_REFACTOR/data/cost_vs_n/cuda030_retune_sched6_4_4_3_fp16_n1000000_m13h-1-2_13044695.csv.classes.csv
=== retune ell=5 policy=sched6-5-4-4 tf=Float32 tensor=fp16 n=1000000
sched6-5-4-4 dense          Float32  eo=3  LH=false n=1000000  ell=5 K=898   fit=true  eval     6.260  verdict     7.556  host       NaN ms  grad_err 1.030e-03
wrote /home/rander39/FastMultipole-023/MATRIX_OPERATOR_REFACTOR/data/cost_vs_n/cuda030_retune_sched6_5_4_4_fp16_n1000000_m13h-1-2_13044695.csv
wrote /home/rander39/FastMultipole-023/MATRIX_OPERATOR_REFACTOR/data/cost_vs_n/cuda030_retune_sched6_5_4_4_fp16_n1000000_m13h-1-2_13044695.csv.classes.csv
=== retune ell=5 policy=sched6-5-5-4 tf=Float32 tensor=fp16 n=1000000
sched6-5-5-4 dense          Float32  eo=3  LH=false n=1000000  ell=5 K=898   fit=true  eval     6.774  verdict     8.058  host       NaN ms  grad_err 1.045e-03
wrote /home/rander39/FastMultipole-023/MATRIX_OPERATOR_REFACTOR/data/cost_vs_n/cuda030_retune_sched6_5_5_4_fp16_n1000000_m13h-1-2_13044695.csv
wrote /home/rander39/FastMultipole-023/MATRIX_OPERATOR_REFACTOR/data/cost_vs_n/cuda030_retune_sched6_5_5_4_fp16_n1000000_m13h-1-2_13044695.csv.classes.csv
=== retune ell=5 policy=sched6-6-4-4 tf=Float32 tensor=fp16 n=1000000
sched6-6-4-4 dense          Float32  eo=3  LH=false n=1000000  ell=5 K=898   fit=true  eval     6.291  verdict     7.592  host       NaN ms  grad_err 7.202e-04
wrote /home/rander39/FastMultipole-023/MATRIX_OPERATOR_REFACTOR/data/cost_vs_n/cuda030_retune_sched6_6_4_4_fp16_n1000000_m13h-1-2_13044695.csv
wrote /home/rander39/FastMultipole-023/MATRIX_OPERATOR_REFACTOR/data/cost_vs_n/cuda030_retune_sched6_6_4_4_fp16_n1000000_m13h-1-2_13044695.csv.classes.csv
=== retune ell=5 policy=sched8-4-4-4 tf=Float32 tensor=fp16 n=1000000
sched8-4-4-4 dense          Float32  eo=3  LH=false n=1000000  ell=5 K=1042  fit=true  eval     6.348  verdict     7.650  host       NaN ms  grad_err 9.679e-04
wrote /home/rander39/FastMultipole-023/MATRIX_OPERATOR_REFACTOR/data/cost_vs_n/cuda030_retune_sched8_4_4_4_fp16_n1000000_m13h-1-2_13044695.csv
wrote /home/rander39/FastMultipole-023/MATRIX_OPERATOR_REFACTOR/data/cost_vs_n/cuda030_retune_sched8_4_4_4_fp16_n1000000_m13h-1-2_13044695.csv.classes.csv
=== retune ell=6 policy=sched6-4-4-4-4 tf=Float32 tensor=fp16 n=1000000
sched6-4-4-4-4 dense          Float32  eo=3  LH=false n=1000000  ell=6 K=898   fit=true  eval    22.028  verdict    23.631  host       NaN ms  grad_err 1.008e-03
wrote /home/rander39/FastMultipole-023/MATRIX_OPERATOR_REFACTOR/data/cost_vs_n/cuda030_retune_sched6_4_4_4_4_fp16_n1000000_m13h-1-2_13044695.csv
wrote /home/rander39/FastMultipole-023/MATRIX_OPERATOR_REFACTOR/data/cost_vs_n/cuda030_retune_sched6_4_4_4_4_fp16_n1000000_m13h-1-2_13044695.csv.classes.csv
=== retune ell=6 policy=sched6-4-4-4-4 tf=Float32 tensor=fp16 n=316228
sched6-4-4-4-4 dense          Float32  eo=3  LH=false n=316228   ell=6 K=898   fit=true  eval    14.277  verdict    15.483  host       NaN ms  grad_err 1.155e-03
wrote /home/rander39/FastMultipole-023/MATRIX_OPERATOR_REFACTOR/data/cost_vs_n/cuda030_retune_sched6_4_4_4_4_fp16_n316228_m13h-1-2_13044695.csv
wrote /home/rander39/FastMultipole-023/MATRIX_OPERATOR_REFACTOR/data/cost_vs_n/cuda030_retune_sched6_4_4_4_4_fp16_n316228_m13h-1-2_13044695.csv.classes.csv
=== retune ell=3 policy=sched8-6 tf=Float32 tensor=fp16 n=10000
sched8-6 dense          Float32  eo=3  LH=false n=10000    ell=3 K=994   fit=true  eval     1.476  verdict     2.038  host       NaN ms  grad_err 1.222e-03
wrote /home/rander39/FastMultipole-023/MATRIX_OPERATOR_REFACTOR/data/cost_vs_n/cuda030_retune_sched8_6_fp16_n10000_m13h-1-2_13044695.csv
wrote /home/rander39/FastMultipole-023/MATRIX_OPERATOR_REFACTOR/data/cost_vs_n/cuda030_retune_sched8_6_fp16_n10000_m13h-1-2_13044695.csv.classes.csv
=== 030 case loop complete; failed_cases=0
SWEEP_EXIT=0
