┌ Warning: FMM radius inflation (0.005897977468151848) exceeds 10× the panel radius (2.0180581352456914e-5): core_size 0.001 is large relative to the panel size, so most interactions will be evaluated directly.
└ @ FLOWPanel ~/Dropbox/research/projects/FLOWPanel.jl/src/FLOWPanel_abstractbody.jl:1202
USING SOLVED STRENGTHS (production step-472 sigma/gamma)
core size rc = 0.001; NKMISS = 2000
pair pass: 17.6 s, rms|U_gauss| = 1.7052e-01

far-mismatch relRMS beyond R (rows: R in m):
      R |       gauss     compact   linegauss
  0.001 |   8.423e+00   5.595e+00   8.586e+00
  0.002 |   9.468e-01   8.403e-03   1.321e+00
  0.003 |   7.968e-02   1.570e-03   1.054e-01
  0.004 |   1.756e-01   3.367e-03   9.480e-03
  0.005 |   2.313e-02   1.616e-04   1.553e-04
  0.006 |   3.944e-03   1.603e-04   2.353e-06
  0.007 |   1.271e-02   3.298e-04   3.519e-08
  0.008 |   4.255e-03   9.821e-05   1.088e-11
  0.009 |   1.602e-02   1.400e-03   1.936e-14
  0.010 |   1.156e-02   1.409e-03   3.145e-15
  0.011 |   1.616e-03   5.653e-05   2.965e-15
  0.012 |   3.648e-03   1.343e-04   3.471e-15
  0.013 |   2.971e-03   3.765e-05   3.033e-15
  0.014 |   1.248e-03   3.765e-05   3.031e-15
  0.015 |   1.122e-03   3.890e-04   3.047e-15
  0.016 |   5.137e-04   1.996e-05   3.178e-15
  0.017 |   1.901e-03   3.640e-04   2.962e-15
  0.018 |   1.576e-03   3.763e-04   3.779e-15
  0.019 |   1.069e-03   1.161e-05   3.152e-15
  0.020 |   1.189e-03   8.709e-05   4.098e-15
  0.025 |   6.627e-04   2.336e-05   3.551e-15
  0.030 |   1.357e-04   3.724e-06   3.578e-15
  0.035 |   1.381e-04   1.135e-06   3.575e-15
  0.040 |   3.597e-04   6.044e-05   2.994e-15
  0.045 |   2.866e-04   9.178e-07   2.508e-15
  0.050 |   3.107e-04   5.820e-07   2.364e-15
  0.055 |   1.449e-04   8.879e-08   2.300e-15
  0.060 |   1.917e-05   8.878e-08   2.329e-15
  0.065 |   3.024e-05   8.867e-08   2.252e-15
  0.070 |   2.633e-05   8.912e-08   2.250e-15
  0.075 |   2.542e-05   7.429e-07   2.291e-15
  0.080 |   2.106e-06   2.865e-07   2.050e-15
  0.085 |   1.694e-06   8.190e-08   1.957e-15
  0.090 |   2.103e-06   3.986e-07   1.918e-15
  0.095 |   1.469e-06   6.878e-08   1.839e-15
  0.100 |   1.443e-06   7.863e-08   1.787e-15
R_guard(<=3.0e-5, gauss) = 0.07 m
R_guard(<=3.0e-5, compact) = 0.045 m
R_guard(<=3.0e-5, linegauss) = 0.006 m
R_guard(<=1.0e-5, gauss) = 0.08 m
R_guard(<=1.0e-5, compact) = 0.045 m
R_guard(<=1.0e-5, linegauss) = 0.006 m
DONE
