┌ Warning: FMM radius inflation (0.005897977468151848) exceeds 10× the panel radius (2.0180581352456914e-5): core_size 0.001 is large relative to the panel size, so most interactions will be evaluated directly.
└ @ FLOWPanel ~/Dropbox/research/projects/FLOWPanel.jl/src/FLOWPanel_abstractbody.jl:1202
USING RANDOM STRENGTHS (seed 472)
core size rc = 0.001; NKMISS = 2000
pair pass: 18.0 s, rms|U_gauss| = 5.1389e-02

far-mismatch relRMS beyond R (rows: R in m):
      R |       gauss     compact   linegauss
  0.001 |   5.645e+00   4.542e+00   5.552e+00
  0.002 |   1.911e-01   2.234e-01   2.183e-01
  0.003 |   1.537e-01   2.243e-01   4.273e-02
  0.004 |   1.863e-01   1.467e-01   6.566e-04
  0.005 |   8.350e-02   4.504e-02   4.562e-05
  0.006 |   7.199e-02   4.499e-02   1.908e-06
  0.007 |   6.071e-02   3.015e-02   5.132e-09
  0.008 |   2.236e-02   2.080e-02   5.754e-12
  0.009 |   2.527e-02   1.275e-02   6.475e-14
  0.010 |   1.609e-02   5.943e-03   4.244e-14
  0.011 |   1.071e-02   2.557e-03   4.395e-14
  0.012 |   1.608e-02   4.487e-04   4.270e-14
  0.013 |   1.183e-02   4.523e-03   4.217e-14
  0.014 |   1.430e-02   4.523e-03   4.209e-14
  0.015 |   9.542e-03   3.965e-03   6.601e-14
  0.016 |   4.184e-03   1.128e-03   6.641e-14
  0.017 |   5.676e-03   8.218e-04   6.635e-14
  0.018 |   5.232e-03   8.900e-04   6.725e-14
  0.019 |   5.489e-03   7.796e-04   6.716e-14
  0.020 |   5.188e-03   1.304e-03   6.722e-14
  0.025 |   3.238e-03   8.085e-04   3.670e-14
  0.030 |   2.668e-03   3.317e-04   3.574e-14
  0.035 |   1.606e-03   4.111e-04   3.677e-14
  0.040 |   1.140e-03   2.125e-04   3.616e-14
  0.045 |   8.576e-04   2.423e-05   3.356e-14
  0.050 |   5.066e-04   2.246e-05   3.342e-14
  0.055 |   2.413e-04   1.878e-05   3.361e-14
  0.060 |   3.168e-04   1.877e-05   3.381e-14
  0.065 |   1.711e-04   1.873e-05   3.353e-14
  0.070 |   1.510e-04   1.903e-05   3.259e-14
  0.075 |   1.217e-04   1.865e-05   3.212e-14
  0.080 |   5.144e-05   8.061e-06   3.071e-14
  0.085 |   4.732e-05   7.822e-06   3.032e-14
  0.090 |   5.103e-05   7.391e-06   2.880e-14
  0.095 |   4.769e-05   7.756e-06   2.777e-14
  0.100 |   4.658e-05   8.001e-06   2.746e-14
R_guard(<=3.0e-5, gauss) = > 0.1 m (NOT REACHED)
R_guard(<=3.0e-5, compact) = 0.045 m
R_guard(<=3.0e-5, linegauss) = 0.006 m
R_guard(<=1.0e-5, gauss) = > 0.1 m (NOT REACHED)
R_guard(<=1.0e-5, compact) = 0.08 m
R_guard(<=1.0e-5, linegauss) = 0.006 m
DONE
