--- config L=0.5 ξ=0.99 h=0.0 ---
ĥ2=1.597009e-33 ẑ1=0.49499999999999988 ẑ2=-0.0050000000000002265 R̂1=0.495 R̂2=0.005
guards: small=0 endpoint=1 axis=1
norm(hvec)=5.594315e-17
M proto=0.12983778016752071  M port=0.12983778016752173  reldiff=7.910e-15
|u_p|=4.129e-19 |u_f|=4.129e-19 dv=7.084e-15
G_p = [0.0 -0.00719086 0.000165044; 0.00719086 0.0 -0.00132035; -0.000165044 0.00132035 5.33565e-21]
G_f = [0.0 -5.95481e-5 0.00740762; 5.95481e-5 -1.98314e-21 0.000476385; -0.00740762 -0.000476385 0.0]
split proto M=0.12983778016752071 D=0.12983778016752071 | port M=0.12983778016752173 D=0.12983778016752173
--- config L=1.79 ξ=-0.5 h=0.0 ---
ĥ2=1.923466e-33 ẑ1=-0.89500000000000002 ẑ2=-2.6850000000000005 R̂1=0.895 R̂2=2.685
guards: small=0 endpoint=0 axis=1
norm(hvec)=0.000000e+00
M proto=0.21107138956010743  M port=0.21107138956010771  reldiff=1.315e-15
|u_p|=7.367e-19 |u_f|=7.367e-19 dv=1.479e-15
G_p = [0.0 0.00181084 -0.000730048; -0.00181084 0.0 -0.000722906; 0.000730048 0.000722906 0.0]
G_f = [NaN NaN NaN; NaN NaN NaN; NaN NaN NaN]
--- config L=3.0 ξ=0.5 h=0.0 ---
ĥ2=1.797535e-33 ẑ1=1.5 ẑ2=-1.5000000000000004 R̂1=1.5 R̂2=1.5
guards: small=0 endpoint=0 axis=1
norm(hvec)=4.871084e-16
M proto=0.65401545947801343  M port=0.65401545947801343  reldiff=0.000e+00
|u_p|=2.207e-18 |u_f|=2.207e-18 dv=2.000e-16
G_p = [0.0 -0.00352972 0.000193755; 0.00352972 0.0 0.00696256; -0.000193755 -0.00696256 0.0]
G_f = [0.0 -0.00105643 0.000812078; 0.00105643 0.0 0.00227576; -0.000812078 -0.00227576 0.0]
