=== node: m13h-1-2
GPU 0: NVIDIA H200 (UUID: GPU-9f966cde-3e95-53a5-d8e0-8aede5368e43)
GPU 1: NVIDIA H200 (UUID: GPU-81eeb012-9fab-aee8-0d80-6b10f7d0cf89)
CUDA_HOME=/apps/cudatoolkit/12.8.1
=== nvidia-smi power/clock record
    Performance State                                  : P0
    Clocks Event Reasons
        Applications Clocks Setting                    : Not Active
    Clocks Event Reasons Counters
        Current Power Limit                            : 700.00 W
        Requested Power Limit                          : 700.00 W
        Default Power Limit                            : 700.00 W
        Min Power Limit                                : 200.00 W
        Max Power Limit                                : 700.00 W
        Current Power Limit                            : N/A
        Requested Power Limit                          : N/A
        Default Power Limit                            : N/A
        Min Power Limit                                : N/A
        Max Power Limit                                : N/A
        SM                                             : 345 MHz
        Memory                                         : 3201 MHz
    Applications Clocks
        Memory                                         : 3201 MHz
    Default Applications Clocks
        Memory                                         : 3201 MHz
        Memory                                         : N/A
        SM                                             : 1980 MHz
        Memory                                         : 3201 MHz
    Performance State                                  : P0
    Clocks Event Reasons
        Applications Clocks Setting                    : Not Active
    Clocks Event Reasons Counters
        Current Power Limit                            : 700.00 W
        Requested Power Limit                          : 700.00 W
        Default Power Limit                            : 700.00 W
        Min Power Limit                                : 200.00 W
        Max Power Limit                                : 700.00 W
        Current Power Limit                            : N/A
        Requested Power Limit                          : N/A
        Default Power Limit                            : N/A
        Min Power Limit                                : N/A
        Max Power Limit                                : N/A
        SM                                             : 345 MHz
        Memory                                         : 3201 MHz
    Applications Clocks
        Memory                                         : 3201 MHz
    Default Applications Clocks
        Memory                                         : 3201 MHz
        Memory                                         : N/A
        SM                                             : 1980 MHz
        Memory                                         : 3201 MHz
=== nvidia-smi topology (2 GPUs)
	[4mGPU0	GPU1	CPU Affinity	NUMA Affinity	GPU NUMA ID[0m
GPU0	 X 	NV18		1		N/A
GPU1	NV18	 X 		1		N/A

Legend:

  X    = Self
  SYS  = Connection traversing PCIe as well as the SMP interconnect between NUMA nodes (e.g., QPI/UPI)
  NODE = Connection traversing PCIe as well as the interconnect between PCIe Host Bridges within a NUMA node
  PHB  = Connection traversing PCIe as well as a PCIe Host Bridge (typically the CPU)
  PXB  = Connection traversing multiple PCIe bridges (without traversing the PCIe Host Bridge)
  PIX  = Connection traversing at most a single PCIe bridge
  NV#  = Connection traversing a bonded set of # NVLinks
=== source manifest
SOURCE_MANIFEST=fcc7f22730b275a6
=== CUDA.jl versioninfo
CUDA toolchain: 
- runtime 12.8.0, local installation
- driver 580.159.4 for 13.0
- compiler 12.9.41, artifact installation

CUDA libraries: 
- cuBLAS: 12.8.4
- cuSPARSE: 12.5.8
- cuSOLVER: 11.7.3
- cuFFT: 11.3.3
- cuRAND: 10.3.9
- CUPTI: 2025.1.1 (API 12.8.0)
- NVML: 13.0.0+580.159.4

Julia packages: 
- CUDACore: 6.2.1
- GPUArrays: 11.5.8
- GPUCompiler: 1.23.0
- KernelAbstractions: 0.9.42
- CUDA_Driver_jll: 13.3.0+1
- CUDA_Compiler_jll: 0.4.4+1
- CUDA_Runtime_jll: 0.23.0+1
- CUDA_Runtime_Discovery: 2.1.0
- NVPTX_LLVM_Backend_jll: 22.1.7+1

Toolchain:
- Julia: 1.11.7
- LLVM: 16.0.6

Preferences:
- CUDA_Runtime_jll.local: true

2 devices:
  0: NVIDIA H200 (sm_90, 139.797 GiB / 140.401 GiB available)
     compiles to sm_90a / PTX 8.8
  1: NVIDIA H200 (sm_90, 139.797 GiB / 140.401 GiB available)
     compiles to sm_90a / PTX 8.8
=== test/cuda_radix_graph_test.jl (single-GPU graph machinery)
Test Summary:                                             | Pass  Total     Time
cached-window + graph lifecycle parity (task 029 cycle 1) |  112    112  1m16.6s
Test Summary:                                           | Pass  Total  Time
tensor16 parity under cached windows (task 029 cycle 1) |    4      4  2.3s
Test Summary:                                   | Pass  Total  Time
occupancy-epoch invalidation (task 029 cycle 1) |    8      8  1.6s
Test Summary:                                                  | Pass  Total  Time
transfer counters flat across graphed steps (task 029 cycle 1) |    6      6  0.4s
Test Summary:                                            | Pass  Total  Time
profile_stages fallback under caching (task 029 cycle 1) |    5      5  0.4s
GRAPH_TEST_EXIT=0
=== test/cuda_radix_twogpu_test.jl (P2 distributed gates)

======================================================================================
Information request received. A stacktrace will print followed by a 1.0 second profile
======================================================================================

cmd: /vapps/rhel9/x86_64/spack/root/opt/spack/linux-rhel9-haswell/gcc-13.2.0/julia-1.11.7-6bmogflhr2w6mi2zerinukr2gpnpr2rs/juliaup/julia-1.11.7+0.x64.linux.gnu/bin/julia 1841927 running 9 of 9

signal (10): User defined signal 1
jl_lookup_generic_ at /cache/build/builder-demeter6-3/julialang/julia-release-1-dot-11/src/gf.c:3029 [inlined]
ijl_apply_generic at /cache/build/builder-demeter6-3/julialang/julia-release-1-dot-11/src/gf.c:3123
check_empty at /cache/build/builder-demeter6-3/julialang/julia-release-1-dot-11/src/scheduler.c:388 [inlined]
ijl_task_get_next at /cache/build/builder-demeter6-3/julialang/julia-release-1-dot-11/src/scheduler.c:444
poptask at ./task.jl:1012
wait at ./task.jl:1021
#wait#733 at ./condition.jl:130
wait at ./condition.jl:125 [inlined]
take! at /home/rander39/.julia/packages/CUDACore/NlVPI/lib/cudadrv/synchronization.jl:53
synchronization_worker at /home/rander39/.julia/packages/CUDACore/NlVPI/lib/cudadrv/synchronization.jl:119
jfptr_synchronization_worker_13506 at /home/rander39/.julia/compiled/v1.11/CUDACore/mcKyc_B34Uo.so (unknown line)
jlcapi_synchronization_worker_13533 at /home/rander39/.julia/compiled/v1.11/CUDACore/mcKyc_B34Uo.so (unknown line)
start_thread at /usr/lib64/libc.so.6 (unknown line)
__GI___clone3 at /usr/lib64/libc.so.6 (unknown line)
unknown function (ip: (nil))
__futex_abstimed_wait_common at /usr/lib64/libc.so.6 (unknown line)
pthread_cond_wait at /usr/lib64/libc.so.6 (unknown line)
uv_cond_wait at /workspace/srcdir/libuv/src/unix/thread.c:822
jl_parallel_gc_threadfun at /cache/build/builder-demeter6-3/julialang/julia-release-1-dot-11/src/scheduler.c:148
start_thread at /usr/lib64/libc.so.6 (unknown line)
__GI___clone3 at /usr/lib64/libc.so.6 (unknown line)
unknown function (ip: (nil))
__futex_abstimed_wait_common at /usr/lib64/libc.so.6 (unknown line)
pthread_cond_wait at /usr/lib64/libc.so.6 (unknown line)
uv_cond_wait at /workspace/srcdir/libuv/src/unix/thread.c:822
jl_parallel_gc_threadfun at /cache/build/builder-demeter6-3/julialang/julia-release-1-dot-11/src/scheduler.c:148
start_thread at /usr/lib64/libc.so.6 (unknown line)
__GI___clone3 at /usr/lib64/libc.so.6 (unknown line)
unknown function (ip: (nil))
trylock at ./locks-mt.jl:53 [inlined]
multiq_deletemin at ./partr.jl:150
trypoptask at ./task.jl:1004
jfptr_trypoptask_66757.1 at /vapps/rhel9/x86_64/spack/root/opt/spack/linux-rhel9-haswell/gcc-13.2.0/julia-1.11.7-6bmogflhr2w6mi2zerinukr2gpnpr2rs/juliaup/julia-1.11.7+0.x64.linux.gnu/lib/julia/sys.so (unknown line)
get_next_task at /cache/build/builder-demeter6-3/julialang/julia-release-1-dot-11/src/scheduler.c:377 [inlined]
ijl_task_get_next at /cache/build/builder-demeter6-3/julialang/julia-release-1-dot-11/src/scheduler.c:438
poptask at ./task.jl:1012
wait at ./task.jl:1021
task_done_hook at ./task.jl:694
jfptr_task_done_hook_66680.1 at /vapps/rhel9/x86_64/spack/root/opt/spack/linux-rhel9-haswell/gcc-13.2.0/julia-1.11.7-6bmogflhr2w6mi2zerinukr2gpnpr2rs/juliaup/julia-1.11.7+0.x64.linux.gnu/lib/julia/sys.so (unknown line)
jl_apply at /cache/build/builder-demeter6-3/julialang/julia-release-1-dot-11/src/julia.h:2157 [inlined]
jl_finish_task at /cache/build/builder-demeter6-3/julialang/julia-release-1-dot-11/src/task.c:319
jl_threadfun at /cache/build/builder-demeter6-3/julialang/julia-release-1-dot-11/src/scheduler.c:208
start_thread at /usr/lib64/libc.so.6 (unknown line)
__GI___clone3 at /usr/lib64/libc.so.6 (unknown line)
unknown function (ip: (nil))
ijl_get_pgcstack at /cache/build/builder-demeter6-3/julialang/julia-release-1-dot-11/src/threading.c:297
get_next_task at /cache/build/builder-demeter6-3/julialang/julia-release-1-dot-11/src/scheduler.c:377 [inlined]
ijl_task_get_next at /cache/build/builder-demeter6-3/julialang/julia-release-1-dot-11/src/scheduler.c:438
poptask at ./task.jl:1012
wait at ./task.jl:1021
task_done_hook at ./task.jl:694
jfptr_task_done_hook_66680.1 at /vapps/rhel9/x86_64/spack/root/opt/spack/linux-rhel9-haswell/gcc-13.2.0/julia-1.11.7-6bmogflhr2w6mi2zerinukr2gpnpr2rs/juliaup/julia-1.11.7+0.x64.linux.gnu/lib/julia/sys.so (unknown line)
jl_apply at /cache/build/builder-demeter6-3/julialang/julia-release-1-dot-11/src/julia.h:2157 [inlined]
jl_finish_task at /cache/build/builder-demeter6-3/julialang/julia-release-1-dot-11/src/task.c:319
jl_threadfun at /cache/build/builder-demeter6-3/julialang/julia-release-1-dot-11/src/scheduler.c:208
start_thread at /usr/lib64/libc.so.6 (unknown line)
__GI___clone3 at /usr/lib64/libc.so.6 (unknown line)
unknown function (ip: (nil))
ijl_gc_safepoint at /cache/build/builder-demeter6-3/julialang/julia-release-1-dot-11/src/jlapi.c:740
get_next_task at /cache/build/builder-demeter6-3/julialang/julia-release-1-dot-11/src/scheduler.c:376 [inlined]
ijl_task_get_next at /cache/build/builder-demeter6-3/julialang/julia-release-1-dot-11/src/scheduler.c:438
poptask at ./task.jl:1012
wait at ./task.jl:1021
task_done_hook at ./task.jl:694
jfptr_task_done_hook_66680.1 at /vapps/rhel9/x86_64/spack/root/opt/spack/linux-rhel9-haswell/gcc-13.2.0/julia-1.11.7-6bmogflhr2w6mi2zerinukr2gpnpr2rs/juliaup/julia-1.11.7+0.x64.linux.gnu/lib/julia/sys.so (unknown line)
jl_apply at /cache/build/builder-demeter6-3/julialang/julia-release-1-dot-11/src/julia.h:2157 [inlined]
jl_finish_task at /cache/build/builder-demeter6-3/julialang/julia-release-1-dot-11/src/task.c:319
start_task at /cache/build/builder-demeter6-3/julialang/julia-release-1-dot-11/src/task.c:1213
unknown function (ip: (nil))
swapproperty! at ./Base.jl:82 [inlined]
unlock at ./locks-mt.jl:65 [inlined]
multiq_deletemin at ./partr.jl:174
trypoptask at ./task.jl:1004
poptask at ./task.jl:1010
wait at ./task.jl:1021
yield at ./task.jl:902
p2_barrier_wait! at /home/rander39/FastMultipole-023/MATRIX_OPERATOR_REFACTOR/scripts/fm029_p2_common.jl:57
#p2_worker_step!#12 at /home/rander39/FastMultipole-023/MATRIX_OPERATOR_REFACTOR/scripts/fm029_p2_common.jl:369
p2_worker_step! at /home/rander39/FastMultipole-023/MATRIX_OPERATOR_REFACTOR/scripts/fm029_p2_common.jl:354 [inlined]
#14 at /home/rander39/FastMultipole-023/MATRIX_OPERATOR_REFACTOR/scripts/fm029_p2_common.jl:407
unknown function (ip: 0x7fa68d58ec4f)
jl_apply at /cache/build/builder-demeter6-3/julialang/julia-release-1-dot-11/src/julia.h:2157 [inlined]
start_task at /cache/build/builder-demeter6-3/julialang/julia-release-1-dot-11/src/task.c:1202
unknown function (ip: (nil))
__futex_abstimed_wait_common at /usr/lib64/libc.so.6 (unknown line)
pthread_cond_wait at /usr/lib64/libc.so.6 (unknown line)
uv_cond_wait at /workspace/srcdir/libuv/src/unix/thread.c:822
ijl_task_get_next at /cache/build/builder-demeter6-3/julialang/julia-release-1-dot-11/src/scheduler.c:584
poptask at ./task.jl:1012
wait at ./task.jl:1021
task_done_hook at ./task.jl:694
jfptr_task_done_hook_66680.1 at /vapps/rhel9/x86_64/spack/root/opt/spack/linux-rhel9-haswell/gcc-13.2.0/julia-1.11.7-6bmogflhr2w6mi2zerinukr2gpnpr2rs/juliaup/julia-1.11.7+0.x64.linux.gnu/lib/julia/sys.so (unknown line)
jl_apply at /cache/build/builder-demeter6-3/julialang/julia-release-1-dot-11/src/julia.h:2157 [inlined]
jl_finish_task at /cache/build/builder-demeter6-3/julialang/julia-release-1-dot-11/src/task.c:319
start_task at /cache/build/builder-demeter6-3/julialang/julia-release-1-dot-11/src/task.c:1213
unknown function (ip: (nil))
swapproperty! at ./Base.jl:82 [inlined]
trylock at ./locks-mt.jl:55 [inlined]
multiq_deletemin at ./partr.jl:150
trypoptask at ./task.jl:1004
jfptr_trypoptask_66757.1 at /vapps/rhel9/x86_64/spack/root/opt/spack/linux-rhel9-haswell/gcc-13.2.0/julia-1.11.7-6bmogflhr2w6mi2zerinukr2gpnpr2rs/juliaup/julia-1.11.7+0.x64.linux.gnu/lib/julia/sys.so (unknown line)
get_next_task at /cache/build/builder-demeter6-3/julialang/julia-release-1-dot-11/src/scheduler.c:377 [inlined]
ijl_task_get_next at /cache/build/builder-demeter6-3/julialang/julia-release-1-dot-11/src/scheduler.c:438
poptask at ./task.jl:1012
wait at ./task.jl:1021
#wait#733 at ./condition.jl:130
wait at ./condition.jl:125 [inlined]
_wait at ./task.jl:328
sync_end at ./task.jl:425
macro expansion at ./task.jl:499 [inlined]
#p2_step_pair!#13 at /home/rander39/FastMultipole-023/MATRIX_OPERATOR_REFACTOR/scripts/fm029_p2_common.jl:406
p2_step_pair! at /home/rander39/FastMultipole-023/MATRIX_OPERATOR_REFACTOR/scripts/fm029_p2_common.jl:403
unknown function (ip: 0x7fa68d58d2ce)
jl_apply at /cache/build/builder-demeter6-3/julialang/julia-release-1-dot-11/src/julia.h:2157 [inlined]
do_call at /cache/build/builder-demeter6-3/julialang/julia-release-1-dot-11/src/interpreter.c:126
eval_value at /cache/build/builder-demeter6-3/julialang/julia-release-1-dot-11/src/interpreter.c:223
eval_stmt_value at /cache/build/builder-demeter6-3/julialang/julia-release-1-dot-11/src/interpreter.c:174 [inlined]
eval_body at /cache/build/builder-demeter6-3/julialang/julia-release-1-dot-11/src/interpreter.c:666
eval_body at /cache/build/builder-demeter6-3/julialang/julia-release-1-dot-11/src/interpreter.c:539
eval_body at /cache/build/builder-demeter6-3/julialang/julia-release-1-dot-11/src/interpreter.c:539
eval_body at /cache/build/builder-demeter6-3/julialang/julia-release-1-dot-11/src/interpreter.c:539
eval_body at /cache/build/builder-demeter6-3/julialang/julia-release-1-dot-11/src/interpreter.c:539
jl_interpret_toplevel_thunk at /cache/build/builder-demeter6-3/julialang/julia-release-1-dot-11/src/interpreter.c:824
jl_toplevel_eval_flex at /cache/build/builder-demeter6-3/julialang/julia-release-1-dot-11/src/toplevel.c:943
jl_toplevel_eval_flex at /cache/build/builder-demeter6-3/julialang/julia-release-1-dot-11/src/toplevel.c:886
ijl_toplevel_eval_in at /cache/build/builder-demeter6-3/julialang/julia-release-1-dot-11/src/toplevel.c:994
eval at ./boot.jl:430 [inlined]
include_string at ./loading.jl:2734
_include at ./loading.jl:2794
include at ./Base.jl:562
jfptr_include_46986.1 at /vapps/rhel9/x86_64/spack/root/opt/spack/linux-rhel9-haswell/gcc-13.2.0/julia-1.11.7-6bmogflhr2w6mi2zerinukr2gpnpr2rs/juliaup/julia-1.11.7+0.x64.linux.gnu/lib/julia/sys.so (unknown line)
exec_options at ./client.jl:323
_start at ./client.jl:531
jfptr__start_73684.1 at /vapps/rhel9/x86_64/spack/root/opt/spack/linux-rhel9-haswell/gcc-13.2.0/julia-1.11.7-6bmogflhr2w6mi2zerinukr2gpnpr2rs/juliaup/julia-1.11.7+0.x64.linux.gnu/lib/julia/sys.so (unknown line)
jl_apply at /cache/build/builder-demeter6-3/julialang/julia-release-1-dot-11/src/julia.h:2157 [inlined]
true_main at /cache/build/builder-demeter6-3/julialang/julia-release-1-dot-11/src/jlapi.c:900
jl_repl_entrypoint at /cache/build/builder-demeter6-3/julialang/julia-release-1-dot-11/src/jlapi.c:1059
main at julia (unknown line)
__libc_start_call_main at /usr/lib64/libc.so.6 (unknown line)
__libc_start_main at /usr/lib64/libc.so.6 (unknown line)
unknown function (ip: 0x4010b8)
unknown function (ip: (nil))

==============================================================
Profile collected. A report will print at the next yield point
==============================================================

slurmstepd: error: *** JOB 13061054 ON m13h-1-2 CANCELLED AT 2026-08-06T14:31:43 DUE TO TIME LIMIT ***
