=== node: m13h-2-2
GPU 0: NVIDIA H200 (UUID: GPU-b27350b7-628d-2b61-66f9-d5b8f1f0107a)
=== preflight 1: FastMultipole CUDA interface tests (032 surface) ===
Precompiling FastMultipole...
   5579.9 ms  ✓ FastMultipole
  1 dependency successfully precompiled in 7 seconds. 20 already precompiled.
Test Summary:                           | Pass  Total     Time
CUDA device-system interface (task 032) | 1333   1333  2m15.4s
=== preflight 1b: FastMultipole CUDA lifecycle tests (scalar B2M parity) ===
Test Summary:                        | Pass  Total     Time
CUDA radix lifecycle gate (task 022) |  227    227  1m51.8s
Test Summary:                                                  | Pass  Total  Time
ConcatenatedFixedZM2L host parity (task 022 throughput repair) |   37     37  7.0s
=== preflight 2: host device-system interface tests (032a shipped defaults) ===
Test Summary:                              | Pass  Total   Time
device-system interface stage 1 (task 032) |  930    930  32.8s
Test Summary:                                  | Pass  Total  Time
direct-kernel functor trait stage 2 (task 032) |   22     22  6.0s
Test Summary:                             | Pass  Total  Time
partitioned nearfield stage A (task 032a) |  827    827  4.7s
Test Summary:                          | Pass  Total  Time
two-pass nearfield stage B (task 032a) | 1248   1248  6.6s
Test Summary:                                   | Pass  Total  Time
stage 3 (task 032): recenter!, deprecated hooks |   21     21  1.3s
Test Summary:                                    |  Pass  Total  Time
binned nearfield pair stream stage C (task 032a) | 32367  32367  3.2s
Test Summary:                                                   | Pass  Total  Time
shipped nearfield defaults (task 032a Checkpoint D, 2026-08-07) |    9      9  0.2s
=== preflight 3: CUDA nearfield-binning tests (032a mechanism defaults) ===
Test Summary:                                         | Pass  Total     Time
CUDA binned nearfield pair stream (task 032a stage C) |  307    307  3m22.3s
=== preflight 4: FLOWVPM radix coupling tests (Part A + Part B) ===
Precompiling FLOWVPM...
   6198.9 ms  ✓ FLOWVPM
  1 dependency successfully precompiled in 14 seconds. 120 already precompiled.
┌ Info: host radix coupling [cube n=4000]
│   err.u_rel_rms = 0.0007084272629770571
└   err.j_rel_rms = 0.0031163609314753993
┌ Info: host radix coupling [wake n=1500]
│   err.u_rel_rms = 0.00018513708554535114
└   err.j_rel_rms = 0.0007817860811119106
┌ Info: 035 settings [partitioned + concat]
│   err.u_rel_rms = 0.000185137085545352
└   err.j_rel_rms = 0.0007817860811119087
┌ Info: 035 settings [partitioned + precomputed_y]
│   err.u_rel_rms = 0.0001851370855453525
└   err.j_rel_rms = 0.0007817860811119097
┌ Info: 035 settings [regularized + dense]
│   err.u_rel_rms = 1.6997073097411177e-5
└   err.j_rel_rms = 9.026834805259258e-5
┌ Info: rectangular host radix coupling [wake n=1500]
│   err.u_rel_rms = 0.00017406967747834835
└   err.j_rel_rms = 0.0007536178444580654
Precompiling FLOWVPMCUDAExt...
   7687.5 ms  ✓ FLOWVPM → FLOWVPMCUDAExt
  1 dependency successfully precompiled in 14 seconds. 189 already precompiled.
┌ Info: device radix FMM [cube n=20000 Float64]
│   err.u_rel_rms = 0.0006882809084157035
└   err.j_rel_rms = 0.003793450150099393
┌ Info: device radix FMM [cube n=20000 Float64] steady-state device alloc (bytes)
└   alloc = 384
┌ Info: device radix FMM [cube n=20000 Float64] warm U/J solve wall time (s), sanity only
└   t_solve = 0.005868099
┌ Info: device radix FMM [wake n=20000 Float64]
│   err.u_rel_rms = 0.00037048341010130243
└   err.j_rel_rms = 0.00207761872780063
┌ Info: device radix FMM [wake n=20000 Float64] steady-state device alloc (bytes)
└   alloc = 400
┌ Info: device radix FMM [wake n=20000 Float64] warm U/J solve wall time (s), sanity only
└   t_solve = 0.005002848
┌ Info: device radix FMM [cube n=20000 Float32]
│   err.u_rel_rms = 0.0006882722833179846
└   err.j_rel_rms = 0.003793419726440309
┌ Info: device radix FMM [cube n=20000 Float32] steady-state device alloc (bytes)
└   alloc = 272
┌ Info: device radix FMM [cube n=20000 Float32] warm U/J solve wall time (s), sanity only
└   t_solve = 0.003423376
┌ Info: device radix FMM [wake n=20000 Float32]
│   err.u_rel_rms = 0.00037049130764781757
└   err.j_rel_rms = 0.002077605665154433
┌ Info: device radix FMM [wake n=20000 Float32] steady-state device alloc (bytes)
└   alloc = 288
┌ Info: device radix FMM [wake n=20000 Float32] warm U/J solve wall time (s), sanity only
└   t_solve = 0.003119592
┌ Info: device radix FMM dynamic run (wake n=2000, 5 RK3 steps)
│   pos_err = 5.411300066197888e-8
│   err.u_rel_rms = 0.00020515435910281848
└   err.j_rel_rms = 0.0008654845044895898
Test Summary:                               | Pass  Total   Time
radix FMM coupling (host path) vs UJ_direct |   12     12  24.6s
Test Summary:                                            | Pass  Total  Time
radix FMM coupling: task-035 tuning settings (host path) |   23     23  8.8s
Test Summary:                          | Pass  Total  Time
radix FMM coupling: automatic recenter |    2      2  1.6s
Test Summary:                                                | Pass  Total  Time
radix FMM coupling: rectangular bounds (task 037, host path) |   30     30  2.1s
Test Summary:                                        | Pass  Total  Time
radix FMM coupling: automatic recenter (rectangular) |    5      5  0.7s
Test Summary:                                       | Pass  Total  Time
radix FMM coupling: loud unsupported configurations |    4      4  0.8s
Test Summary:                                   | Pass  Total     Time
device-resident radix FMM: static U/J vs direct |   36     36  1m20.5s
Test Summary:                                         | Pass  Total  Time
device-resident radix FMM: multi-step RK3 dynamic run |    4      4  5.2s
=== 033 reference integrity ===
direct_reference_cube_n1000.csv: OK
direct_reference_cube_n3162.csv: OK
direct_reference_cube_n10000.csv: OK
direct_reference_cube_n31623.csv: OK
direct_reference_cube_n100000.csv: OK
direct_reference_cube_n316228.csv: OK
direct_reference_cube_n1000000.csv: OK
direct_reference_wake_n1000.csv: OK
direct_reference_wake_n3162.csv: OK
direct_reference_wake_n10000.csv: OK
direct_reference_wake_n31623.csv: OK
direct_reference_wake_n100000.csv: OK
direct_reference_wake_n316228.csv: OK
direct_reference_wake_n1000000.csv: OK
=== 033 refcheck at shipped coupling defaults ===
=== 034 reference comparison: device-resident radix FMM vs 033 checksummed sampled-direct references
mode: DEVICE (CuArray-resident)
cases: cube, wake  n: 10000, 100000  gate: Float64 u_rel_rms <= 0.001
[cube n=10000] built (n_actual=10000, 0.1s); reference direct_reference_cube_n10000.csv samples=10000 sha256=6f94bc0b3e7507e39bca95eec46667fe8cdb1fa24edf2f83057b6169460b9f78
[cube n=10000 Float64] u_rel_rms=0.0005541713643458677 u_abs_rms=2.1761681720027746e-6 u_max_err=7.648723968641052e-6 j_rel_rms=0.0028202334812779707 warm_solve_s=0.019900813
[cube n=10000 Float32] u_rel_rms=0.0005541601518926061 u_abs_rms=2.1761241419689477e-6 u_max_err=7.648581488746752e-6 j_rel_rms=0.0028202243292756173 warm_solve_s=0.06682668
[cube n=100000] built (n_actual=100000, 0.0s); reference direct_reference_cube_n100000.csv samples=512 sha256=82fe79cd3e2ae3078da9ab28ec386973ecd67d5f0fa353b245c1c6ba68bb4cbb
[cube n=100000 Float64] u_rel_rms=0.0006805945242299199 u_abs_rms=1.4352734270968922e-6 u_max_err=4.054048338941049e-6 j_rel_rms=0.0038824019153054176 warm_solve_s=0.023595411
[cube n=100000 Float32] u_rel_rms=0.000680613986691134 u_abs_rms=1.4353144705558273e-6 u_max_err=4.0545631280517785e-6 j_rel_rms=0.003882396669943659 warm_solve_s=0.013867399
[wake n=10000] built (n_actual=10000, 0.0s); reference direct_reference_wake_n10000.csv samples=10000 sha256=d1923057915d19c8c7f4cd0a1b33a0a53b484a551253e3eacaf12439b4011ed0
[wake n=10000 Float64] u_rel_rms=0.00034484068581541554 u_abs_rms=9.382519766339868e-6 u_max_err=4.003220319779121e-5 j_rel_rms=0.0017907259395389052 warm_solve_s=0.004468081
[wake n=10000 Float32] u_rel_rms=0.00034479767759332914 u_abs_rms=9.381349586861523e-6 u_max_err=4.003007620743296e-5 j_rel_rms=0.0017907020755409803 warm_solve_s=0.003846999
[wake n=100000] built (n_actual=100000, 0.0s); reference direct_reference_wake_n100000.csv samples=512 sha256=3dd3f918317fa51fe684b1d6439baa27369a491638098a52c8086451ac8a2951
[wake n=100000 Float64] u_rel_rms=0.00032992065090426407 u_abs_rms=1.027667184431311e-5 u_max_err=5.359230471330502e-5 j_rel_rms=0.0024547827773391266 warm_solve_s=0.017540558
[wake n=100000 Float32] u_rel_rms=0.00032988533155690154 u_abs_rms=1.0275571684800193e-5 u_max_err=5.359298576816606e-5 j_rel_rms=0.002454771777874987 warm_solve_s=0.010834743

case,n,precision,u_rel_rms,u_abs_rms,u_max_err,j_rel_rms,warm_solve_s
cube,10000,Float64,0.0005541713643458677,2.1761681720027746e-6,7.648723968641052e-6,0.0028202334812779707,0.019900813
cube,10000,Float32,0.0005541601518926061,2.1761241419689477e-6,7.648581488746752e-6,0.0028202243292756173,0.06682668
cube,100000,Float64,0.0006805945242299199,1.4352734270968922e-6,4.054048338941049e-6,0.0038824019153054176,0.023595411
cube,100000,Float32,0.000680613986691134,1.4353144705558273e-6,4.0545631280517785e-6,0.003882396669943659,0.013867399
wake,10000,Float64,0.00034484068581541554,9.382519766339868e-6,4.003220319779121e-5,0.0017907259395389052,0.004468081
wake,10000,Float32,0.00034479767759332914,9.381349586861523e-6,4.003007620743296e-5,0.0017907020755409803,0.003846999
wake,100000,Float64,0.00032992065090426407,1.027667184431311e-5,5.359230471330502e-5,0.0024547827773391266,0.017540558
wake,100000,Float32,0.00032988533155690154,1.0275571684800193e-5,5.359298576816606e-5,0.002454771777874987,0.010834743

034 reference-comparison gate PASSED (all Float64 u_rel_rms <= 0.001)
=== 035 tuning sweep ===
=== 035 GPU tuning sweep: 6 configs (0 already done), reps=15, out=/home/rander39/FastMultipole-034/MATRIX_OPERATOR_REFACTOR/data/flowvpm_gpu_campaign/fm037a_aabb.csv
node=m13h-2-2 gpu=NVIDIA H200 julia=1.11.7 cuda=12.8.0
[build] wake n=100000 (1.0s), reference direct_reference_wake_n100000.csv ok
[ok] 037a_aabb_w5_base: uj=7.633 ms (refresh=0.333 eval=7.157 finalize=0.057) u=3.2745e-04 gate=true J=2.4537e-03
[ok] 037a_aabb_w5_control: uj=10.948 ms (refresh=0.316 eval=10.482 finalize=0.058) u=8.0714e-04 gate=true J=5.1141e-03
[ok] 037a_aabb_w5_pruned: uj=10.637 ms (refresh=0.314 eval=10.139 finalize=0.054) u=8.0714e-04 gate=true J=5.1141e-03
[build] wake n=1000000 (0.3s), reference direct_reference_wake_n1000000.csv ok
[ok] 037a_aabb_w6_base: uj=83.306 ms (refresh=1.008 eval=81.385 finalize=0.562) u=2.9652e-04 gate=true J=2.8704e-03
[ok] 037a_aabb_w6_control: uj=99.987 ms (refresh=1.016 eval=98.061 finalize=0.561) u=6.7321e-04 gate=true J=5.2247e-03
[ok] 037a_aabb_w6_pruned: uj=87.12 ms (refresh=0.992 eval=85.224 finalize=0.561) u=6.7322e-04 gate=true J=5.2247e-03
035 sweep complete
fm035 job complete
