=== node: m13h-1-1
GPU 0: NVIDIA H200 (UUID: GPU-f5e4f9ac-61a3-33d2-e450-52ce58f47cc7)
=== preflight 1: FastMultipole CUDA interface tests ===
Precompiling FastMultipole...
   5486.6 ms  ✓ FastMultipole
  1 dependency successfully precompiled in 7 seconds. 20 already precompiled.
Test Summary:                           | Pass  Total     Time
CUDA device-system interface (task 032) | 1333   1333  2m21.1s
=== preflight 1b: FastMultipole CUDA lifecycle tests ===
Test Summary:                        | Pass  Total     Time
CUDA radix lifecycle gate (task 022) |  227    227  1m56.3s
Test Summary:                                                  | Pass  Total  Time
ConcatenatedFixedZM2L host parity (task 022 throughput repair) |   37     37  7.5s
=== preflight 2: host device-system interface tests (incl. 037f modes) ===
Test Summary:                              | Pass  Total   Time
device-system interface stage 1 (task 032) |  930    930  33.7s
Test Summary:                                  | Pass  Total  Time
direct-kernel functor trait stage 2 (task 032) |   22     22  6.1s
Test Summary:                             | Pass  Total  Time
partitioned nearfield stage A (task 032a) |  827    827  5.1s
Test Summary:                          | Pass  Total  Time
two-pass nearfield stage B (task 032a) | 1248   1248  6.9s
Test Summary:                                   | Pass  Total  Time
stage 3 (task 032): recenter!, deprecated hooks |   21     21  1.3s
Test Summary:                                    |  Pass  Total  Time
binned nearfield pair stream stage C (task 032a) | 32367  32367  3.3s
Test Summary:                   | Pass  Total  Time
cheapened g/h modes (task 037f) |  839    839  1.1s
Test Summary:                                                   | Pass  Total  Time
shipped nearfield defaults (task 032a Checkpoint D, 2026-08-07) |    9      9  0.2s
=== preflight 3: CUDA nearfield-binning tests (incl. 037e + 037f CUDA testsets) ===
Test Summary:                   | Pass  Total  Time
037e pair-AABB predicate (host) | 8362   8362  0.4s
Test Summary:                                         | Pass  Total     Time
CUDA binned nearfield pair stream (task 032a stage C) |  358    358  3m47.3s
Test Summary:                        | Pass  Total   Time
CUDA cheapened g/h modes (task 037f) |  117    117  21.8s
=== preflight 4: FLOWVPM radix coupling tests ===
┌ Info: host radix coupling [cube n=4000]
│   err.u_rel_rms = 0.0007084272629770571
└   err.j_rel_rms = 0.0031163609314753993
┌ Info: host radix coupling [wake n=1500]
│   err.u_rel_rms = 0.00018513708554535114
└   err.j_rel_rms = 0.0007817860811119106
┌ Info: 035 settings [partitioned + concat]
│   err.u_rel_rms = 0.000185137085545352
└   err.j_rel_rms = 0.0007817860811119087
┌ Info: 035 settings [partitioned + precomputed_y]
│   err.u_rel_rms = 0.0001851370855453525
└   err.j_rel_rms = 0.0007817860811119097
┌ Info: 035 settings [regularized + dense]
│   err.u_rel_rms = 1.6997073097411177e-5
└   err.j_rel_rms = 9.026834805259258e-5
┌ Info: rectangular host radix coupling [wake n=1500]
│   err.u_rel_rms = 0.00017406967747834835
└   err.j_rel_rms = 0.0007536178444580654
┌ Info: device radix FMM [cube n=20000 Float64]
│   err.u_rel_rms = 0.0006882809084157046
└   err.j_rel_rms = 0.0037934501500993915
┌ Info: device radix FMM [cube n=20000 Float64] steady-state device alloc (bytes)
└   alloc = 384
┌ Info: device radix FMM [cube n=20000 Float64] warm U/J solve wall time (s), sanity only
└   t_solve = 0.005982165
┌ Info: device radix FMM [wake n=20000 Float64]
│   err.u_rel_rms = 0.00037048341010130205
└   err.j_rel_rms = 0.0020776187278006273
┌ Info: device radix FMM [wake n=20000 Float64] steady-state device alloc (bytes)
└   alloc = 400
┌ Info: device radix FMM [wake n=20000 Float64] warm U/J solve wall time (s), sanity only
└   t_solve = 0.004824636
┌ Info: device radix FMM [cube n=20000 Float32]
│   err.u_rel_rms = 0.0006882704004666055
└   err.j_rel_rms = 0.003793419743567674
┌ Info: device radix FMM [cube n=20000 Float32] steady-state device alloc (bytes)
└   alloc = 272
┌ Info: device radix FMM [cube n=20000 Float32] warm U/J solve wall time (s), sanity only
└   t_solve = 0.003421349
┌ Info: device radix FMM [wake n=20000 Float32]
│   err.u_rel_rms = 0.00037049077511865954
└   err.j_rel_rms = 0.0020776055840345904
┌ Info: device radix FMM [wake n=20000 Float32] steady-state device alloc (bytes)
└   alloc = 288
┌ Info: device radix FMM [wake n=20000 Float32] warm U/J solve wall time (s), sanity only
└   t_solve = 0.003172714
┌ Info: device radix FMM dynamic run (wake n=2000, 5 RK3 steps)
│   pos_err = 5.411300066197888e-8
│   err.u_rel_rms = 0.00020515435910281967
└   err.j_rel_rms = 0.0008654845044895923
Test Summary:                               | Pass  Total   Time
radix FMM coupling (host path) vs UJ_direct |   12     12  25.9s
Test Summary:                                            | Pass  Total  Time
radix FMM coupling: task-035 tuning settings (host path) |   23     23  9.3s
Test Summary:                          | Pass  Total  Time
radix FMM coupling: automatic recenter |    2      2  1.6s
Test Summary:                                                | Pass  Total  Time
radix FMM coupling: rectangular bounds (task 037, host path) |   30     30  2.2s
Test Summary:                                        | Pass  Total  Time
radix FMM coupling: automatic recenter (rectangular) |    5      5  0.7s
Test Summary:                                       | Pass  Total  Time
radix FMM coupling: loud unsupported configurations |    4      4  0.8s
Test Summary:                                   | Pass  Total     Time
device-resident radix FMM: static U/J vs direct |   36     36  1m24.8s
Test Summary:                                         | Pass  Total  Time
device-resident radix FMM: multi-step RK3 dynamic run |    4      4  5.4s
=== 033 reference integrity ===
direct_reference_cube_n1000.csv: OK
direct_reference_cube_n3162.csv: OK
direct_reference_cube_n10000.csv: OK
direct_reference_cube_n31623.csv: OK
direct_reference_cube_n100000.csv: OK
direct_reference_cube_n316228.csv: OK
direct_reference_cube_n1000000.csv: OK
direct_reference_wake_n1000.csv: OK
direct_reference_wake_n3162.csv: OK
direct_reference_wake_n10000.csv: OK
direct_reference_wake_n31623.csv: OK
direct_reference_wake_n100000.csv: OK
direct_reference_wake_n316228.csv: OK
direct_reference_wake_n1000000.csv: OK
direct_reference_rotor_n100000.csv: OK
direct_reference_rotor_n1000000.csv: OK
direct_reference_rotor_n10000.csv: OK
=== 033 refcheck at shipped coupling defaults ===
=== 034 reference comparison: device-resident radix FMM vs 033 checksummed sampled-direct references
mode: DEVICE (CuArray-resident)
cases: cube, wake  n: 10000, 100000  gate: Float64 u_rel_rms <= 0.001
[cube n=10000] built (n_actual=10000, 0.1s); reference direct_reference_cube_n10000.csv samples=10000 sha256=6f94bc0b3e7507e39bca95eec46667fe8cdb1fa24edf2f83057b6169460b9f78
[cube n=10000 Float64] u_rel_rms=0.0005541713643458676 u_abs_rms=2.1761681720027742e-6 u_max_err=7.648723968640644e-6 j_rel_rms=0.0028202334812779677 warm_solve_s=0.020578317
[cube n=10000 Float32] u_rel_rms=0.0005541623140197657 u_abs_rms=2.1761326323973804e-6 u_max_err=7.648357892442406e-6 j_rel_rms=0.0028202242734750526 warm_solve_s=0.057118318
[cube n=100000] built (n_actual=100000, 0.0s); reference direct_reference_cube_n100000.csv samples=512 sha256=82fe79cd3e2ae3078da9ab28ec386973ecd67d5f0fa353b245c1c6ba68bb4cbb
[cube n=100000 Float64] u_rel_rms=0.0006805945242299113 u_abs_rms=1.435273427096874e-6 u_max_err=4.054048338941149e-6 j_rel_rms=0.0038824019153054223 warm_solve_s=0.02566386
[cube n=100000 Float32] u_rel_rms=0.000680597831252013 u_abs_rms=1.435280401118522e-6 u_max_err=4.054744451926062e-6 j_rel_rms=0.0038823928874465253 warm_solve_s=0.014087083
[wake n=10000] built (n_actual=10000, 0.0s); reference direct_reference_wake_n10000.csv samples=10000 sha256=d1923057915d19c8c7f4cd0a1b33a0a53b484a551253e3eacaf12439b4011ed0
[wake n=10000 Float64] u_rel_rms=0.0003448406858154175 u_abs_rms=9.382519766339924e-6 u_max_err=4.003220319779123e-5 j_rel_rms=0.0017907259395389052 warm_solve_s=0.004845802
[wake n=10000 Float32] u_rel_rms=0.00034479637670268003 u_abs_rms=9.381314191872672e-6 u_max_err=4.003174215900283e-5 j_rel_rms=0.0017907021789769933 warm_solve_s=0.004550366
[wake n=100000] built (n_actual=100000, 0.0s); reference direct_reference_wake_n100000.csv samples=512 sha256=3dd3f918317fa51fe684b1d6439baa27369a491638098a52c8086451ac8a2951
[wake n=100000 Float64] u_rel_rms=0.0003299206509042636 u_abs_rms=1.0276671844313094e-5 u_max_err=5.359230471330528e-5 j_rel_rms=0.0024547827773391314 warm_solve_s=0.017944531
[wake n=100000 Float32] u_rel_rms=0.000329881010730536 u_abs_rms=1.0275437095726932e-5 u_max_err=5.359506037923186e-5 j_rel_rms=0.0024547734982550656 warm_solve_s=0.011431998

case,n,precision,u_rel_rms,u_abs_rms,u_max_err,j_rel_rms,warm_solve_s
cube,10000,Float64,0.0005541713643458676,2.1761681720027742e-6,7.648723968640644e-6,0.0028202334812779677,0.020578317
cube,10000,Float32,0.0005541623140197657,2.1761326323973804e-6,7.648357892442406e-6,0.0028202242734750526,0.057118318
cube,100000,Float64,0.0006805945242299113,1.435273427096874e-6,4.054048338941149e-6,0.0038824019153054223,0.02566386
cube,100000,Float32,0.000680597831252013,1.435280401118522e-6,4.054744451926062e-6,0.0038823928874465253,0.014087083
wake,10000,Float64,0.0003448406858154175,9.382519766339924e-6,4.003220319779123e-5,0.0017907259395389052,0.004845802
wake,10000,Float32,0.00034479637670268003,9.381314191872672e-6,4.003174215900283e-5,0.0017907021789769933,0.004550366
wake,100000,Float64,0.0003299206509042636,1.0276671844313094e-5,5.359230471330528e-5,0.0024547827773391314,0.017944531
wake,100000,Float32,0.000329881010730536,1.0275437095726932e-5,5.359506037923186e-5,0.0024547734982550656,0.011431998

034 reference-comparison gate PASSED (all Float64 u_rel_rms <= 0.001)
=== 037e E0 scoping census (full n, host) ===
[fm037e] cube n=100000 ell=4 q=12 rho_t=3.668 ... FAILED: ArgumentError: regularized nearfield near-set adequacy failed: the direct stencil leaves an M2L gap of g_min*h_leaf = 0.1467 but the smoothing cutoff needs rho_t*sigma_max = 0.158 (ratio 0.9284; g_min
[fm037e] cube n=1000000 ell=5 q=12 rho_t=3.668 ... done (52.6s)
[fm037e] wake n=100000 ell=5 q=6 rho_t=3.668 ... FAILED: ArgumentError: regularized nearfield near-set adequacy failed: the direct stencil leaves an M2L gap of g_min*h_leaf = 0.232 but the smoothing cutoff needs rho_t*sigma_max = 0.2494 (ratio 0.9305; g_min
[fm037e] wake n=1000000 ell=6 q=6 rho_t=3.668 ... done (21.5s)
[fm037e] rotor n=100000 ell=5 q=6 rho_t=3.668 ... done (1.1s)
[fm037e] rotor n=1000000 ell=6 q=6 rho_t=3.668 ... done (3.6s)

===== fm037e E0 decision table (rho_t=3.668) =====
case          n  ell   q |     cells    cpairs | bodypair frac b1/b2/b3   | E1 skip: pair/blk32/blk16 bp32 | E2 share
cube     100000    4  12 | fail: ArgumentError: regularized nearfield near-set adequacy failed: the direct stencil leaves an M2L gap of g_min*h_leaf = 0.1467 but the smoothing cutoff needs rho_t*sigma_max = 0.158 (ratio 0.9284; g_min
cube    1000000    5  12 |     32728   5184778 | 0.000/0.006/0.994          | 0.012 0.077 0.082 bp 0.023/0.023 | 0.0000
wake     100000    5   6 | fail: ArgumentError: regularized nearfield near-set adequacy failed: the direct stencil leaves an M2L gap of g_min*h_leaf = 0.232 but the smoothing cutoff needs rho_t*sigma_max = 0.2494 (ratio 0.9305; g_min
wake    1000000    6   6 |      8717    590119 | 0.000/0.000/1.000          | 0.002 0.015 0.028 bp 0.003/0.003 | 0.0000
rotor    100000    5   6 |       972     52766 | 0.587/0.000/0.413          | 0.690 0.868 0.888 bp 0.876/0.362 | 0.5872
rotor   1000000    6   6 |      2061     47767 | 0.627/0.000/0.373          | 0.544 0.849 0.854 bp 0.855/0.319 | 0.6274

E1 ceiling = pair/blk32 skip fractions of the MIXED bucket (bp shares are of mixed / of all direct body pairs).
E2 go/no-go: build the sigma-directed re-route only if e2_share >= 0.10 on some case.
sigma_max spread per config (min/med/max over occupied cells):
  cube   n=1000000   2.0000e-02 / 2.0000e-02 / 2.0000e-02
  wake   n=1000000   3.1554e-02 / 3.1554e-02 / 3.1554e-02
  rotor  n=100000    1.7528e-04 / 1.7688e-03 / 3.1081e-03
  rotor  n=1000000   1.7530e-05 / 1.6604e-04 / 3.1082e-04

CSV written: /home/rander39/FastMultipole-034/MATRIX_OPERATOR_REFACTOR/data/flowvpm_gpu_campaign/fm037e_scoping_13170768.csv
=== 037e pair-AABB screen ===
=== 035 GPU tuning sweep: 24 configs (0 already done), reps=15, out=/home/rander39/FastMultipole-034/MATRIX_OPERATOR_REFACTOR/data/flowvpm_gpu_campaign/fm037e_screen.csv
node=m13h-1-1 gpu=NVIDIA H200 julia=1.11.7 cuda=12.8.0
[build] cube n=100000 (1.2s), reference direct_reference_cube_n100000.csv ok
[ok] 037e_c5_f32_anchor: uj=11.332 ms (refresh=0.338 eval=10.897 finalize=0.055) u=6.8060e-04 gate=true J=3.8824e-03
[ok] 037e_c5_f32_paabb: uj=12.353 ms (refresh=0.325 eval=11.946 finalize=0.055) u=6.8060e-04 gate=true J=3.8824e-03
[ok] 037e_c5_f64_anchor: uj=21.345 ms (refresh=0.348 eval=20.59 finalize=0.063) u=6.8059e-04 gate=true J=3.8824e-03
[ok] 037e_c5_f64_paabb: uj=21.154 ms (refresh=0.323 eval=21.353 finalize=0.062) u=6.8059e-04 gate=true J=3.8824e-03
[build] cube n=1000000 (0.4s), reference direct_reference_cube_n1000000.csv ok
[ok] 037e_c6_f32_anchor: uj=102.34 ms (refresh=0.916 eval=107.278 finalize=0.565) u=7.0782e-04 gate=true J=3.8519e-03
[ok] 037e_c6_f32_paabb: uj=102.212 ms (refresh=0.936 eval=114.632 finalize=0.566) u=7.0782e-04 gate=true J=3.8519e-03
[ok] 037e_c6_f64_anchor: uj=263.452 ms (refresh=1.101 eval=257.148 finalize=0.849) u=7.0780e-04 gate=true J=3.8518e-03
[ok] 037e_c6_f64_paabb: uj=253.432 ms (refresh=1.161 eval=257.51 finalize=0.862) u=7.0780e-04 gate=true J=3.8518e-03
[build] wake n=100000 (0.0s), reference direct_reference_wake_n100000.csv ok
[ok] 037e_w5_f32_anchor: uj=7.875 ms (refresh=0.336 eval=7.442 finalize=0.056) u=3.2988e-04 gate=true J=2.4548e-03
[ok] 037e_w5_f32_paabb: uj=9.523 ms (refresh=0.332 eval=9.12 finalize=0.054) u=3.2988e-04 gate=true J=2.4548e-03
[ok] 037e_w5_f64_anchor: uj=14.436 ms (refresh=0.335 eval=14.61 finalize=0.062) u=3.2992e-04 gate=true J=2.4548e-03
[ok] 037e_w5_f64_paabb: uj=16.004 ms (refresh=0.334 eval=16.585 finalize=0.063) u=3.2992e-04 gate=true J=2.4548e-03
[build] wake n=1000000 (0.3s), reference direct_reference_wake_n1000000.csv ok
[ok] 037e_w6_f32_anchor: uj=103.473 ms (refresh=1.171 eval=108.108 finalize=0.577) u=2.9893e-04 gate=true J=2.8695e-03
[ok] 037e_w6_f32_paabb: uj=111.83 ms (refresh=1.174 eval=113.548 finalize=0.571) u=2.9893e-04 gate=true J=2.8695e-03
[ok] 037e_w6_f64_anchor: uj=258.826 ms (refresh=1.308 eval=249.735 finalize=0.863) u=2.9898e-04 gate=true J=2.8695e-03
[ok] 037e_w6_f64_paabb: uj=252.745 ms (refresh=1.328 eval=245.082 finalize=0.909) u=2.9898e-04 gate=true J=2.8695e-03
[build] rotor n=100000 (0.3s), reference direct_reference_rotor_n100000.csv ok
[ok] 037e_r5_f32_anchor: uj=12.541 ms (refresh=0.437 eval=11.671 finalize=0.05) u=4.4068e-04 gate=true J=5.0824e-05
[ok] 037e_r5_f32_paabb: uj=13.201 ms (refresh=0.457 eval=12.884 finalize=0.052) u=4.4068e-04 gate=true J=5.0836e-05
[ok] 037e_r5_f64_anchor: uj=22.777 ms (refresh=0.467 eval=22.605 finalize=0.064) u=4.3689e-04 gate=true J=5.0860e-05
[ok] 037e_r5_f64_paabb: uj=25.912 ms (refresh=0.484 eval=26.266 finalize=0.064) u=4.3689e-04 gate=true J=5.0860e-05
[build] rotor n=1000000 (0.3s), reference direct_reference_rotor_n1000000.csv ok
[ok] 037e_r6_f32_anchor: uj=256.279 ms (refresh=1.258 eval=276.965 finalize=0.401) u=6.9383e-04 gate=true J=4.6482e-05
[ok] 037e_r6_f32_paabb: uj=262.264 ms (refresh=1.238 eval=256.414 finalize=0.398) u=6.9387e-04 gate=true J=4.7347e-05
[ok] 037e_r6_f64_anchor: uj=594.032 ms (refresh=1.317 eval=632.05 finalize=0.71) u=8.6378e-05 gate=true J=4.2937e-05
[ok] 037e_r6_f64_paabb: uj=585.465 ms (refresh=1.364 eval=573.623 finalize=0.709) u=8.6378e-05 gate=true J=4.2937e-05
035 sweep complete
fm037ef stage e complete
