=== node: m13h-1-2
GPU 0: NVIDIA H200 (UUID: GPU-06c58ce4-35b4-30cf-fbd9-bec4a8af8522)
=== preflight 1: FastMultipole CUDA interface tests (032 surface) ===
Test Summary:                           | Pass  Total     Time
CUDA device-system interface (task 032) | 1246   1246  1m56.4s
=== preflight 1b: FastMultipole CUDA lifecycle tests (scalar B2M parity) ===
Test Summary:                        | Pass  Total     Time
CUDA radix lifecycle gate (task 022) |  216    216  1m38.3s
Test Summary:                                                  | Pass  Total  Time
ConcatenatedFixedZM2L host parity (task 022 throughput repair) |   37     37  7.5s
=== preflight 2: host device-system interface tests (032a shipped defaults) ===
Test Summary:                              | Pass  Total   Time
device-system interface stage 1 (task 032) |  930    930  30.2s
Test Summary:                                  | Pass  Total  Time
direct-kernel functor trait stage 2 (task 032) |   22     22  6.2s
Test Summary:                             | Pass  Total  Time
partitioned nearfield stage A (task 032a) |  827    827  5.0s
Test Summary:                          | Pass  Total  Time
two-pass nearfield stage B (task 032a) | 1248   1248  6.9s
Test Summary:                                   | Pass  Total  Time
stage 3 (task 032): recenter!, deprecated hooks |   21     21  1.3s
Test Summary:                                    |  Pass  Total  Time
binned nearfield pair stream stage C (task 032a) | 32367  32367  3.4s
Test Summary:                                                   | Pass  Total  Time
shipped nearfield defaults (task 032a Checkpoint D, 2026-08-07) |    9      9  0.2s
=== preflight 3: CUDA nearfield-binning tests (032a mechanism defaults) ===
Test Summary:                                         | Pass  Total     Time
CUDA binned nearfield pair stream (task 032a stage C) |  304    304  3m28.3s
=== preflight 4: FLOWVPM radix coupling tests (Part A + Part B) ===
┌ Info: host radix coupling [cube n=4000]
│   err.u_rel_rms = 0.00019802508505102024
└   err.j_rel_rms = 0.0006876091132002876
┌ Info: host radix coupling [wake n=1500]
│   err.u_rel_rms = 7.60499705986349e-5
└   err.j_rel_rms = 0.0003496463458772395
┌ Info: 035 settings [partitioned + concat]
│   err.u_rel_rms = 7.604997059863357e-5
└   err.j_rel_rms = 0.00034964634587723934
┌ Info: 035 settings [partitioned + precomputed_y]
│   err.u_rel_rms = 7.604997059863371e-5
└   err.j_rel_rms = 0.0003496463458772394
┌ Info: 035 settings [regularized + dense]
│   err.u_rel_rms = 7.514050916017171e-5
└   err.j_rel_rms = 0.00034882903515391476
┌ Info: device radix FMM [cube n=20000 Float64]
│   err.u_rel_rms = 0.0008847387801768214
└   err.j_rel_rms = 0.0043196129354730215
┌ Info: device radix FMM [cube n=20000 Float64] steady-state device alloc (bytes)
└   alloc = 384
┌ Info: device radix FMM [cube n=20000 Float64] warm U/J solve wall time (s), sanity only
└   t_solve = 0.043601404
┌ Info: device radix FMM [wake n=20000 Float64]
│   err.u_rel_rms = 0.0002152497479329059
└   err.j_rel_rms = 0.0011633017803466907
┌ Info: device radix FMM [wake n=20000 Float64] steady-state device alloc (bytes)
└   alloc = 400
┌ Info: device radix FMM [wake n=20000 Float64] warm U/J solve wall time (s), sanity only
└   t_solve = 0.005594913
┌ Info: device radix FMM [cube n=20000 Float32]
│   err.u_rel_rms = 0.0008847420877402385
└   err.j_rel_rms = 0.004319606330755756
┌ Info: device radix FMM [cube n=20000 Float32] steady-state device alloc (bytes)
└   alloc = 272
┌ Info: device radix FMM [cube n=20000 Float32] warm U/J solve wall time (s), sanity only
└   t_solve = 0.002938329
┌ Info: device radix FMM [wake n=20000 Float32]
│   err.u_rel_rms = 0.00021525041392521848
└   err.j_rel_rms = 0.0011632979877620388
┌ Info: device radix FMM [wake n=20000 Float32] steady-state device alloc (bytes)
└   alloc = 288
┌ Info: device radix FMM [wake n=20000 Float32] warm U/J solve wall time (s), sanity only
└   t_solve = 0.003553105
┌ Info: device radix FMM dynamic run (wake n=2000, 5 RK3 steps)
│   pos_err = 2.698575938750447e-8
│   err.u_rel_rms = 7.167660637430688e-5
└   err.j_rel_rms = 0.00030246481759988033
Test Summary:                               | Pass  Total   Time
radix FMM coupling (host path) vs UJ_direct |   12     12  26.3s
Test Summary:                                            | Pass  Total  Time
radix FMM coupling: task-035 tuning settings (host path) |   16     16  9.0s
Test Summary:                          | Pass  Total  Time
radix FMM coupling: automatic recenter |    2      2  1.8s
Test Summary:                                       | Pass  Total  Time
radix FMM coupling: loud unsupported configurations |    4      4  0.8s
Test Summary:                                   | Pass  Total     Time
device-resident radix FMM: static U/J vs direct |   36     36  1m25.5s
Test Summary:                                         | Pass  Total  Time
device-resident radix FMM: multi-step RK3 dynamic run |    4      4  5.6s
=== 033 reference integrity ===
direct_reference_cube_n1000.csv: OK
direct_reference_cube_n3162.csv: OK
direct_reference_cube_n10000.csv: OK
direct_reference_cube_n31623.csv: OK
direct_reference_cube_n100000.csv: OK
direct_reference_cube_n316228.csv: OK
direct_reference_cube_n1000000.csv: OK
direct_reference_wake_n1000.csv: OK
direct_reference_wake_n3162.csv: OK
direct_reference_wake_n10000.csv: OK
direct_reference_wake_n31623.csv: OK
direct_reference_wake_n100000.csv: OK
direct_reference_wake_n316228.csv: OK
direct_reference_wake_n1000000.csv: OK
=== 033 refcheck at shipped coupling defaults ===
=== 034 reference comparison: device-resident radix FMM vs 033 checksummed sampled-direct references
mode: DEVICE (CuArray-resident)
cases: cube, wake  n: 10000, 100000  gate: Float64 u_rel_rms <= 0.001
[cube n=10000] built (n_actual=10000, 0.1s); reference direct_reference_cube_n10000.csv samples=10000 sha256=6f94bc0b3e7507e39bca95eec46667fe8cdb1fa24edf2f83057b6169460b9f78
[cube n=10000 Float64] u_rel_rms=0.00013288635090731688 u_abs_rms=5.218296468267368e-7 u_max_err=6.869374619438111e-6 j_rel_rms=0.0004208784559246544 warm_solve_s=0.021585464
[cube n=10000 Float32] u_rel_rms=0.00013288863569814414 u_abs_rms=5.218386189414975e-7 u_max_err=6.869278078962155e-6 j_rel_rms=0.00042087850161093103 warm_solve_s=0.058881204
[cube n=100000] built (n_actual=100000, 0.0s); reference direct_reference_cube_n100000.csv samples=512 sha256=82fe79cd3e2ae3078da9ab28ec386973ecd67d5f0fa353b245c1c6ba68bb4cbb
[cube n=100000 Float64] u_rel_rms=0.000934714689349284 u_abs_rms=1.971175358864541e-6 u_max_err=8.421413949025175e-6 j_rel_rms=0.0052345553912107184 warm_solve_s=0.024695214
[cube n=100000 Float32] u_rel_rms=0.0009347018315222639 u_abs_rms=1.9711482436045806e-6 u_max_err=8.421366753765013e-6 j_rel_rms=0.005234551168787752 warm_solve_s=0.015841827
[wake n=10000] built (n_actual=10000, 0.0s); reference direct_reference_wake_n10000.csv samples=10000 sha256=d1923057915d19c8c7f4cd0a1b33a0a53b484a551253e3eacaf12439b4011ed0
[wake n=10000 Float64] u_rel_rms=0.0002289983714192139 u_abs_rms=6.23065036893731e-6 u_max_err=3.12400529931574e-5 j_rel_rms=0.001314490797632607 warm_solve_s=0.005769123
[wake n=10000 Float32] u_rel_rms=0.00022899137773423398 u_abs_rms=6.230460082842127e-6 u_max_err=3.124055525474603e-5 j_rel_rms=0.0013144843285563899 warm_solve_s=0.0049816
[wake n=100000] built (n_actual=100000, 0.0s); reference direct_reference_wake_n100000.csv samples=512 sha256=3dd3f918317fa51fe684b1d6439baa27369a491638098a52c8086451ac8a2951
[wake n=100000 Float64] u_rel_rms=0.0004792513625876843 u_abs_rms=1.4928162183102355e-5 u_max_err=7.488067517536999e-5 j_rel_rms=0.004362277928413698 warm_solve_s=0.025244014
[wake n=100000 Float32] u_rel_rms=0.0004792522114583875 u_abs_rms=1.4928188624507676e-5 u_max_err=7.488050519607135e-5 j_rel_rms=0.004362280914496851 warm_solve_s=0.015369149

case,n,precision,u_rel_rms,u_abs_rms,u_max_err,j_rel_rms,warm_solve_s
cube,10000,Float64,0.00013288635090731688,5.218296468267368e-7,6.869374619438111e-6,0.0004208784559246544,0.021585464
cube,10000,Float32,0.00013288863569814414,5.218386189414975e-7,6.869278078962155e-6,0.00042087850161093103,0.058881204
cube,100000,Float64,0.000934714689349284,1.971175358864541e-6,8.421413949025175e-6,0.0052345553912107184,0.024695214
cube,100000,Float32,0.0009347018315222639,1.9711482436045806e-6,8.421366753765013e-6,0.005234551168787752,0.015841827
wake,10000,Float64,0.0002289983714192139,6.23065036893731e-6,3.12400529931574e-5,0.001314490797632607,0.005769123
wake,10000,Float32,0.00022899137773423398,6.230460082842127e-6,3.124055525474603e-5,0.0013144843285563899,0.0049816
wake,100000,Float64,0.0004792513625876843,1.4928162183102355e-5,7.488067517536999e-5,0.004362277928413698,0.025244014
wake,100000,Float32,0.0004792522114583875,1.4928188624507676e-5,7.488050519607135e-5,0.004362280914496851,0.015369149

034 reference-comparison gate PASSED (all Float64 u_rel_rms <= 0.001)
=== 035 tuning sweep ===
=== 035 GPU tuning sweep: 12 configs (0 already done), reps=15, out=/home/rander39/FastMultipole-034/MATRIX_OPERATOR_REFACTOR/data/flowvpm_gpu_campaign/fm035_cycle3b.csv
node=m13h-1-2 gpu=NVIDIA H200 julia=1.11.7 cuda=12.8.0
[build] cube n=100000 (1.1s), reference direct_reference_cube_n100000.csv ok
[ok] cy3b_c5_p4_f32_anchor: uj=12.175 ms (refresh=0.32 eval=11.769 finalize=0.057) u=9.3470e-04 gate=true J=5.2345e-03
[ok] cy3b_c5_p5_f32_winner: uj=11.503 ms (refresh=0.305 eval=11.114 finalize=0.056) u=6.8061e-04 gate=true J=3.8824e-03
[ok] cy3b_c5_p4_f64_anchor: uj=20.683 ms (refresh=0.339 eval=20.273 finalize=0.063) u=9.3471e-04 gate=true J=5.2346e-03
[ok] cy3b_c5_p5_f64_winner: uj=21.148 ms (refresh=0.313 eval=20.751 finalize=0.062) u=6.8059e-04 gate=true J=3.8824e-03
[build] cube n=1000000 (0.4s), reference direct_reference_cube_n1000000.csv ok
[ok] cy3b_c6_p4_f64_anchor: uj=310.203 ms (refresh=1.031 eval=307.925 finalize=0.849) u=9.8348e-04 gate=true J=4.9585e-03
[ok] cy3b_c6_p5_f64_winner: uj=207.779 ms (refresh=1.037 eval=205.519 finalize=0.849) u=7.0780e-04 gate=true J=3.8518e-03
[build] wake n=100000 (0.0s), reference direct_reference_wake_n100000.csv ok
[ok] cy3b_w5_p4_f32_anchor: uj=9.78 ms (refresh=0.318 eval=9.349 finalize=0.055) u=6.9414e-04 gate=true J=5.9862e-03
[ok] cy3b_w5_p5_f32_winner: uj=7.972 ms (refresh=0.315 eval=7.564 finalize=0.057) u=3.2988e-04 gate=true J=2.4548e-03
[ok] cy3b_w5_p4_f64_anchor: uj=19.013 ms (refresh=0.33 eval=18.506 finalize=0.063) u=6.9412e-04 gate=true J=5.9862e-03
[ok] cy3b_w5_p5_f64_winner: uj=14.548 ms (refresh=0.322 eval=14.131 finalize=0.064) u=3.2992e-04 gate=true J=2.4548e-03
[build] wake n=1000000 (0.3s), reference direct_reference_wake_n1000000.csv ok
[ok] cy3b_w6_p4_f64_anchor: uj=303.131 ms (refresh=1.148 eval=300.656 finalize=0.857) u=7.0203e-04 gate=true J=6.3301e-03
[ok] cy3b_w6_p5_f64_winner: uj=179.081 ms (refresh=1.132 eval=176.76 finalize=0.863) u=2.9898e-04 gate=true J=2.8695e-03
035 sweep complete
fm035 job complete
