=== node: m13h-1-1
GPU 0: NVIDIA H200 (UUID: GPU-942a2d09-ae6b-96c8-3185-03b8cafaafcd)
CUDA_HOME=/apps/cudatoolkit/12.8.1
=== source manifest
SOURCE_MANIFEST=5ebb6d5b40212ce0
=== CUDA.jl precompile/versioninfo
CUDA toolchain: 
- runtime 12.8.0, local installation
- driver 580.159.4 for 13.0
- compiler 12.9.41, artifact installation

CUDA libraries: 
- cuBLAS: 12.8.4
- cuSPARSE: 12.5.8
- cuSOLVER: 11.7.3
- cuFFT: 11.3.3
- cuRAND: 10.3.9
- CUPTI: 2025.1.1 (API 12.8.0)
- NVML: 13.0.0+580.159.4

Julia packages: 
- CUDACore: 6.2.1
- GPUArrays: 11.5.8
- GPUCompiler: 1.23.0
- KernelAbstractions: 0.9.42
- CUDA_Driver_jll: 13.3.0+1
- CUDA_Compiler_jll: 0.4.4+1
- CUDA_Runtime_jll: 0.23.0+1
- CUDA_Runtime_Discovery: 2.1.0
- NVPTX_LLVM_Backend_jll: 22.1.7+1

Toolchain:
- Julia: 1.11.7
- LLVM: 16.0.6

Preferences:
- CUDA_Runtime_jll.local: true

1 device:
  0: NVIDIA H200 (sm_90, 139.797 GiB / 140.401 GiB available)
     compiles to sm_90a / PTX 8.8
=== test/cuda_radix_lifecycle_test.jl
Precompiling CUDA...
   2541.8 ms  ✓ CUDA_Driver_jll
   2721.1 ms  ✓ CUDA_Runtime_jll
   2154.9 ms  ✓ CUDA_Compiler_jll
   7868.9 ms  ✓ LLVM
   2467.2 ms  ✓ GPUToolbox
   2612.2 ms  ✓ LLVM → BFloat16sExt
   2733.7 ms  ✓ UnsafeAtomics → UnsafeAtomicsLLVM
   7926.8 ms  ✓ GPUArrays
  20199.0 ms  ✓ PrettyTables
  18605.3 ms  ✓ GPUCompiler
  19303.2 ms  ✓ CUDACore
   7671.6 ms  ✓ cuRAND
   8663.0 ms  ✓ cuFFT
   8960.0 ms  ✓ NVML
   9472.5 ms  ✓ CUPTI
  11658.4 ms  ✓ cuSPARSE
  14375.8 ms  ✓ cuBLAS
  14567.8 ms  ✓ CUDATools
  12356.3 ms  ✓ cuSOLVER
   8879.8 ms  ✓ CUDA
   8312.9 ms  ✓ Atomix → AtomixCUDAExt
  21 dependencies successfully precompiled in 95 seconds. 79 already precompiled.
Test Summary:                        | Pass  Total     Time
CUDA radix lifecycle gate (task 022) |  215    215  3m09.5s
Test Summary:                                                  | Pass  Total  Time
ConcatenatedFixedZM2L host parity (task 022 throughput repair) |   37     37  8.0s
LIFECYCLE_TEST_EXIT=0
=== test/cuda_radix_convection_test.jl (028)
Test Summary:                          | Pass  Total     Time
device convection lifecycle (task 028) |   24     24  1m03.1s
Test Summary:                                         | Pass  Total  Time
fused dense M2L grid-stride parity (task 028 lever 2) |    8      8  3.2s
Test Summary:                                      | Pass  Total  Time
nearfield stream-overlap parity (task 028 cycle 3) |    4      4  1.1s
Test Summary:                                     | Pass  Total  Time
dense M2L operator-tile parity (task 028 cycle 2) |   12     12  1.9s
Test Summary:                                | Pass  Total  Time
_cuda_fast_rsqrt accuracy (task 028 lever 1) |    2      2  0.8s
Test Summary:                                     | Pass  Total  Time
nearfield warp-per-pair parity (task 028 lever 1) |   16     16  2.2s
CONVECTION_TEST_EXIT=0
=== FM028_MODE=stage6
=== stage 6a: q=6 ell=4,5,6 bracket
hier6   dense          Float32  eo=3  LH=false n=1000000  ell=4 K=850   fit=true  eval    31.115  verdict    33.946  host       NaN ms  grad_err 5.646e-04
hier6   dense          Float32  eo=3  LH=false n=1000000  ell=5 K=850   fit=true  eval    14.424  verdict    17.525  host       NaN ms  grad_err 5.745e-04
hier6   dense          Float32  eo=3  LH=false n=1000000  ell=6 K=850   fit=true  eval    69.148  verdict    72.901  host       NaN ms  grad_err 5.797e-04
wrote /home/rander39/FastMultipole-023/MATRIX_OPERATOR_REFACTOR/scripts/../data/feasibility_1m_10ms/cuda_m13h-1-1_20260801-095606.csv
wrote /home/rander39/FastMultipole-023/MATRIX_OPERATOR_REFACTOR/scripts/../data/feasibility_1m_10ms/cuda_m13h-1-1_20260801-095606.csv.classes.csv
=== stage 6b: current tiled-M2L launch, independent F32/F64 verdict
hier6   dense          Float32  eo=3  LH=false n=1000000  ell=5 K=850   fit=true  eval    14.373  verdict    17.455  host       NaN ms  grad_err 5.745e-04
hier6   dense          Float64  eo=3  LH=false n=1000000  ell=5 K=850   fit=true  eval    26.289  verdict    29.471  host       NaN ms  grad_err 5.745e-04
wrote /home/rander39/FastMultipole-023/MATRIX_OPERATOR_REFACTOR/scripts/../data/feasibility_1m_10ms/cuda_m13h-1-1_20260801-095724.csv
wrote /home/rander39/FastMultipole-023/MATRIX_OPERATOR_REFACTOR/scripts/../data/feasibility_1m_10ms/cuda_m13h-1-1_20260801-095724.csv.classes.csv
=== stage 6b: candidate tiled-M2L launch, independent F32/F64 verdict
hier6   dense          Float32  eo=3  LH=false n=1000000  ell=5 K=850   fit=true  eval    14.061  verdict    17.142  host       NaN ms  grad_err 5.745e-04
hier6   dense          Float64  eo=3  LH=false n=1000000  ell=5 K=850   fit=true  eval    25.910  verdict    28.957  host       NaN ms  grad_err 5.745e-04
wrote /home/rander39/FastMultipole-023/MATRIX_OPERATOR_REFACTOR/scripts/../data/feasibility_1m_10ms/cuda_m13h-1-1_20260801-095851.csv
wrote /home/rander39/FastMultipole-023/MATRIX_OPERATOR_REFACTOR/scripts/../data/feasibility_1m_10ms/cuda_m13h-1-1_20260801-095851.csv.classes.csv
STAGE6_EXIT=0
