=== node: m13h-2-2
GPU 0: NVIDIA H200 (UUID: GPU-1e5b6d41-74e8-4117-b080-80b6b49322a5)
CUDA_HOME=/apps/cudatoolkit/12.8.1
=== source manifest
SOURCE_MANIFEST=2708401df42a7ee5
=== CUDA.jl precompile/versioninfo
CUDA toolchain: 
- runtime 12.8.0, local installation
- driver 580.159.4 for 13.0
- compiler 12.9.41, artifact installation

CUDA libraries: 
- cuBLAS: 12.8.4
- cuSPARSE: 12.5.8
- cuSOLVER: 11.7.3
- cuFFT: 11.3.3
- cuRAND: 10.3.9
- CUPTI: 2025.1.1 (API 12.8.0)
- NVML: 13.0.0+580.159.4

Julia packages: 
- CUDACore: 6.2.1
- GPUArrays: 11.5.8
- GPUCompiler: 1.23.0
- KernelAbstractions: 0.9.42
- CUDA_Driver_jll: 13.3.0+1
- CUDA_Compiler_jll: 0.4.4+1
- CUDA_Runtime_jll: 0.23.0+1
- CUDA_Runtime_Discovery: 2.1.0
- NVPTX_LLVM_Backend_jll: 22.1.7+1

Toolchain:
- Julia: 1.11.7
- LLVM: 16.0.6

Preferences:
- CUDA_Runtime_jll.local: true

1 device:
  0: NVIDIA H200 (sm_90, 139.797 GiB / 140.401 GiB available)
     compiles to sm_90a / PTX 8.8
=== test/cuda_radix_lifecycle_test.jl
Precompiling CUDA...
   2466.4 ms  ✓ CUDA_Driver_jll
   2957.6 ms  ✓ CUDA_Runtime_jll
   2103.0 ms  ✓ CUDA_Compiler_jll
   8408.5 ms  ✓ LLVM
   2496.3 ms  ✓ GPUToolbox
   3277.7 ms  ✓ LLVM → BFloat16sExt
   3340.1 ms  ✓ UnsafeAtomics → UnsafeAtomicsLLVM
   7453.4 ms  ✓ GPUArrays
  20420.2 ms  ✓ PrettyTables
  19001.3 ms  ✓ GPUCompiler
  20735.9 ms  ✓ CUDACore
   8518.8 ms  ✓ cuFFT
   9300.9 ms  ✓ cuRAND
   9806.0 ms  ✓ NVML
  10244.3 ms  ✓ CUPTI
  12643.8 ms  ✓ cuSPARSE
  15213.8 ms  ✓ cuBLAS
  15202.3 ms  ✓ CUDATools
  12159.9 ms  ✓ cuSOLVER
   9229.4 ms  ✓ CUDA
   8801.8 ms  ✓ Atomix → AtomixCUDAExt
  21 dependencies successfully precompiled in 100 seconds. 79 already precompiled.
Test Summary:                        | Pass  Total     Time
CUDA radix lifecycle gate (task 022) |  215    215  3m14.5s
Test Summary:                                                  | Pass  Total  Time
ConcatenatedFixedZM2L host parity (task 022 throughput repair) |   37     37  8.0s
LIFECYCLE_TEST_EXIT=0
=== test/cuda_radix_convection_test.jl (028)
Test Summary:                          | Pass  Total     Time
device convection lifecycle (task 028) |   24     24  1m02.6s
Test Summary:                                         | Pass  Total  Time
fused dense M2L grid-stride parity (task 028 lever 2) |    8      8  3.4s
Test Summary:                                      | Pass  Total  Time
nearfield stream-overlap parity (task 028 cycle 3) |    4      4  1.1s
Test Summary:                                     | Pass  Total  Time
dense M2L operator-tile parity (task 028 cycle 2) |   12     12  2.1s
Test Summary:                                | Pass  Total  Time
_cuda_fast_rsqrt accuracy (task 028 lever 1) |    2      2  0.8s
Test Summary:                                     | Pass  Total  Time
nearfield warp-per-pair parity (task 028 lever 1) |   16     16  2.2s
CONVECTION_TEST_EXIT=0
=== FM028_MODE=verify
=== verify (lever 3 before/after)
hier12  dense          Float64  eo=3  LH=false n=1000000  ell=5 K=1740  fit=true  eval    55.388  verdict    58.727  host   134.030 ms  grad_err 3.185e-04
hier12  dense          Float32  eo=3  LH=false n=1000000  ell=5 K=1740  fit=true  eval    27.507  verdict    30.718  host    95.127 ms  grad_err 3.186e-04
wrote /home/rander39/FastMultipole-023/MATRIX_OPERATOR_REFACTOR/scripts/../data/feasibility_1m_10ms/cuda_m13h-2-2_20260731-222336.csv
wrote /home/rander39/FastMultipole-023/MATRIX_OPERATOR_REFACTOR/scripts/../data/feasibility_1m_10ms/cuda_m13h-2-2_20260731-222336.csv.classes.csv
VERIFY_EXIT=0
