=== node: m13h-2-2
GPU 0: NVIDIA H200 (UUID: GPU-1e5b6d41-74e8-4117-b080-80b6b49322a5)
CUDA_HOME=/apps/cudatoolkit/12.8.1
=== source manifest
SOURCE_MANIFEST=37ee3080c61231c1
=== CUDA.jl precompile/versioninfo
CUDA toolchain: 
- runtime 12.8.0, local installation
- driver 580.159.4 for 13.0
- compiler 12.9.41, artifact installation

CUDA libraries: 
- cuBLAS: 12.8.4
- cuSPARSE: 12.5.8
- cuSOLVER: 11.7.3
- cuFFT: 11.3.3
- cuRAND: 10.3.9
- CUPTI: 2025.1.1 (API 12.8.0)
- NVML: 13.0.0+580.159.4

Julia packages: 
- CUDACore: 6.2.1
- GPUArrays: 11.5.8
- GPUCompiler: 1.23.0
- KernelAbstractions: 0.9.42
- CUDA_Driver_jll: 13.3.0+1
- CUDA_Compiler_jll: 0.4.4+1
- CUDA_Runtime_jll: 0.23.0+1
- CUDA_Runtime_Discovery: 2.1.0
- NVPTX_LLVM_Backend_jll: 22.1.7+1

Toolchain:
- Julia: 1.11.7
- LLVM: 16.0.6

Preferences:
- CUDA_Runtime_jll.local: true

1 device:
  0: NVIDIA H200 (sm_90, 139.797 GiB / 140.401 GiB available)
     compiles to sm_90a / PTX 8.8
=== test/cuda_radix_lifecycle_test.jl
Precompiling CUDA...
   2515.7 ms  ✓ CUDA_Driver_jll
   2858.0 ms  ✓ CUDA_Runtime_jll
   2053.5 ms  ✓ CUDA_Compiler_jll
   7937.6 ms  ✓ LLVM
   2381.0 ms  ✓ GPUToolbox
   2502.0 ms  ✓ LLVM → BFloat16sExt
   3103.2 ms  ✓ UnsafeAtomics → UnsafeAtomicsLLVM
   6731.5 ms  ✓ GPUArrays
  20511.4 ms  ✓ PrettyTables
  19020.6 ms  ✓ GPUCompiler
  19631.9 ms  ✓ CUDACore
   8673.8 ms  ✓ cuFFT
   8399.3 ms  ✓ cuRAND
  10217.0 ms  ✓ NVML
  10233.2 ms  ✓ CUPTI
  12458.0 ms  ✓ cuSPARSE
  14546.7 ms  ✓ cuBLAS
  14900.3 ms  ✓ CUDATools
  12611.9 ms  ✓ cuSOLVER
   8853.9 ms  ✓ CUDA
   9578.1 ms  ✓ Atomix → AtomixCUDAExt
  21 dependencies successfully precompiled in 98 seconds. 79 already precompiled.
Test Summary:                        | Pass  Total     Time
CUDA radix lifecycle gate (task 022) |  215    215  3m10.9s
Test Summary:                                                  | Pass  Total  Time
ConcatenatedFixedZM2L host parity (task 022 throughput repair) |   37     37  7.9s
LIFECYCLE_TEST_EXIT=0
=== test/cuda_radix_convection_test.jl (028)
Test Summary:                          | Pass  Total     Time
device convection lifecycle (task 028) |   24     24  1m02.0s
Test Summary:                                         | Pass  Total  Time
fused dense M2L grid-stride parity (task 028 lever 2) |    8      8  3.4s
CONVECTION_TEST_EXIT=0
=== FM028_MODE=verify
=== verify (lever 3 before/after)
hier12  dense          Float64  eo=3  LH=false n=1000000  ell=5 K=1740  fit=true  eval    80.148  verdict    83.380  host   160.920 ms  grad_err 3.185e-04
hier12  dense          Float32  eo=3  LH=false n=1000000  ell=5 K=1740  fit=true  eval    61.415  verdict    64.560  host   131.039 ms  grad_err 3.186e-04
wrote /home/rander39/FastMultipole-023/MATRIX_OPERATOR_REFACTOR/scripts/../data/feasibility_1m_10ms/cuda_m13h-2-2_20260731-162638.csv
wrote /home/rander39/FastMultipole-023/MATRIX_OPERATOR_REFACTOR/scripts/../data/feasibility_1m_10ms/cuda_m13h-2-2_20260731-162638.csv.classes.csv
VERIFY_EXIT=0
