=== node: m13h-2-1
GPU 0: NVIDIA H200 (UUID: GPU-54f32801-7003-8ab6-98e5-82dab04ce21d)
CUDA_HOME=/apps/cudatoolkit/12.8.1
=== source manifest
SOURCE_MANIFEST=525107be4b52ae36
=== CUDA.jl precompile/versioninfo
CUDA toolchain: 
- runtime 12.8.0, local installation
- driver 580.159.4 for 13.0
- compiler 12.9.41, artifact installation

CUDA libraries: 
- cuBLAS: 12.8.4
- cuSPARSE: 12.5.8
- cuSOLVER: 11.7.3
- cuFFT: 11.3.3
- cuRAND: 10.3.9
- CUPTI: 2025.1.1 (API 12.8.0)
- NVML: 13.0.0+580.159.4

Julia packages: 
- CUDACore: 6.2.1
- GPUArrays: 11.5.8
- GPUCompiler: 1.23.0
- KernelAbstractions: 0.9.42
- CUDA_Driver_jll: 13.3.0+1
- CUDA_Compiler_jll: 0.4.4+1
- CUDA_Runtime_jll: 0.23.0+1
- CUDA_Runtime_Discovery: 2.1.0
- NVPTX_LLVM_Backend_jll: 22.1.7+1

Toolchain:
- Julia: 1.11.7
- LLVM: 16.0.6

Preferences:
- CUDA_Runtime_jll.local: true

1 device:
  0: NVIDIA H200 (sm_90, 139.797 GiB / 140.401 GiB available)
     compiles to sm_90a / PTX 8.8
=== test/cuda_radix_lifecycle_test.jl
Precompiling CUDA...
   2667.8 ms  ✓ CUDA_Driver_jll
   2829.7 ms  ✓ CUDA_Runtime_jll
   1903.7 ms  ✓ CUDA_Compiler_jll
   8095.1 ms  ✓ LLVM
   2327.7 ms  ✓ GPUToolbox
   2573.1 ms  ✓ LLVM → BFloat16sExt
   3053.7 ms  ✓ UnsafeAtomics → UnsafeAtomicsLLVM
   5382.1 ms  ✓ GPUArrays
  21927.9 ms  ✓ PrettyTables
  19950.0 ms  ✓ GPUCompiler
  20042.5 ms  ✓ CUDACore
   8421.9 ms  ✓ cuFFT
   8218.6 ms  ✓ cuRAND
   9688.3 ms  ✓ NVML
  10212.9 ms  ✓ CUPTI
  13182.0 ms  ✓ cuSPARSE
  14626.1 ms  ✓ cuBLAS
  14655.4 ms  ✓ CUDATools
  12418.0 ms  ✓ cuSOLVER

Precompiling AtomixCUDAExt...
    AtomixCUDAExt Being precompiled by another machine (hostname: m13h-2-2, pid: 1538015, pidfile: /home/rander39/.julia/compiled/v1.11/AtomixCUDAExt/B0Tg4_toC8l.ji.pidfile)
  10141.0 ms  ✓ Atomix → AtomixCUDAExt
  1 dependency successfully precompiled in 14 seconds. 99 already precompiled.
Test Summary:                        | Pass  Total     Time
CUDA radix lifecycle gate (task 022) |  215    215  3m31.5s
Test Summary:                                                  | Pass  Total  Time
ConcatenatedFixedZM2L host parity (task 022 throughput repair) |   37     37  8.5s
LIFECYCLE_TEST_EXIT=0
=== test/cuda_radix_convection_test.jl (028)
Test Summary:                          | Pass  Total     Time
device convection lifecycle (task 028) |   24     24  1m04.7s
Test Summary:                                         | Pass  Total  Time
fused dense M2L grid-stride parity (task 028 lever 2) |    8      8  3.8s
Test Summary:                                | Pass  Total  Time
_cuda_fast_rsqrt accuracy (task 028 lever 1) |    2      2  0.8s
Test Summary:                                     | Pass  Total  Time
nearfield warp-per-pair parity (task 028 lever 1) |   16     16  2.3s
CONVECTION_TEST_EXIT=0
=== FM028_MODE=verify
=== verify (lever 3 before/after)
hier12  dense          Float64  eo=3  LH=false n=1000000  ell=5 K=1740  fit=true  eval    66.790  verdict    70.351  host   195.448 ms  grad_err 3.185e-04
hier12  dense          Float32  eo=3  LH=false n=1000000  ell=5 K=1740  fit=true  eval    35.427  verdict    38.553  host   115.540 ms  grad_err 3.186e-04
wrote /home/rander39/FastMultipole-023/MATRIX_OPERATOR_REFACTOR/scripts/../data/feasibility_1m_10ms/cuda_m13h-2-1_20260731-181908.csv
wrote /home/rander39/FastMultipole-023/MATRIX_OPERATOR_REFACTOR/scripts/../data/feasibility_1m_10ms/cuda_m13h-2-1_20260731-181908.csv.classes.csv
VERIFY_EXIT=0
