=== node: m13h-1-1
GPU 0: NVIDIA H200 (UUID: GPU-f5e4f9ac-61a3-33d2-e450-52ce58f47cc7)
CUDA_HOME=/apps/cudatoolkit/12.8.1
=== source manifest
SOURCE_MANIFEST=42a6c254a11ac8a8
=== CUDA.jl precompile/versioninfo
CUDA toolchain: 
- runtime 12.8.0, local installation
- driver 580.159.4 for 13.0
- compiler 12.9.41, artifact installation

CUDA libraries: 
- cuBLAS: 12.8.4
- cuSPARSE: 12.5.8
- cuSOLVER: 11.7.3
- cuFFT: 11.3.3
- cuRAND: 10.3.9
- CUPTI: 2025.1.1 (API 12.8.0)
- NVML: 13.0.0+580.159.4

Julia packages: 
- CUDACore: 6.2.1
- GPUArrays: 11.5.8
- GPUCompiler: 1.23.0
- KernelAbstractions: 0.9.42
- CUDA_Driver_jll: 13.3.0+1
- CUDA_Compiler_jll: 0.4.4+1
- CUDA_Runtime_jll: 0.23.0+1
- CUDA_Runtime_Discovery: 2.1.0
- NVPTX_LLVM_Backend_jll: 22.1.7+1

Toolchain:
- Julia: 1.11.7
- LLVM: 16.0.6

Preferences:
- CUDA_Runtime_jll.local: true

1 device:
  0: NVIDIA H200 (sm_90, 139.797 GiB / 140.401 GiB available)
     compiles to sm_90a / PTX 8.8
=== test/cuda_radix_lifecycle_test.jl
Test Summary:                        | Pass  Total     Time
CUDA radix lifecycle gate (task 022) |  215    215  1m36.0s
Test Summary:                                                  | Pass  Total  Time
ConcatenatedFixedZM2L host parity (task 022 throughput repair) |   37     37  8.1s
LIFECYCLE_TEST_EXIT=0
=== test/cuda_radix_convection_test.jl (028)
Test Summary:                          | Pass  Total     Time
device convection lifecycle (task 028) |   24     24  1m07.0s
Test Summary:                                         | Pass  Total  Time
fused dense M2L grid-stride parity (task 028 lever 2) |    8      8  3.4s
Test Summary:                                      | Pass  Total  Time
nearfield stream-overlap parity (task 028 cycle 3) |    4      4  1.1s
Test Summary:                                     | Pass  Total  Time
dense M2L operator-tile parity (task 028 cycle 2) |   12     12  2.0s
Test Summary:                                | Pass  Total  Time
_cuda_fast_rsqrt accuracy (task 028 lever 1) |    2      2  0.8s
Test Summary:                                     | Pass  Total  Time
nearfield warp-per-pair parity (task 028 lever 1) |   16     16  2.5s
CONVECTION_TEST_EXIT=0
=== FM028_MODE=stage8repro
=== stage 8 independent tensor reproduction: sched6-5-5-5 (6-5-5-5)
Test Summary:                          |  Pass  Total     Time
CUDA hierarchical rigid M2L (task 027) | 33367  33367  3m28.6s
=== stage 8 independent tensor reproduction format=fp16
sched6-5-5-5 dense          Float32  eo=3  LH=false n=1000000  ell=5 K=874   fit=true  eval     8.236  verdict     9.591  host       NaN ms  grad_err 1.059e-03
wrote /home/rander39/FastMultipole-023/MATRIX_OPERATOR_REFACTOR/scripts/../data/feasibility_1m_10ms/cuda_m13h-1-1_20260803-131016.csv
wrote /home/rander39/FastMultipole-023/MATRIX_OPERATOR_REFACTOR/scripts/../data/feasibility_1m_10ms/cuda_m13h-1-1_20260803-131016.csv.classes.csv
STAGE8_REPRO_fp16_EXIT=0
=== stage 8 independent tensor reproduction format=bf16
sched6-5-5-5 dense          Float32  eo=3  LH=false n=1000000  ell=5 K=874   fit=true  eval     8.287  verdict     9.638  host       NaN ms  grad_err 1.063e-03
wrote /home/rander39/FastMultipole-023/MATRIX_OPERATOR_REFACTOR/scripts/../data/feasibility_1m_10ms/cuda_m13h-1-1_20260803-131129.csv
wrote /home/rander39/FastMultipole-023/MATRIX_OPERATOR_REFACTOR/scripts/../data/feasibility_1m_10ms/cuda_m13h-1-1_20260803-131129.csv.classes.csv
STAGE8_REPRO_bf16_EXIT=0
STAGE8_REPRO_EXIT=0
