┌ Info: fm048 sweep phase 1: cube grid
│   N = 20000
│   REPS = 9
│   SEED = 48048
│   PS = (4, 6, 8)
│   RHOS = (4.211, 4.789)
└   QS = (0, 14, 17, 20)
┌ Info: fm048 sweep config
│   case = "cube"
│   P = 4
│   R = Float64
│   rho_t = 4.211
│   q = 0
│   ell = 3
│   n = 20000
│   row.n_direct = 53824
│   e_u = 0.000336127435269729
│   e_j = 0.0019086713440098822
│   e_j_warm = 0.0019086713440098822
│   e_sfs_first = 0.003961124191502321
│   e_sfs_warm = 0.003961124191502323
│   t_uj = 0.005417807
│   t_ujsfs = 0.006459871
└   replay_drift = 1.734723475976807e-18
┌ Info: fm048 sweep config
│   case = "cube"
│   P = 4
│   R = Float64
│   rho_t = 4.211
│   q = 14
│   ell = 3
│   n = 20000
│   row.n_direct = 69664
│   e_u = 0.00017234118825720348
│   e_j = 0.0009592954687506848
│   e_j_warm = 0.0009592954687506851
│   e_sfs_first = 0.0020052785615556367
│   e_sfs_warm = 0.0020052785615556376
│   t_uj = 0.00601796
│   t_ujsfs = 0.007342937
└   replay_drift = 8.673617379884035e-19
┌ Info: fm048 sweep config
│   case = "cube"
│   P = 4
│   R = Float64
│   rho_t = 4.211
│   q = 17
│   ell = 3
│   n = 20000
│   row.n_direct = 80896
│   e_u = 0.0001319287599668405
│   e_j = 0.0007294520214708899
│   e_j_warm = 0.0007294520214708897
│   e_sfs_first = 0.0015062026491617884
│   e_sfs_warm = 0.0015062026491617902
│   t_uj = 0.006130225
│   t_ujsfs = 0.007648305
└   replay_drift = 1.734723475976807e-18
┌ Info: fm048 sweep config
│   case = "cube"
│   P = 4
│   R = Float64
│   rho_t = 4.211
│   q = 20
│   ell = 3
│   n = 20000
│   row.n_direct = 96808
│   e_u = 9.602338434517245e-5
│   e_j = 0.0005076357183768451
│   e_j_warm = 0.0005076357183768451
│   e_sfs_first = 0.0010448783764704123
│   e_sfs_warm = 0.001044878376470415
│   t_uj = 0.00630981
│   t_ujsfs = 0.008073503
└   replay_drift = 2.6020852139652106e-18
┌ Info: fm048 sweep config
│   case = "cube"
│   P = 4
│   R = Float64
│   rho_t = 4.789
│   q = 0
│   ell = 3
│   n = 20000
│   row.n_direct = 69664
│   e_u = 0.00016255377501805487
│   e_j = 0.0009076013323639957
│   e_j_warm = 0.0009076013323639958
│   e_sfs_first = 0.001920210394356834
│   e_sfs_warm = 0.0019202103943568385
│   t_uj = 0.006189633
│   t_ujsfs = 0.007500908
└   replay_drift = 4.553649124439119e-18
┌ Info: fm048 sweep config
│   case = "cube"
│   P = 4
│   R = Float64
│   rho_t = 4.789
│   q = 14
│   ell = 3
│   n = 20000
│   row.n_direct = 69664
│   e_u = 0.00016255377501805468
│   e_j = 0.0009076013323639958
│   e_j_warm = 0.0009076013323639958
│   e_sfs_first = 0.001920210394356825
│   e_sfs_warm = 0.0019202103943568357
│   t_uj = 0.006186187
│   t_ujsfs = 0.007485151
└   replay_drift = 1.0625181290357943e-17
┌ Info: fm048 sweep config
│   case = "cube"
│   P = 4
│   R = Float64
│   rho_t = 4.789
│   q = 17
│   ell = 3
│   n = 20000
│   row.n_direct = 80896
│   e_u = 0.00011841150888236053
│   e_j = 0.0006597198770741534
│   e_j_warm = 0.0006597198770741533
│   e_sfs_first = 0.0013941473423589358
│   e_sfs_warm = 0.0013941473423589293
│   t_uj = 0.006346005
│   t_ujsfs = 0.007857242
└   replay_drift = 6.5052130349130266e-18
┌ Info: fm048 sweep config
│   case = "cube"
│   P = 4
│   R = Float64
│   rho_t = 4.789
│   q = 20
│   ell = 3
│   n = 20000
│   row.n_direct = 96808
│   e_u = 7.672939823019297e-5
│   e_j = 0.00040260373945624544
│   e_j_warm = 0.0004026037394562457
│   e_sfs_first = 0.0008660004902830737
│   e_sfs_warm = 0.0008660004902830802
│   t_uj = 0.006493198
│   t_ujsfs = 0.008279047
└   replay_drift = 6.5052130349130266e-18
┌ Info: fm048 sweep config
│   case = "cube"
│   P = 6
│   R = Float64
│   rho_t = 4.211
│   q = 0
│   ell = 3
│   n = 20000
│   row.n_direct = 53824
│   e_u = 6.677227942756949e-5
│   e_j = 0.00033524776475118935
│   e_j_warm = 0.00033524776475118946
│   e_sfs_first = 0.0006428357952709427
│   e_sfs_warm = 0.0006428357952709418
│   t_uj = 0.004959582
│   t_ujsfs = 0.005993559
└   replay_drift = 8.673617379884035e-19
┌ Info: fm048 sweep config
│   case = "cube"
│   P = 6
│   R = Float64
│   rho_t = 4.211
│   q = 14
│   ell = 3
│   n = 20000
│   row.n_direct = 69664
│   e_u = 6.512941341406934e-5
│   e_j = 0.00031462048118131343
│   e_j_warm = 0.00031462048118131343
│   e_sfs_first = 0.0005953934398782492
│   e_sfs_warm = 0.0005953934398782321
│   t_uj = 0.005265568
│   t_ujsfs = 0.006584749
└   replay_drift = 1.713039432527097e-17
┌ Info: fm048 sweep config
│   case = "cube"
│   P = 6
│   R = Float64
│   rho_t = 4.211
│   q = 17
│   ell = 3
│   n = 20000
│   row.n_direct = 80896
│   e_u = 6.50057825359614e-5
│   e_j = 0.00031279666898097625
│   e_j_warm = 0.00031279666898097625
│   e_sfs_first = 0.00058813328454232
│   e_sfs_warm = 0.0005881332845423171
│   t_uj = 0.005437053
│   t_ujsfs = 0.006944933
└   replay_drift = 2.8189256484623115e-18
┌ Info: fm048 sweep config
│   case = "cube"
│   P = 6
│   R = Float64
│   rho_t = 4.211
│   q = 20
│   ell = 3
│   n = 20000
│   row.n_direct = 96808
│   e_u = 6.492864924149389e-5
│   e_j = 0.0003116450631974128
│   e_j_warm = 0.0003116450631974126
│   e_sfs_first = 0.0005855458676346158
│   e_sfs_warm = 0.00058554586763462
│   t_uj = 0.005643794
│   t_ujsfs = 0.007423043
└   replay_drift = 4.228388472693467e-18
┌ Info: fm048 sweep config
│   case = "cube"
│   P = 6
│   R = Float64
│   rho_t = 4.789
│   q = 0
│   ell = 3
│   n = 20000
│   row.n_direct = 69664
│   e_u = 3.14220783896856e-5
│   e_j = 6.582098591862178e-5
│   e_j_warm = 6.582098591862188e-5
│   e_sfs_first = 0.00013594106663319366
│   e_sfs_warm = 0.00013594106663318857
│   t_uj = 0.005534452
│   t_ujsfs = 0.006837101
└   replay_drift = 5.095750210681871e-18
┌ Info: fm048 sweep config
│   case = "cube"
│   P = 6
│   R = Float64
│   rho_t = 4.789
│   q = 14
│   ell = 3
│   n = 20000
│   row.n_direct = 69664
│   e_u = 3.142207838968625e-5
│   e_j = 6.582098591862211e-5
│   e_j_warm = 6.582098591862178e-5
│   e_sfs_first = 0.00013594106663319507
│   e_sfs_warm = 0.00013594106663319703
│   t_uj = 0.005545558
│   t_ujsfs = 0.006843439
└   replay_drift = 1.951563910473908e-18
┌ Info: fm048 sweep config
│   case = "cube"
│   P = 6
│   R = Float64
│   rho_t = 4.789
│   q = 17
│   ell = 3
│   n = 20000
│   row.n_direct = 80896
│   e_u = 3.108998298421794e-5
│   e_j = 5.619250712190799e-5
│   e_j_warm = 5.619250712190842e-5
│   e_sfs_first = 0.00011346054427286586
│   e_sfs_warm = 0.00011346054427288128
│   t_uj = 0.005603699
│   t_ujsfs = 0.007114562
└   replay_drift = 1.54227759036063e-17
┌ Info: fm048 sweep config
│   case = "cube"
│   P = 6
│   R = Float64
│   rho_t = 4.789
│   q = 20
│   ell = 3
│   n = 20000
│   row.n_direct = 96808
│   e_u = 3.090734133629989e-5
│   e_j = 5.019308118705929e-5
│   e_j_warm = 5.0193081187059366e-5
│   e_sfs_first = 0.00010021237662869447
│   e_sfs_warm = 0.00010021237662869222
│   t_uj = 0.005802107
│   t_ujsfs = 0.007584578
└   replay_drift = 2.2497195079074217e-18
┌ Info: fm048 sweep config
│   case = "cube"
│   P = 8
│   R = Float64
│   rho_t = 4.211
│   q = 0
│   ell = 3
│   n = 20000
│   row.n_direct = 53824
│   e_u = 6.488943740674709e-5
│   e_j = 0.00031131396326005166
│   e_j_warm = 0.0003113139632600522
│   e_sfs_first = 0.0005837252198009548
│   e_sfs_warm = 0.0005837252198009462
│   t_uj = 0.008707372
│   t_ujsfs = 0.009747338
└   replay_drift = 8.565197162635485e-18
┌ Info: fm048 sweep config
│   case = "cube"
│   P = 8
│   R = Float64
│   rho_t = 4.211
│   q = 14
│   ell = 3
│   n = 20000
│   row.n_direct = 69664
│   e_u = 6.48818640959528e-5
│   e_j = 0.00031119239282081717
│   e_j_warm = 0.0003111923928208174
│   e_sfs_first = 0.0005841186654596339
│   e_sfs_warm = 0.0005841186654596274
│   t_uj = 0.009182595
│   t_ujsfs = 0.010514254
└   replay_drift = 6.5052130349130266e-18
┌ Info: fm048 sweep config
│   case = "cube"
│   P = 8
│   R = Float64
│   rho_t = 4.211
│   q = 17
│   ell = 3
│   n = 20000
│   row.n_direct = 80896
│   e_u = 6.488208546441504e-5
│   e_j = 0.0003111839861285067
│   e_j_warm = 0.0003111839861285064
│   e_sfs_first = 0.0005839955911306047
│   e_sfs_warm = 0.0005839955911306063
│   t_uj = 0.009252955
│   t_ujsfs = 0.010774923
└   replay_drift = 1.6263032587282567e-18
┌ Info: fm048 sweep config
│   case = "cube"
│   P = 8
│   R = Float64
│   rho_t = 4.211
│   q = 20
│   ell = 3
│   n = 20000
│   row.n_direct = 96808
│   e_u = 6.488159502700887e-5
│   e_j = 0.00031118216947769914
│   e_j_warm = 0.0003111821694776994
│   e_sfs_first = 0.0005838577703581406
│   e_sfs_warm = 0.0005838577703581458
│   t_uj = 0.009350849
│   t_ujsfs = 0.011132991
└   replay_drift = 5.204170427930421e-18
┌ Info: fm048 sweep config
│   case = "cube"
│   P = 8
│   R = Float64
│   rho_t = 4.789
│   q = 0
│   ell = 3
│   n = 20000
│   row.n_direct = 69664
│   e_u = 3.084455147756224e-5
│   e_j = 4.764174031291042e-5
│   e_j_warm = 4.7641740312910624e-5
│   e_sfs_first = 9.357252654821562e-5
│   e_sfs_warm = 9.357252654822087e-5
│   t_uj = 0.00959978
│   t_ujsfs = 0.010923013
└   replay_drift = 5.244828009398628e-18
┌ Info: fm048 sweep config
│   case = "cube"
│   P = 8
│   R = Float64
│   rho_t = 4.789
│   q = 14
│   ell = 3
│   n = 20000
│   row.n_direct = 69664
│   e_u = 3.0844551477562046e-5
│   e_j = 4.7641740312910394e-5
│   e_j_warm = 4.7641740312910306e-5
│   e_sfs_first = 9.357252654822762e-5
│   e_sfs_warm = 9.357252654821363e-5
│   t_uj = 0.009625261
│   t_ujsfs = 0.01095026
└   replay_drift = 1.3986208025063007e-17
┌ Info: fm048 sweep config
│   case = "cube"
│   P = 8
│   R = Float64
│   rho_t = 4.789
│   q = 17
│   ell = 3
│   n = 20000
│   row.n_direct = 80896
│   e_u = 3.084422173184965e-5
│   e_j = 4.7593366393220136e-5
│   e_j_warm = 4.759336639321978e-5
│   e_sfs_first = 9.358828320335188e-5
│   e_sfs_warm = 9.358828320334616e-5
│   t_uj = 0.009393978
│   t_ujsfs = 0.010930716
└   replay_drift = 5.719166459861036e-18
┌ Info: fm048 sweep config
│   case = "cube"
│   P = 8
│   R = Float64
│   rho_t = 4.789
│   q = 20
│   ell = 3
│   n = 20000
│   row.n_direct = 96808
│   e_u = 3.08438881667625e-5
│   e_j = 4.757924721385618e-5
│   e_j_warm = 4.7579247213855906e-5
│   e_sfs_first = 9.357515284528065e-5
│   e_sfs_warm = 9.357515284528553e-5
│   t_uj = 0.009512722
│   t_ujsfs = 0.011289175
└   replay_drift = 4.87890977618477e-18
┌ Info: fm048 sweep frontier
│   n_frontier = 7
│   n_selected = 8
│   configs =
│    8-element Vector{@NamedTuple{P::Int64, rho_t::Float64, q::Int64}}:
│     (P = 4, rho_t = 4.211, q = 0)
└     ⋮
┌ Info: fm048 sweep config
│   case = "cube"
│   P = 4
│   R = Float32
│   rho_t = 4.211
│   q = 0
│   ell = 3
│   n = 20000
│   row.n_direct = 53824
│   e_u = 0.0003088848710222938
│   e_j = 0.0018128763587632855
│   e_j_warm = 0.0018128767400019913
│   e_sfs_first = 0.003857832667855792
│   e_sfs_warm = 0.0038578513817499075
│   t_uj = 0.003357575
│   t_ujsfs = 0.003905121
└   replay_drift = 1.8713894115330448e-8
┌ Info: fm048 sweep config
│   case = "cube"
│   P = 4
│   R = Float32
│   rho_t = 4.789
│   q = 0
│   ell = 3
│   n = 20000
│   row.n_direct = 69664
│   e_u = 0.0001485639867777097
│   e_j = 0.0008678062954666457
│   e_j_warm = 0.0008678071256597927
│   e_sfs_first = 0.001822831980428382
│   e_sfs_warm = 0.0018228417959727547
│   t_uj = 0.003739678
│   t_ujsfs = 0.004408941
└   replay_drift = 9.815544372735949e-9
┌ Info: fm048 sweep config
│   case = "cube"
│   P = 8
│   R = Float32
│   rho_t = 4.789
│   q = 14
│   ell = 3
│   n = 20000
│   row.n_direct = 69664
│   e_u = 2.8533677728979334e-5
│   e_j = 4.642927984732068e-5
│   e_j_warm = 4.6429579848817865e-5
│   e_sfs_first = 8.94504072684321e-5
│   e_sfs_warm = 8.945313449431826e-5
│   t_uj = 0.009755408
│   t_ujsfs = 0.010427385
└   replay_drift = 2.72722588614974e-9
┌ Info: fm048 sweep config
│   case = "cube"
│   P = 8
│   R = Float32
│   rho_t = 4.789
│   q = 0
│   ell = 3
│   n = 20000
│   row.n_direct = 69664
│   e_u = 2.8532411136605403e-5
│   e_j = 4.643098329776318e-5
│   e_j_warm = 4.6429899625056327e-5
│   e_sfs_first = 8.945599884039314e-5
│   e_sfs_warm = 8.944530210073517e-5
│   t_uj = 0.009713661
│   t_ujsfs = 0.010362394
└   replay_drift = 1.0696739657974227e-8
┌ Info: fm048 sweep config
│   case = "cube"
│   P = 6
│   R = Float32
│   rho_t = 4.789
│   q = 20
│   ell = 3
│   n = 20000
│   row.n_direct = 96808
│   e_u = 2.8597265436408938e-5
│   e_j = 4.8440343609600256e-5
│   e_j_warm = 4.844076334283326e-5
│   e_sfs_first = 9.501971486575705e-5
│   e_sfs_warm = 9.501845797146097e-5
│   t_uj = 0.005379431
│   t_ujsfs = 0.006165277
└   replay_drift = 1.2568942960803752e-9
┌ Info: fm048 sweep config
│   case = "cube"
│   P = 6
│   R = Float32
│   rho_t = 4.789
│   q = 17
│   ell = 3
│   n = 20000
│   row.n_direct = 80896
│   e_u = 2.8754118127491465e-5
│   e_j = 5.413494751645112e-5
│   e_j_warm = 5.4136401363913355e-5
│   e_sfs_first = 0.00010953456632394369
│   e_sfs_warm = 0.00010951606336756212
│   t_uj = 0.005383243
│   t_ujsfs = 0.006109456
└   replay_drift = 1.8502956381565515e-8
┌ Info: fm048 sweep config
│   case = "cube"
│   P = 6
│   R = Float32
│   rho_t = 4.789
│   q = 0
│   ell = 3
│   n = 20000
│   row.n_direct = 69664
│   e_u = 2.906456772691916e-5
│   e_j = 6.329053872863592e-5
│   e_j_warm = 6.329007664564781e-5
│   e_sfs_first = 0.00013013557988520726
│   e_sfs_warm = 0.0001301442498869539
│   t_uj = 0.005272062
│   t_ujsfs = 0.005936263
└   replay_drift = 8.670001746646349e-9
┌ Info: fm048 sweep config
│   case = "cube"
│   P = 6
│   R = Float32
│   rho_t = 4.211
│   q = 14
│   ell = 3
│   n = 20000
│   row.n_direct = 69664
│   e_u = 6.159159654447259e-5
│   e_j = 0.0003035610164172657
│   e_j_warm = 0.0003035609495518995
│   e_sfs_first = 0.0005670723651035515
│   e_sfs_warm = 0.0005670787639565633
│   t_uj = 0.005211753
│   t_ujsfs = 0.00584851
└   replay_drift = 6.3988530118021594e-9
┌ Info: fm048 sweep phase 2: p018 arms
│   n = 210056
└   n_arms = 8
┌ Info: fm048 sweep config
│   case = "p018"
│   P = 4
│   R = Float64
│   rho_t = 4.211
│   q = 0
│   ell = 4
│   n = 210056
│   row.n_direct = 126778
│   e_u = 0.00010882493524282139
│   e_j = 0.0005803370121554655
│   e_j_warm = 0.0005803370121554655
│   e_sfs_first = 0.002797685665531487
│   e_sfs_warm = 0.0027976856655314926
│   t_uj = 0.062872816
│   t_ujsfs = 0.090578756
└   replay_drift = 5.637851296924623e-18
┌ Info: fm048 sweep config
│   case = "p018"
│   P = 4
│   R = Float64
│   rho_t = 4.789
│   q = 0
│   ell = 4
│   n = 210056
│   row.n_direct = 126778
│   e_u = 0.00010851213045355128
│   e_j = 0.0005534320380340762
│   e_j_warm = 0.0005534320380340762
│   e_sfs_first = 0.0027237584184227857
│   e_sfs_warm = 0.0027237584184227888
│   t_uj = 0.063815257
│   t_ujsfs = 0.091170647
└   replay_drift = 3.0357660829594124e-18
┌ Info: fm048 sweep config
│   case = "p018"
│   P = 8
│   R = Float64
│   rho_t = 4.789
│   q = 14
│   ell = 4
│   n = 210056
│   row.n_direct = 167798
│   e_u = 1.7207207898734064e-6
│   e_j = 1.802966653646749e-5
│   e_j_warm = 1.802966653646721e-5
│   e_sfs_first = 5.8442177653323395e-5
│   e_sfs_warm = 5.844217765332292e-5
│   t_uj = 0.092830142
│   t_ujsfs = 0.131551565
└   replay_drift = 4.743384504624082e-19
┌ Info: fm048 sweep config
│   case = "p018"
│   P = 8
│   R = Float64
│   rho_t = 4.789
│   q = 0
│   ell = 4
│   n = 210056
│   row.n_direct = 126778
│   e_u = 1.7242596267299129e-6
│   e_j = 1.8047351254169236e-5
│   e_j_warm = 1.8047351254169805e-5
│   e_sfs_first = 5.8858453487368755e-5
│   e_sfs_warm = 5.8858453487366404e-5
│   t_uj = 0.078206729
│   t_ujsfs = 0.106221753
└   replay_drift = 2.3513634615779377e-18
┌ Info: fm048 sweep config
│   case = "p018"
│   P = 6
│   R = Float64
│   rho_t = 4.789
│   q = 20
│   ell = 4
│   n = 210056
│   row.n_direct = 238850
│   e_u = 1.8067460825625443e-6
│   e_j = 1.8527435205780658e-5
│   e_j_warm = 1.8527435205781183e-5
│   e_sfs_first = 6.292249189245162e-5
│   e_sfs_warm = 6.292249189244028e-5
│   t_uj = 0.102521193
│   t_ujsfs = 0.154897187
└   replay_drift = 1.134346522962959e-17
┌ Info: fm048 sweep config
│   case = "p018"
│   P = 6
│   R = Float64
│   rho_t = 4.789
│   q = 17
│   ell = 4
│   n = 210056
│   row.n_direct = 196566
│   e_u = 1.9895226782184537e-6
│   e_j = 1.9449132362792147e-5
│   e_j_warm = 1.944913236279298e-5
│   e_sfs_first = 7.23638127660442e-5
│   e_sfs_warm = 7.236381276602597e-5
│   t_uj = 0.089562687
│   t_ujsfs = 0.132865485
└   replay_drift = 1.8228149024912543e-17
┌ Info: fm048 sweep config
│   case = "p018"
│   P = 6
│   R = Float64
│   rho_t = 4.789
│   q = 0
│   ell = 4
│   n = 210056
│   row.n_direct = 126778
│   e_u = 3.6868687526304796e-6
│   e_j = 2.9158113607989967e-5
│   e_j_warm = 2.91581136079899e-5
│   e_sfs_first = 0.00014644841086949414
│   e_sfs_warm = 0.00014644841086949574
│   t_uj = 0.065414591
│   t_ujsfs = 0.093446732
└   replay_drift = 1.599198204416119e-18
┌ Info: fm048 sweep config
│   case = "p018"
│   P = 6
│   R = Float64
│   rho_t = 4.211
│   q = 14
│   ell = 4
│   n = 210056
│   row.n_direct = 167798
│   e_u = 7.688948599297789e-6
│   e_j = 0.00018213588388058365
│   e_j_warm = 0.0001821358838805841
│   e_sfs_first = 0.0006397015551056647
│   e_sfs_warm = 0.0006397015551056503
│   t_uj = 0.078073284
│   t_ujsfs = 0.116647848
└   replay_drift = 1.441988889405721e-17
=== fm048 sweep gate report (strict delivered gate on the production field) ===
p018 P=4 rho_t=4.211 q=derived: e_sfs=0.0027976856655314926 FAIL (gate 0.0005); cube e_sfs=0.003961124191502323, p018/cube ratio=0.7062857740066018, t_ujsfs=0.090578756s (cube 0.006459871s)
p018 P=4 rho_t=4.789 q=derived: e_sfs=0.0027237584184227888 FAIL (gate 0.0005); cube e_sfs=0.0019202103943568385, p018/cube ratio=1.4184687398982097, t_ujsfs=0.091170647s (cube 0.007500908s)
p018 P=8 rho_t=4.789 q=14: e_sfs=5.844217765332292e-5 PASS (gate 0.0005); cube e_sfs=9.357252654821363e-5, p018/cube ratio=0.6245655622348761, t_ujsfs=0.131551565s (cube 0.01095026s)
p018 P=8 rho_t=4.789 q=derived: e_sfs=5.8858453487366404e-5 PASS (gate 0.0005); cube e_sfs=9.357252654822087e-5, p018/cube ratio=0.6290142594048136, t_ujsfs=0.106221753s (cube 0.010923013s)
p018 P=6 rho_t=4.789 q=20: e_sfs=6.292249189244028e-5 PASS (gate 0.0005); cube e_sfs=0.00010021237662869222, p018/cube ratio=0.6278914242856574, t_ujsfs=0.154897187s (cube 0.007584578s)
p018 P=6 rho_t=4.789 q=17: e_sfs=7.236381276602597e-5 PASS (gate 0.0005); cube e_sfs=0.00011346054427288128, p018/cube ratio=0.6377883451007028, t_ujsfs=0.132865485s (cube 0.007114562s)
p018 P=6 rho_t=4.789 q=derived: e_sfs=0.00014644841086949574 PASS (gate 0.0005); cube e_sfs=0.00013594106663318857, p018/cube ratio=1.0772933779066134, t_ujsfs=0.093446732s (cube 0.006837101s)
p018 P=6 rho_t=4.211 q=14: e_sfs=0.0006397015551056503 FAIL (gate 0.0005); cube e_sfs=0.0005953934398782321, p018/cube ratio=1.0744182119918553, t_ujsfs=0.116647848s (cube 0.006584749s)
FM048_SWEEP_CSV=/home/rander39/FLOWVPM-046/fm048_sweep_13303399.csv
