[statics=false extracap=false allocwrap=false] call1 u=0.0003705961403954665 j=0.002000364983724385
[statics=false extracap=false allocwrap=false] call2 u=0.00037059614039546685 j=0.002000364983724385
[statics=false extracap=false allocwrap=false] call3 u=0.00037059614039546663 j=0.002000364983724385
[statics=false extracap=false allocwrap=false] call4 u=0.0003705961403954675 j=0.002000364983724385
[statics=false extracap=false allocwrap=false] call5 u=0.00037059614039546695 j=0.002000364983724385
[statics=false extracap=false allocwrap=false] call6 u=0.0003705961403954667 j=0.0020003649837243855
[statics=false extracap=false allocwrap=false] eligible=true graph=true epoch_ok=true
[statics=false extracap=false allocwrap=false] call7 u=0.0003705961403954664 j=0.0020003649837243855
[statics=false extracap=false allocwrap=false] call8 u=0.000370596140395466 j=0.002000364983724385
[statics=false extracap=false allocwrap=false] call9-graphoff u=0.0003705961403954655 j=0.0020003649837243855
[statics=false extracap=false allocwrap=false] call10-graphon u=0.00037059614039546636 j=0.002000364983724385
[statics=false extracap=false allocwrap=true] call1 u=0.0003705961403954662 j=0.002000364983724385
[statics=false extracap=false allocwrap=true] call2 u=0.00037059614039546695 j=0.002000364983724385
[statics=false extracap=false allocwrap=true] call3 u=0.0003705961403954673 j=0.002000364983724385
[statics=false extracap=false allocwrap=true] call4 u=0.0003705961403954665 j=0.002000364983724385
[statics=false extracap=false allocwrap=true] call5 u=0.0003705961403954671 j=0.0020003649837243855
[statics=false extracap=false allocwrap=true] call6 u=0.0003705961403954661 j=0.002000364983724385
[statics=false extracap=false allocwrap=true] allocs host=(100480,122704) device=(384,384)
[statics=false extracap=false allocwrap=true] eligible=true graph=true epoch_ok=true
[statics=false extracap=false allocwrap=true] call7 u=0.0003705961403954662 j=0.002000364983724385
[statics=false extracap=false allocwrap=true] call8 u=0.00037059614039546614 j=0.002000364983724385
[statics=false extracap=false allocwrap=true] call9-graphoff u=0.0003705961403954676 j=0.002000364983724385
[statics=false extracap=false allocwrap=true] call10-graphon u=0.00037059614039546603 j=0.002000364983724385
[statics=false extracap=true allocwrap=false] call1 u=0.0003705961403954672 j=0.002000364983724385
[statics=false extracap=true allocwrap=false] call2 u=0.0003705961403954675 j=0.002000364983724385
[statics=false extracap=true allocwrap=false] call3 u=0.0003705961403954673 j=0.0020003649837243855
[statics=false extracap=true allocwrap=false] call4 u=0.00037059614039546695 j=0.0020003649837243855
[statics=false extracap=true allocwrap=false] call5 u=0.00037059614039546636 j=0.002000364983724385
[statics=false extracap=true allocwrap=false] call6 u=0.00037059614039546647 j=0.002000364983724385
[statics=false extracap=true allocwrap=false] eligible=true graph=true epoch_ok=true
[statics=false extracap=true allocwrap=false] call7 u=0.00037059614039546674 j=0.002000364983724385
[statics=false extracap=true allocwrap=false] call8 u=0.0003705961403954655 j=0.002000364983724385
[statics=false extracap=true allocwrap=false] call9-graphoff u=0.00037059614039546744 j=0.0020003649837243855
[statics=false extracap=true allocwrap=false] call10-graphon u=0.0003705961403954665 j=0.0020003649837243855
[statics=false extracap=true allocwrap=true] call1 u=0.00037059614039546733 j=0.002000364983724385
[statics=false extracap=true allocwrap=true] call2 u=0.00037059614039546614 j=0.002000364983724385
[statics=false extracap=true allocwrap=true] call3 u=0.0003705961403954673 j=0.002000364983724385
[statics=false extracap=true allocwrap=true] call4 u=0.00037059614039546733 j=0.002000364983724385
[statics=false extracap=true allocwrap=true] call5 u=0.0003705961403954675 j=0.0020003649837243855
[statics=false extracap=true allocwrap=true] call6 u=0.0003705961403954665 j=0.002000364983724385
[statics=false extracap=true allocwrap=true] allocs host=(100480,122704) device=(384,384)
[statics=false extracap=true allocwrap=true] eligible=true graph=true epoch_ok=true
[statics=false extracap=true allocwrap=true] call7 u=0.00037059614039546695 j=0.002000364983724385
[statics=false extracap=true allocwrap=true] call8 u=0.0003705961403954669 j=0.002000364983724385
[statics=false extracap=true allocwrap=true] call9-graphoff u=0.0003705961403954672 j=0.002000364983724385
[statics=false extracap=true allocwrap=true] call10-graphon u=0.00037059614039546695 j=0.0020003649837243855
[statics=true extracap=false allocwrap=false] call1 u=0.0003705961403954679 j=0.0020003649837243846
[statics=true extracap=false allocwrap=false] call2 u=0.012496932994515502 j=0.015816743137989822
[statics=true extracap=false allocwrap=false] call3 u=0.024985793612498836 j=0.031441455470903414
[statics=true extracap=false allocwrap=false] call4 u=0.03747648577481895 j=0.047108266110896864
[statics=true extracap=false allocwrap=false] call5 u=0.049967635975908156 j=0.06278566878700872
[statics=true extracap=false allocwrap=false] call6 u=0.06245896940727069 j=0.07846731503817027
[statics=true extracap=false allocwrap=false] eligible=true graph=true epoch_ok=true
[statics=true extracap=false allocwrap=false] call7 u=0.07495039445675201 j=0.09415108448009288
[statics=true extracap=false allocwrap=false] call8 u=0.08744187186030453 j=0.10983606758923191
[statics=true extracap=false allocwrap=false] call9-graphoff u=0.09993338198546044 j=0.125521809393291
[statics=true extracap=false allocwrap=false] call10-graphon u=0.11242491392514753 j=0.14120805705934647
[statics=true extracap=false allocwrap=true] call1 u=0.0003705961403954684 j=0.0020003649837243846
[statics=true extracap=false allocwrap=true] call2 u=0.012496932994515502 j=0.015816743137989822
[statics=true extracap=false allocwrap=true] call3 u=0.024985793612498836 j=0.031441455470903414
[statics=true extracap=false allocwrap=true] call4 u=0.03747648577481895 j=0.047108266110896864
[statics=true extracap=false allocwrap=true] call5 u=0.049967635975908156 j=0.06278566878700872
[statics=true extracap=false allocwrap=true] call6 u=0.06245896940727069 j=0.07846731503817027
[statics=true extracap=false allocwrap=true] allocs host=(100480,122704) device=(384,384)
[statics=true extracap=false allocwrap=true] eligible=true graph=true epoch_ok=true
[statics=true extracap=false allocwrap=true] call7 u=0.07495039445675201 j=0.09415108448009288
[statics=true extracap=false allocwrap=true] call8 u=0.08744187186030453 j=0.10983606758923191
[statics=true extracap=false allocwrap=true] call9-graphoff u=0.09993338198546044 j=0.125521809393291
[statics=true extracap=false allocwrap=true] call10-graphon u=0.11242491392514753 j=0.1412080570593465
[statics=true extracap=true allocwrap=false] call1 u=0.0003705961403954687 j=0.002000364983724385
[statics=true extracap=true allocwrap=false] call2 u=0.012496932994515502 j=0.015816743137989826
[statics=true extracap=true allocwrap=false] call3 u=0.02498579361249883 j=0.031441455470903414
[statics=true extracap=true allocwrap=false] call4 u=0.03747648577481895 j=0.047108266110896864
[statics=true extracap=true allocwrap=false] call5 u=0.049967635975908156 j=0.06278566878700872
[statics=true extracap=true allocwrap=false] call6 u=0.06245896940727069 j=0.07846731503817027
[statics=true extracap=true allocwrap=false] eligible=true graph=true epoch_ok=true
[statics=true extracap=true allocwrap=false] call7 u=0.07495039445675201 j=0.09415108448009288
[statics=true extracap=true allocwrap=false] call8 u=0.08744187186030451 j=0.10983606758923191
[statics=true extracap=true allocwrap=false] call9-graphoff u=0.09993338198546044 j=0.125521809393291
[statics=true extracap=true allocwrap=false] call10-graphon u=0.11242491392514753 j=0.14120805705934647
[statics=true extracap=true allocwrap=true] call1 u=0.0003705961403954688 j=0.002000364983724385
[statics=true extracap=true allocwrap=true] call2 u=0.012496932994515502 j=0.015816743137989826
[statics=true extracap=true allocwrap=true] call3 u=0.024985793612498836 j=0.031441455470903414
[statics=true extracap=true allocwrap=true] call4 u=0.03747648577481895 j=0.047108266110896864
[statics=true extracap=true allocwrap=true] call5 u=0.049967635975908156 j=0.06278566878700872
[statics=true extracap=true allocwrap=true] call6 u=0.06245896940727069 j=0.07846731503817027
[statics=true extracap=true allocwrap=true] allocs host=(100480,122704) device=(384,384)
[statics=true extracap=true allocwrap=true] eligible=true graph=true epoch_ok=true
[statics=true extracap=true allocwrap=true] call7 u=0.07495039445675201 j=0.09415108448009288
[statics=true extracap=true allocwrap=true] call8 u=0.08744187186030453 j=0.10983606758923191
[statics=true extracap=true allocwrap=true] call9-graphoff u=0.09993338198546044 j=0.125521809393291
[statics=true extracap=true allocwrap=true] call10-graphon u=0.11242491392514753 j=0.14120805705934647
fm048 replay diagnostic v2 complete
