=== node: m13h-2-2
GPU 0: NVIDIA H200 (UUID: GPU-5a0e34ff-f4a7-016f-04d0-9b2ede4de7cd)
CUDA_HOME=/apps/cudatoolkit/12.8.1
=== stage 1: FastMultipole device tests (unified branch) ===
Precompiling FastMultipole...
   6395.2 ms  ✓ FastMultipole
  1 dependency successfully precompiled in 8 seconds. 20 already precompiled.
Precompiling CUDA...
  23741.1 ms  ✓ CUDACore
   8999.2 ms  ✓ cuRAND
   9154.0 ms  ✓ cuFFT
   9504.5 ms  ✓ NVML
   9894.9 ms  ✓ CUPTI
  11856.9 ms  ✓ cuSPARSE
  14054.9 ms  ✓ cuBLAS
  14646.1 ms  ✓ CUDATools
  12762.9 ms  ✓ cuSOLVER
   8457.1 ms  ✓ CUDA
  10067.1 ms  ✓ Atomix → AtomixCUDAExt
  11 dependencies successfully precompiled in 77 seconds. 93 already precompiled.
Test Summary:                           | Pass  Total     Time
CUDA device-system interface (task 032) | 1333   1333  2m30.8s
Test Summary:                        | Pass  Total     Time
CUDA radix lifecycle gate (task 022) |  227    227  2m06.9s
Test Summary:                                                  | Pass  Total  Time
ConcatenatedFixedZM2L host parity (task 022 throughput repair) |   37     37  7.1s
┌ Info: SFS host pass mechanical parity [P=4]
└   mech = 1.9518221730269553e-16
┌ Info: SFS host pass vs exact-J brute force [P=4]
└   phys = 0.00021711093602543683
┌ Info: SFS host pass mechanical parity [P=8]
└   mech = 2.613537963144864e-16
┌ Info: SFS host pass vs exact-J brute force [P=8]
└   phys = 1.8779064226622e-5
Test Summary:                              | Pass  Total   Time
device-system interface stage 1 (task 032) |  930    930  32.9s
Test Summary:                                  | Pass  Total  Time
direct-kernel functor trait stage 2 (task 032) |   22     22  6.3s
Test Summary:                             | Pass  Total  Time
partitioned nearfield stage A (task 032a) |  827    827  5.1s
Test Summary:                          | Pass  Total  Time
two-pass nearfield stage B (task 032a) | 1248   1248  6.8s
Test Summary:                                   | Pass  Total  Time
stage 3 (task 032): recenter!, deprecated hooks |   21     21  1.3s
Test Summary:                                    |  Pass  Total  Time
binned nearfield pair stream stage C (task 032a) | 32367  32367  3.4s
Test Summary:                   | Pass  Total  Time
cheapened g/h modes (task 037f) |  840    840  0.9s
Test Summary:                                                   | Pass  Total  Time
shipped nearfield defaults (task 032a Checkpoint D, 2026-08-07) |    9      9  0.2s
Test Summary:            | Pass  Total  Time
SFS host pass (task 048) |   20     20  2.3s
Test Summary:                | Pass  Total   Time
radix settings surface (047) |  108    108  10.7s
=== stage 2: FLOWVPM direct-sum GPU regression (runtests_gpu.jl) ===
Precompiling FLOWVPM...
   7199.2 ms  ✓ FLOWVPM
  1 dependency successfully precompiled in 16 seconds. 120 already precompiled.
Precompiling SpecialFunctionsExt...
   5084.8 ms  ✓ CUDACore → SpecialFunctionsExt
  1 dependency successfully precompiled in 8 seconds. 86 already precompiled.
Precompiling FLOWVPMCUDAExt...
   7437.5 ms  ✓ FLOWVPM → FLOWVPMCUDAExt
  1 dependency successfully precompiled in 15 seconds. 193 already precompiled.
Test Summary:                                                 | Pass  Total   Time
GPU direct-sum kernels (gpu_direct!/zeta_direct/Estr_direct!) |   48     48  32.0s
Test Summary:                                                      | Pass  Total  Time
add_particle builds a GPU-backed field directly (no CPU bulk-copy) |   84     84  5.3s
=== stage 3: radix FMM coupling tests (host + device, incl. 048 SFS) ===
Test Summary:                                  | Pass  Total   Time
nextstep U_prev: loop vs broadcast equivalence |    6      6  10.8s
┌ Info: host radix coupling [cube n=4000]
│   err.u_rel_rms = 0.0007084256921606173
└   err.j_rel_rms = 0.0031163571360493412
┌ Info: host radix coupling [wake n=1500]
│   err.u_rel_rms = 0.00018513720455427522
└   err.j_rel_rms = 0.0007817825183657797
Test Summary:                               | Pass  Total   Time
radix FMM coupling (host path) vs UJ_direct |   12     12  22.0s
┌ Info: 035 settings [partitioned + concat]
│   err.u_rel_rms = 0.00018513720455427522
└   err.j_rel_rms = 0.0007817825183657782
┌ Info: 035 settings [partitioned + precomputed_y]
│   err.u_rel_rms = 0.00018513720455427566
└   err.j_rel_rms = 0.0007817825183657796
┌ Info: 035 settings [regularized + dense]
│   err.u_rel_rms = 1.7000097172254492e-5
└   err.j_rel_rms = 9.027079202669643e-5
Test Summary:                                            | Pass  Total   Time
radix FMM coupling: task-035 tuning settings (host path) |   99     99  10.1s
Test Summary:                          | Pass  Total  Time
radix FMM coupling: automatic recenter |    2      2  1.7s
┌ Info: rectangular host radix coupling [wake n=1500]
│   err.u_rel_rms = 0.00017406940901323466
└   err.j_rel_rms = 0.0007536144058241078
Test Summary:                                                | Pass  Total  Time
radix FMM coupling: rectangular bounds (task 037, host path) |   30     30  1.9s
Test Summary:                                        | Pass  Total  Time
radix FMM coupling: automatic recenter (rectangular) |    5      5  0.7s
Test Summary:                                       | Pass  Total  Time
radix FMM coupling: loud unsupported configurations |    4      4  1.8s
┌ Info: SFS host radix [cube n=1500 P=4 Float64 rho_t=4.211]
│   e_mech = 2.6396993793135704e-9
│   e_direct = 0.00040929795446622387
│   e_fmm = 0.0004092979544662178
│   e_sanity = 4.00271755567765e-15
│   j_rel = 0.0002136399834221702
└   strict_gate = 1.0e-6
┌ Info: SFS host radix [cube n=1500 P=4 Float64 rho_t=4.789]
│   e_mech = 2.6395673012187247e-9
│   e_direct = 0.00015973091478043572
│   e_fmm = 0.000159730914780217
│   e_sanity = 4.00271755567765e-15
│   j_rel = 6.395227723838381e-5
└   strict_gate = 1.0e-6
┌ Info: SFS host radix [cube n=1500 P=8 Float64 rho_t=4.211]
│   e_mech = 2.639470871040456e-9
│   e_direct = 0.0003882851759370884
│   e_fmm = 0.0003882851759371453
│   e_sanity = 4.00271755567765e-15
│   j_rel = 0.00020814715673364253
└   strict_gate = 1.0e-6
┌ Info: SFS host radix [cube n=1500 P=8 Float64 rho_t=4.789]
│   e_mech = 2.639338806001938e-9
│   e_direct = 9.18434420544306e-5
│   e_fmm = 9.184344205432099e-5
│   e_sanity = 4.00271755567765e-15
│   j_rel = 4.186259900494014e-5
└   strict_gate = 1.0e-6
┌ Info: SFS host radix [cube n=1500 P=4 Float32 rho_t=4.211]
│   e_mech = 4.0881713876786536e-7
│   e_direct = 0.00040945947448331433
│   e_fmm = 0.0004094590773786664
│   e_sanity = 2.757518610998588e-6
│   j_rel = 0.00021364144667308698
└   strict_gate = 0.001
radix FMM coupling: SFS host path (task 048): Error During Test at /home/rander39/FLOWVPM-046/test/runtests_gpu_fmm.jl:613
 Unexpected Pass
 Expression: e_direct <= strict_gate
 Got correct result, please change to @test if no longer broken.

radix FMM coupling: SFS host path (task 048): Error During Test at /home/rander39/FLOWVPM-046/test/runtests_gpu_fmm.jl:614
 Unexpected Pass
 Expression: e_fmm <= strict_gate
 Got correct result, please change to @test if no longer broken.

┌ Info: SFS host radix [cube n=1500 P=4 Float32 rho_t=4.789]
│   e_mech = 4.015424546576685e-7
│   e_direct = 0.00015981604478226675
│   e_fmm = 0.00015982133802181934
│   e_sanity = 2.757518610998588e-6
│   j_rel = 6.39637219657888e-5
└   strict_gate = 0.001
radix FMM coupling: SFS host path (task 048): Error During Test at /home/rander39/FLOWVPM-046/test/runtests_gpu_fmm.jl:613
 Unexpected Pass
 Expression: e_direct <= strict_gate
 Got correct result, please change to @test if no longer broken.

radix FMM coupling: SFS host path (task 048): Error During Test at /home/rander39/FLOWVPM-046/test/runtests_gpu_fmm.jl:614
 Unexpected Pass
 Expression: e_fmm <= strict_gate
 Got correct result, please change to @test if no longer broken.

┌ Info: SFS host radix [cube n=1500 P=8 Float32 rho_t=4.211]
│   e_mech = 4.081828937535331e-7
│   e_direct = 0.00038842036204236484
│   e_fmm = 0.0003884101558132454
│   e_sanity = 2.757518610998588e-6
│   j_rel = 0.0002081491409499077
└   strict_gate = 0.001
radix FMM coupling: SFS host path (task 048): Error During Test at /home/rander39/FLOWVPM-046/test/runtests_gpu_fmm.jl:613
 Unexpected Pass
 Expression: e_direct <= strict_gate
 Got correct result, please change to @test if no longer broken.

radix FMM coupling: SFS host path (task 048): Error During Test at /home/rander39/FLOWVPM-046/test/runtests_gpu_fmm.jl:614
 Unexpected Pass
 Expression: e_fmm <= strict_gate
 Got correct result, please change to @test if no longer broken.

┌ Info: SFS host radix [cube n=1500 P=8 Float32 rho_t=4.789]
│   e_mech = 4.042286113011428e-7
│   e_direct = 9.203165009844163e-5
│   e_fmm = 9.199961259997846e-5
│   e_sanity = 2.757518610998588e-6
│   j_rel = 4.187843715580052e-5
└   strict_gate = 0.001
radix FMM coupling: SFS host path (task 048): Error During Test at /home/rander39/FLOWVPM-046/test/runtests_gpu_fmm.jl:613
 Unexpected Pass
 Expression: e_direct <= strict_gate
 Got correct result, please change to @test if no longer broken.

radix FMM coupling: SFS host path (task 048): Error During Test at /home/rander39/FLOWVPM-046/test/runtests_gpu_fmm.jl:614
 Unexpected Pass
 Expression: e_fmm <= strict_gate
 Got correct result, please change to @test if no longer broken.

┌ Info: SFS host radix classic scheme [cube n=1500 P=4]
│   e_mech_c = 3.038177224874355e-9
│   e_classic = 0.003251851321969033
└   j_rel_c = 0.0019469053142683916
Test Summary:                                | Pass  Error  Broken  Total     Time
radix FMM coupling: SFS host path (task 048) |   47      8       8     63  5m33.1s
ERROR: LoadError: Some tests did not pass: 47 passed, 0 failed, 8 errored, 8 broken.
in expression starting at /home/rander39/FLOWVPM-046/test/runtests_gpu_fmm.jl:162
