=== node: m13h-2-1
GPU 0: NVIDIA H200 (UUID: GPU-ac375451-de0f-a0b4-2a49-63796e135e76)
CUDA_HOME=/apps/cudatoolkit/12.8.1
=== stage 1: FastMultipole device tests (unified branch) ===
Test Summary:                           | Pass  Total     Time
CUDA device-system interface (task 032) | 1333   1333  2m33.7s
Test Summary:                        | Pass  Total     Time
CUDA radix lifecycle gate (task 022) |  227    227  2m09.5s
Test Summary:                                                  | Pass  Total  Time
ConcatenatedFixedZM2L host parity (task 022 throughput repair) |   37     37  7.3s
┌ Info: SFS host pass mechanical parity [P=4]
└   mech = 1.9518221730269553e-16
┌ Info: SFS host pass vs exact-J brute force [P=4]
└   phys = 0.00021711093602543683
┌ Info: SFS host pass mechanical parity [P=8]
└   mech = 2.613537963144864e-16
┌ Info: SFS host pass vs exact-J brute force [P=8]
└   phys = 1.8779064226622e-5
Test Summary:                              | Pass  Total   Time
device-system interface stage 1 (task 032) |  930    930  33.5s
Test Summary:                                  | Pass  Total  Time
direct-kernel functor trait stage 2 (task 032) |   22     22  6.4s
Test Summary:                             | Pass  Total  Time
partitioned nearfield stage A (task 032a) |  827    827  5.1s
Test Summary:                          | Pass  Total  Time
two-pass nearfield stage B (task 032a) | 1248   1248  7.0s
Test Summary:                                   | Pass  Total  Time
stage 3 (task 032): recenter!, deprecated hooks |   21     21  1.3s
Test Summary:                                    |  Pass  Total  Time
binned nearfield pair stream stage C (task 032a) | 32367  32367  3.4s
Test Summary:                   | Pass  Total  Time
cheapened g/h modes (task 037f) |  840    840  0.9s
Test Summary:                                                   | Pass  Total  Time
shipped nearfield defaults (task 032a Checkpoint D, 2026-08-07) |    9      9  0.2s
Test Summary:            | Pass  Total  Time
SFS host pass (task 048) |   20     20  2.3s
Test Summary:                | Pass  Total   Time
radix settings surface (047) |  108    108  10.9s
=== stage 2: FLOWVPM direct-sum GPU regression (runtests_gpu.jl) ===
Test Summary:                                                 | Pass  Total   Time
GPU direct-sum kernels (gpu_direct!/zeta_direct/Estr_direct!) |   48     48  32.4s
Test Summary:                                                      | Pass  Total  Time
add_particle builds a GPU-backed field directly (no CPU bulk-copy) |   84     84  5.3s
=== stage 3: radix FMM coupling tests (host + device, incl. 048 SFS) ===
Test Summary:                                  | Pass  Total   Time
nextstep U_prev: loop vs broadcast equivalence |    6      6  11.1s
┌ Info: host radix coupling [cube n=4000]
│   err.u_rel_rms = 0.0007084256921606173
└   err.j_rel_rms = 0.0031163571360493412
┌ Info: host radix coupling [wake n=1500]
│   err.u_rel_rms = 0.00018513720455427522
└   err.j_rel_rms = 0.0007817825183657797
Test Summary:                               | Pass  Total   Time
radix FMM coupling (host path) vs UJ_direct |   12     12  22.4s
┌ Info: 035 settings [partitioned + concat]
│   err.u_rel_rms = 0.00018513720455427522
└   err.j_rel_rms = 0.0007817825183657782
┌ Info: 035 settings [partitioned + precomputed_y]
│   err.u_rel_rms = 0.00018513720455427566
└   err.j_rel_rms = 0.0007817825183657796
┌ Info: 035 settings [regularized + dense]
│   err.u_rel_rms = 1.7000097172254492e-5
└   err.j_rel_rms = 9.027079202669643e-5
Test Summary:                                            | Pass  Total   Time
radix FMM coupling: task-035 tuning settings (host path) |   99     99  10.2s
Test Summary:                          | Pass  Total  Time
radix FMM coupling: automatic recenter |    2      2  1.8s
┌ Info: rectangular host radix coupling [wake n=1500]
│   err.u_rel_rms = 0.00017406940901323466
└   err.j_rel_rms = 0.0007536144058241078
Test Summary:                                                | Pass  Total  Time
radix FMM coupling: rectangular bounds (task 037, host path) |   30     30  1.9s
Test Summary:                                        | Pass  Total  Time
radix FMM coupling: automatic recenter (rectangular) |    5      5  0.8s
Test Summary:                                       | Pass  Total  Time
radix FMM coupling: loud unsupported configurations |    4      4  1.7s
┌ Info: SFS host radix [cube n=1500 P=4 Float64 rho_t=4.211]
│   e_mech = 2.6396993793135704e-9
│   e_direct = 0.00040929795446622387
│   e_fmm = 0.0004092979544662178
│   e_sanity = 4.00271755567765e-15
│   j_rel = 0.0002136399834221702
└   strict_gate = 0.0005
┌ Info: SFS host radix [cube n=1500 P=4 Float64 rho_t=4.789]
│   e_mech = 2.6395673012187247e-9
│   e_direct = 0.00015973091478043572
│   e_fmm = 0.000159730914780217
│   e_sanity = 4.00271755567765e-15
│   j_rel = 6.395227723838381e-5
└   strict_gate = 0.0005
┌ Info: SFS host radix [cube n=1500 P=8 Float64 rho_t=4.211]
│   e_mech = 2.639470871040456e-9
│   e_direct = 0.0003882851759370884
│   e_fmm = 0.0003882851759371453
│   e_sanity = 4.00271755567765e-15
│   j_rel = 0.00020814715673364253
└   strict_gate = 0.0005
┌ Info: SFS host radix [cube n=1500 P=8 Float64 rho_t=4.789]
│   e_mech = 2.639338806001938e-9
│   e_direct = 9.18434420544306e-5
│   e_fmm = 9.184344205432099e-5
│   e_sanity = 4.00271755567765e-15
│   j_rel = 4.186259900494014e-5
└   strict_gate = 0.0005
┌ Info: SFS host radix [cube n=1500 P=4 Float32 rho_t=4.211]
│   e_mech = 4.0881713876786536e-7
│   e_direct = 0.00040945947448331433
│   e_fmm = 0.0004094590773786664
│   e_sanity = 2.757518610998588e-6
│   j_rel = 0.00021364144667308698
└   strict_gate = 0.001
┌ Info: SFS host radix [cube n=1500 P=4 Float32 rho_t=4.789]
│   e_mech = 4.015424546576685e-7
│   e_direct = 0.00015981604478226675
│   e_fmm = 0.00015982133802181934
│   e_sanity = 2.757518610998588e-6
│   j_rel = 6.39637219657888e-5
└   strict_gate = 0.001
┌ Info: SFS host radix [cube n=1500 P=8 Float32 rho_t=4.211]
│   e_mech = 4.081828937535331e-7
│   e_direct = 0.00038842036204236484
│   e_fmm = 0.0003884101558132454
│   e_sanity = 2.757518610998588e-6
│   j_rel = 0.0002081491409499077
└   strict_gate = 0.001
┌ Info: SFS host radix [cube n=1500 P=8 Float32 rho_t=4.789]
│   e_mech = 4.042286113011428e-7
│   e_direct = 9.203165009844163e-5
│   e_fmm = 9.199961259997846e-5
│   e_sanity = 2.757518610998588e-6
│   j_rel = 4.187843715580052e-5
└   strict_gate = 0.001
┌ Info: SFS host radix classic scheme [cube n=1500 P=4]
│   e_mech_c = 3.038177224874355e-9
│   e_classic = 0.003251851321969033
└   j_rel_c = 0.0019469053142683916
Test Summary:                                | Pass  Total     Time
radix FMM coupling: SFS host path (task 048) |   63     63  5m14.4s
┌ Info: device radix FMM [cube n=20000 Float64]
│   err.u_rel_rms = 0.0006881716449687932
└   err.j_rel_rms = 0.0033300461610814716
┌ Info: device radix FMM [cube n=20000 Float64] steady-state device alloc (bytes)
└   alloc = 384
┌ Info: device radix FMM [cube n=20000 Float64] warm U/J solve wall time (s), sanity only
└   t_solve = 0.04367362
┌ Info: device radix FMM [wake n=20000 Float64]
│   err.u_rel_rms = 0.00037046951275513567
└   err.j_rel_rms = 0.0020776019107818606
┌ Info: device radix FMM [wake n=20000 Float64] steady-state device alloc (bytes)
└   alloc = 400
┌ Info: device radix FMM [wake n=20000 Float64] warm U/J solve wall time (s), sanity only
└   t_solve = 0.004587439
┌ Info: device radix FMM [cube n=20000 Float32]
│   err.u_rel_rms = 0.0006881699241906938
└   err.j_rel_rms = 0.0033300262222003066
┌ Info: device radix FMM [cube n=20000 Float32] steady-state device alloc (bytes)
└   alloc = 272
┌ Info: device radix FMM [cube n=20000 Float32] warm U/J solve wall time (s), sanity only
└   t_solve = 0.003414266
┌ Info: device radix FMM [wake n=20000 Float32]
│   err.u_rel_rms = 0.0003704895061173723
└   err.j_rel_rms = 0.002077605757157366
┌ Info: device radix FMM [wake n=20000 Float32] steady-state device alloc (bytes)
└   alloc = 288
┌ Info: device radix FMM [wake n=20000 Float32] warm U/J solve wall time (s), sanity only
└   t_solve = 0.00309919
Test Summary:                                   | Pass  Total     Time
device-resident radix FMM: static U/J vs direct |   36     36  1m36.1s
┌ Info: device radix FMM dynamic run (wake n=2000, 5 RK3 steps)
│   pos_err = 5.411056194955244e-8
│   err.u_rel_rms = 0.00020514792233221815
└   err.j_rel_rms = 0.000865475994147616
Test Summary:                                         | Pass  Total  Time
device-resident radix FMM: multi-step RK3 dynamic run |    4      4  8.7s
┌ Info: device radix SFS [cube n=20000 P=4 Float64 rho_t=4.211]
│   err.u_rel_rms = 0.00037060569876686824
│   err.j_rel_rms = 0.0020005156179238297
│   e_sfs = 0.004347393966697367
│   e_kernel = 1.051240125011164e-15
└   e_trunc = 2.122237818340837e-6
┌ Info: device radix SFS [cube n=20000 P=4 Float64 rho_t=4.211] steady-state allocations (bytes)
│   host_alloc_base = 100496
│   host_alloc_sfs = 122880
│   device_alloc_base = 384
└   device_alloc_sfs = 384
┌ Info: device radix SFS replay parity [cube n=20000 P=4 Float64 rho_t=4.211]
│   e_replay = 0.004347393966697367
│   err_replay.u_rel_rms = 0.00037060569876686596
└   err_replay.j_rel_rms = 0.0020005156179238297
┌ Info: device radix SFS [cube n=20000 P=4 Float64 rho_t=4.211] lifecycle-layer allocations (bytes)
│   lifecycle_host = 1488
└   lifecycle_dev = 0
┌ Info: device radix SFS replay-vs-body parity [cube n=20000 P=4 Float64 rho_t=4.211]
└   replay_body_parity = 5.77055799143958e-17
┌ Info: device radix SFS [cube n=20000 P=4 Float32 rho_t=4.211]
│   err.u_rel_rms = 0.00037060623259176664
│   err.j_rel_rms = 0.002000513171936133
│   e_sfs = 0.004347335281938223
│   e_kernel = 5.507863499107595e-7
└   e_trunc = 2.1829182831078563e-6
┌ Info: device radix SFS [cube n=20000 P=4 Float32 rho_t=4.211] steady-state allocations (bytes)
│   host_alloc_base = 98624
│   host_alloc_sfs = 119120
│   device_alloc_base = 272
└   device_alloc_sfs = 272
┌ Info: device radix SFS replay parity [cube n=20000 P=4 Float32 rho_t=4.211]
│   e_replay = 0.004347327155680795
│   err_replay.u_rel_rms = 0.0003706071109041026
└   err_replay.j_rel_rms = 0.002000512862097425
┌ Info: device radix SFS [cube n=20000 P=4 Float32 rho_t=4.211] lifecycle-layer allocations (bytes)
│   lifecycle_host = 1488
└   lifecycle_dev = 0
┌ Info: device radix SFS replay-vs-body parity [cube n=20000 P=4 Float32 rho_t=4.211]
└   replay_body_parity = 2.6019529570841494e-7
┌ Info: device radix SFS [cube n=20000 P=8 Float64 rho_t=4.211]
│   err.u_rel_rms = 6.980716452733134e-5
│   err.j_rel_rms = 0.0003176442416999954
│   e_sfs = 0.0006331650441571315
│   e_kernel = 1.0462337156691573e-15
└   e_trunc = 2.121965664296936e-6
┌ Info: device radix SFS [cube n=20000 P=8 Float64 rho_t=4.211] steady-state allocations (bytes)
│   host_alloc_base = 100496
│   host_alloc_sfs = 122880
│   device_alloc_base = 384
└   device_alloc_sfs = 384
┌ Info: device radix SFS replay parity [cube n=20000 P=8 Float64 rho_t=4.211]
│   e_replay = 0.0006331650441571389
│   err_replay.u_rel_rms = 6.980716452733161e-5
└   err_replay.j_rel_rms = 0.0003176442416999944
┌ Info: device radix SFS [cube n=20000 P=8 Float64 rho_t=4.211] lifecycle-layer allocations (bytes)
│   lifecycle_host = 1488
└   lifecycle_dev = 0
┌ Info: device radix SFS replay-vs-body parity [cube n=20000 P=8 Float64 rho_t=4.211]
└   replay_body_parity = 6.03872732323313e-17
┌ Info: device radix SFS [cube n=20000 P=8 Float32 rho_t=4.211]
│   err.u_rel_rms = 6.981692256187491e-5
│   err.j_rel_rms = 0.0003176436461467268
│   e_sfs = 0.0006330536085144003
│   e_kernel = 5.532483236300971e-7
└   e_trunc = 2.1816927355124497e-6
┌ Info: device radix SFS [cube n=20000 P=8 Float32 rho_t=4.211] steady-state allocations (bytes)
│   host_alloc_base = 98624
│   host_alloc_sfs = 119120
│   device_alloc_base = 272
└   device_alloc_sfs = 272
┌ Info: device radix SFS replay parity [cube n=20000 P=8 Float32 rho_t=4.211]
│   e_replay = 0.0006330280261260112
│   err_replay.u_rel_rms = 6.981764161462796e-5
└   err_replay.j_rel_rms = 0.0003176434924391864
┌ Info: device radix SFS [cube n=20000 P=8 Float32 rho_t=4.211] lifecycle-layer allocations (bytes)
│   lifecycle_host = 1488
└   lifecycle_dev = 0
┌ Info: device radix SFS replay-vs-body parity [cube n=20000 P=8 Float32 rho_t=4.211]
└   replay_body_parity = 2.640216759138e-7
┌ Info: device radix SFS [cube n=20000 P=4 Float64 rho_t=4.789]
│   err.u_rel_rms = 0.0001742310024590514
│   err.j_rel_rms = 0.000928333411365135
│   e_sfs = 0.0019617775137934002
│   e_kernel = 1.149797602605775e-15
└   e_trunc = 3.070089823033423e-8
┌ Info: device radix SFS [cube n=20000 P=4 Float64 rho_t=4.789] steady-state allocations (bytes)
│   host_alloc_base = 100496
│   host_alloc_sfs = 122880
│   device_alloc_base = 384
└   device_alloc_sfs = 384
┌ Info: device radix SFS replay parity [cube n=20000 P=4 Float64 rho_t=4.789]
│   e_replay = 0.001961777513793403
│   err_replay.u_rel_rms = 0.00017423100245905063
└   err_replay.j_rel_rms = 0.0009283334113651356
┌ Info: device radix SFS [cube n=20000 P=4 Float64 rho_t=4.789] lifecycle-layer allocations (bytes)
│   lifecycle_host = 1488
└   lifecycle_dev = 0
┌ Info: device radix SFS replay-vs-body parity [cube n=20000 P=4 Float64 rho_t=4.789]
└   replay_body_parity = 4.872231411787409e-17
┌ Info: device radix SFS [cube n=20000 P=4 Float32 rho_t=4.789]
│   err.u_rel_rms = 0.00017423081731220502
│   err.j_rel_rms = 0.0009283373195406607
│   e_sfs = 0.00196174114975491
│   e_kernel = 5.567397691982103e-7
└   e_trunc = 5.134177117830614e-7
┌ Info: device radix SFS [cube n=20000 P=4 Float32 rho_t=4.789] steady-state allocations (bytes)
│   host_alloc_base = 98624
│   host_alloc_sfs = 119120
│   device_alloc_base = 272
└   device_alloc_sfs = 272
┌ Info: device radix SFS replay parity [cube n=20000 P=4 Float32 rho_t=4.789]
│   e_replay = 0.001961733667950141
│   err_replay.u_rel_rms = 0.00017423117702536483
└   err_replay.j_rel_rms = 0.0009283368008414132
┌ Info: device radix SFS [cube n=20000 P=4 Float32 rho_t=4.789] lifecycle-layer allocations (bytes)
│   lifecycle_host = 1488
└   lifecycle_dev = 0
┌ Info: device radix SFS replay-vs-body parity [cube n=20000 P=4 Float32 rho_t=4.789]
└   replay_body_parity = 2.9922709925534144e-7
┌ Info: device radix SFS [cube n=20000 P=8 Float64 rho_t=4.789]
│   err.u_rel_rms = 3.376311481283938e-5
│   err.j_rel_rms = 4.951728612723652e-5
│   e_sfs = 0.00010039846301672084
│   e_kernel = 1.1564075003808654e-15
└   e_trunc = 3.0685411899998925e-8
┌ Info: device radix SFS [cube n=20000 P=8 Float64 rho_t=4.789] steady-state allocations (bytes)
│   host_alloc_base = 100496
│   host_alloc_sfs = 122880
│   device_alloc_base = 384
└   device_alloc_sfs = 384
┌ Info: device radix SFS replay parity [cube n=20000 P=8 Float64 rho_t=4.789]
│   e_replay = 0.00010039846301671965
│   err_replay.u_rel_rms = 3.3763114812839495e-5
└   err_replay.j_rel_rms = 4.951728612723673e-5
┌ Info: device radix SFS [cube n=20000 P=8 Float64 rho_t=4.789] lifecycle-layer allocations (bytes)
│   lifecycle_host = 1488
└   lifecycle_dev = 0
┌ Info: device radix SFS replay-vs-body parity [cube n=20000 P=8 Float64 rho_t=4.789]
└   replay_body_parity = 5.3430064967582594e-17
┌ Info: device radix SFS [cube n=20000 P=8 Float32 rho_t=4.789]
│   err.u_rel_rms = 3.376764801928601e-5
│   err.j_rel_rms = 4.954750610470869e-5
│   e_sfs = 0.00010029771119439483
│   e_kernel = 5.585629219579818e-7
└   e_trunc = 5.155855599721863e-7
┌ Info: device radix SFS [cube n=20000 P=8 Float32 rho_t=4.789] steady-state allocations (bytes)
│   host_alloc_base = 98624
│   host_alloc_sfs = 119120
│   device_alloc_base = 272
└   device_alloc_sfs = 272
┌ Info: device radix SFS replay parity [cube n=20000 P=8 Float32 rho_t=4.789]
│   e_replay = 0.00010030669432276375
│   err_replay.u_rel_rms = 3.376932206352159e-5
└   err_replay.j_rel_rms = 4.9548033789055464e-5
┌ Info: device radix SFS [cube n=20000 P=8 Float32 rho_t=4.789] lifecycle-layer allocations (bytes)
│   lifecycle_host = 1488
└   lifecycle_dev = 0
┌ Info: device radix SFS replay-vs-body parity [cube n=20000 P=8 Float32 rho_t=4.789]
└   replay_body_parity = 3.029429070472401e-7
┌ Info: device radix SFS [wake n=20000 P=4 Float64 rho_t=4.211]
│   err.u_rel_rms = 0.0002830737899975248
│   err.j_rel_rms = 0.001839495717264811
│   e_sfs = 0.02917156378963925
│   e_kernel = 3.7874253011583674e-15
└   e_trunc = 8.667681238918447e-7
┌ Info: device radix SFS [wake n=20000 P=4 Float64 rho_t=4.211] steady-state allocations (bytes)
│   host_alloc_base = 107168
│   host_alloc_sfs = 129552
│   device_alloc_base = 400
└   device_alloc_sfs = 400
┌ Info: device radix SFS replay parity [wake n=20000 P=4 Float64 rho_t=4.211]
│   e_replay = 0.029171563789639247
│   err_replay.u_rel_rms = 0.00028307378999752487
└   err_replay.j_rel_rms = 0.0018394957172648116
┌ Info: device radix SFS [wake n=20000 P=4 Float64 rho_t=4.211] lifecycle-layer allocations (bytes)
│   lifecycle_host = 1488
└   lifecycle_dev = 0
┌ Info: device radix SFS replay-vs-body parity [wake n=20000 P=4 Float64 rho_t=4.211]
└   replay_body_parity = 3.577568361514628e-17
┌ Info: device radix SFS [wake n=20000 P=4 Float64 rho_t=4.789]
│   err.u_rel_rms = 0.00019010739427351438
│   err.j_rel_rms = 0.0012167195598569752
│   e_sfs = 0.017051083995780474
│   e_kernel = 4.072798674668046e-15
└   e_trunc = 2.0340386700626737e-10
┌ Info: device radix SFS [wake n=20000 P=4 Float64 rho_t=4.789] steady-state allocations (bytes)
│   host_alloc_base = 107168
│   host_alloc_sfs = 129552
│   device_alloc_base = 400
└   device_alloc_sfs = 400
┌ Info: device radix SFS replay parity [wake n=20000 P=4 Float64 rho_t=4.789]
│   e_replay = 0.017051083995780453
│   err_replay.u_rel_rms = 0.00019010739427351457
└   err_replay.j_rel_rms = 0.001216719559856975
┌ Info: device radix SFS [wake n=20000 P=4 Float64 rho_t=4.789] lifecycle-layer allocations (bytes)
│   lifecycle_host = 1488
└   lifecycle_dev = 0
┌ Info: device radix SFS replay-vs-body parity [wake n=20000 P=4 Float64 rho_t=4.789]
└   replay_body_parity = 4.9291548992629234e-17
Test Summary:                                         | Pass  Total     Time
device-resident radix FMM: SFS device pass (task 048) |  300    300  2m54.7s
┌ Info: device radix SFS strict point [cube n=1500 P=4 Float64 rho_t=4.211]
│   err.u_rel_rms = 4.669334299192031e-5
│   err.j_rel_rms = 0.00021364016135718046
│   e_first = 0.0004093180544954369
│   e_warm = 0.0004093180544954301
│   strict_gate = 0.0005
└   graph_live = true
┌ Info: device radix SFS strict point [cube n=1500 P=4 Float64 rho_t=4.789]
│   err.u_rel_rms = 2.8571591358619948e-5
│   err.j_rel_rms = 6.395261758495323e-5
│   e_first = 0.00015973489049542832
│   e_warm = 0.00015973489049543818
│   strict_gate = 0.0005
└   graph_live = true
┌ Info: device radix SFS strict point [cube n=1500 P=8 Float64 rho_t=4.211]
│   err.u_rel_rms = 4.623639935188213e-5
│   err.j_rel_rms = 0.0002081474278416905
│   e_first = 0.00038830553318443793
│   e_warm = 0.0003883055331844459
│   strict_gate = 0.0005
└   graph_live = true
┌ Info: device radix SFS strict point [cube n=1500 P=8 Float64 rho_t=4.789]
│   err.u_rel_rms = 2.7873539758104652e-5
│   err.j_rel_rms = 4.186350572999118e-5
│   e_first = 9.184693720018451e-5
│   e_warm = 9.18469372001865e-5
│   strict_gate = 0.0005
└   graph_live = true
┌ Info: device radix SFS strict point [cube n=1500 P=4 Float32 rho_t=4.211]
│   err.u_rel_rms = 4.670695289910775e-5
│   err.j_rel_rms = 0.00021366509712939286
│   e_first = 0.00040955055493520766
│   e_warm = 0.00040958580090403956
│   strict_gate = 0.001
└   graph_live = true
┌ Info: device radix SFS strict point [cube n=1500 P=4 Float32 rho_t=4.789]
│   err.u_rel_rms = 2.8584382747352536e-5
│   err.j_rel_rms = 6.396044694229324e-5
│   e_first = 0.00015990393793393652
│   e_warm = 0.00015991731578974739
│   strict_gate = 0.001
└   graph_live = true
┌ Info: device radix SFS strict point [cube n=1500 P=8 Float32 rho_t=4.211]
│   err.u_rel_rms = 4.6249531806531914e-5
│   err.j_rel_rms = 0.00020817422843308675
│   e_first = 0.0003885465446868557
│   e_warm = 0.00038852297323734215
│   strict_gate = 0.001
└   graph_live = true
┌ Info: device radix SFS strict point [cube n=1500 P=8 Float32 rho_t=4.789]
│   err.u_rel_rms = 2.7884566399697214e-5
│   err.j_rel_rms = 4.188076432286242e-5
│   e_first = 9.196833683958465e-5
│   e_warm = 9.19794658318608e-5
│   strict_gate = 0.001
└   graph_live = true
Test Summary:                                                 | Pass  Total     Time
device-resident radix SFS: strict tail-budget operating point |   24     24  3m55.3s
stage3_raw_log=/home/rander39/FLOWVPM-046/fm048_device_tests_13302961.log
stage3_raw_log_sha256=ba13ec065807ec74ed65e6c6b755db506f8ee1f403b7b23f25925310373e5c59
=== stage 4: corrected 048 synchronized A/B matrix ===
ERROR: LoadError: cannot convert a value to nothing for assignment
Stacktrace:
  [1] error(s::String)
    @ Base ./error.jl:35
  [2] nonnothingtype_checked(T::Type)
    @ Base ./some.jl:32
  [3] convert(::Type{Nothing}, x::Matrix{Float64})
    @ Base ./some.jl:37
  [4] cvt1
    @ ./essentials.jl:612 [inlined]
  [5] macro expansion
    @ ./ntuple.jl:72 [inlined]
  [6] ntuple
    @ ./ntuple.jl:69 [inlined]
  [7] convert(::Type{Tuple{String, DataType, Int64, Float64, Nothing}}, x::Tuple{String, DataType, Int64, Float64, Matrix{Float64}})
    @ Base ./essentials.jl:614
  [8] push!(a::Vector{Tuple{String, DataType, Int64, Float64, Nothing}}, item::Tuple{String, DataType, Int64, Float64, Matrix{Float64}})
    @ Base ./array.jl:1260
  [9] _append!
    @ ./array.jl:1338 [inlined]
 [10] append!(a::Vector{Tuple{String, DataType, Int64, Float64, Nothing}}, iter::Vector{Tuple{String, DataType, Int64, Float64, Matrix{Float64}}})
    @ Base ./array.jl:1329
 [11] top-level scope
    @ ~/FLOWVPM-046/scripts/fm048_ab_benchmark.jl:59
in expression starting at /home/rander39/FLOWVPM-046/scripts/fm048_ab_benchmark.jl:55
