=== node: m13h-2-1
GPU 0: NVIDIA H200 (UUID: GPU-f9112a1b-602a-186f-a94b-cf6ce650b149)
=== source manifest
SOURCE_MANIFEST=4baff1ed0e418148
=== phase 1: K sweep
hier3   precomputed_y  Float64  P=4  LH=false n=20000   ell=4 K=1    fit=true  m2l    72.304 ms  step    82.017 ms  mem    100.7 MB  routes 397036
hier3   precomputed_y  Float64  P=4  LH=false n=20000   ell=4 K=4    fit=true  m2l    20.182 ms  step    29.649 ms  mem     67.1 MB  routes 397036
hier3   precomputed_y  Float64  P=4  LH=false n=20000   ell=4 K=8    fit=true  m2l    10.311 ms  step    20.540 ms  mem     67.1 MB  routes 397036
hier3   precomputed_y  Float64  P=4  LH=false n=20000   ell=4 K=32   fit=true  m2l     3.460 ms  step    13.009 ms  mem     67.1 MB  routes 397036
hier3   precomputed_y  Float64  P=4  LH=false n=20000   ell=4 K=64   fit=true  m2l     2.209 ms  step    11.572 ms  mem     67.1 MB  routes 397036
hier3   precomputed_y  Float64  P=4  LH=false n=20000   ell=4 K=256  fit=true  m2l     1.580 ms  step    10.880 ms  mem    100.7 MB  routes 397036
hier3   precomputed_y  Float64  P=4  LH=false n=20000   ell=4 K=1740 fit=true  m2l     1.359 ms  step    10.291 ms  mem    134.2 MB  routes 397036
hier3   dense          Float64  P=4  LH=false n=20000   ell=4 K=1    fit=true  m2l    49.086 ms  step    58.910 ms  mem     33.6 MB  routes 397036
hier3   dense          Float64  P=4  LH=false n=20000   ell=4 K=4    fit=true  m2l    14.221 ms  step    24.436 ms  mem     33.6 MB  routes 397036
hier3   dense          Float64  P=4  LH=false n=20000   ell=4 K=8    fit=true  m2l     7.233 ms  step    16.706 ms  mem     33.6 MB  routes 397036
hier3   dense          Float64  P=4  LH=false n=20000   ell=4 K=32   fit=true  m2l     2.191 ms  step    11.495 ms  mem     67.1 MB  routes 397036
hier3   dense          Float64  P=4  LH=false n=20000   ell=4 K=64   fit=true  m2l     1.253 ms  step    10.500 ms  mem     67.1 MB  routes 397036
hier3   dense          Float64  P=4  LH=false n=20000   ell=4 K=256  fit=true  m2l     0.732 ms  step    10.015 ms  mem    100.7 MB  routes 397036
hier3   dense          Float64  P=4  LH=false n=20000   ell=4 K=1740 fit=true  m2l     0.569 ms  step     9.543 ms  mem    134.2 MB  routes 397036
hier12  precomputed_y  Float64  P=4  LH=false n=20000   ell=4 K=1    fit=true  m2l   359.605 ms  step   354.856 ms  mem     67.1 MB  routes 1796874
hier12  precomputed_y  Float64  P=4  LH=false n=20000   ell=4 K=4    fit=true  m2l   101.868 ms  step   114.598 ms  mem     67.1 MB  routes 1796874
hier12  precomputed_y  Float64  P=4  LH=false n=20000   ell=4 K=8    fit=true  m2l    49.851 ms  step    63.064 ms  mem     67.1 MB  routes 1796874
hier12  precomputed_y  Float64  P=4  LH=false n=20000   ell=4 K=32   fit=true  m2l    17.101 ms  step    27.476 ms  mem     67.1 MB  routes 1796874
hier12  precomputed_y  Float64  P=4  LH=false n=20000   ell=4 K=64   fit=true  m2l    11.053 ms  step    21.107 ms  mem    100.7 MB  routes 1796874
hier12  precomputed_y  Float64  P=4  LH=false n=20000   ell=4 K=256  fit=true  m2l     6.609 ms  step    16.567 ms  mem    134.2 MB  routes 1796874
hier12  precomputed_y  Float64  P=4  LH=false n=20000   ell=4 K=1740 fit=true  m2l     5.400 ms  step    13.278 ms  mem    503.3 MB  routes 1796874
hier12  dense          Float64  P=4  LH=false n=20000   ell=4 K=1    fit=true  m2l   258.676 ms  step   260.000 ms  mem     67.1 MB  routes 1796874
hier12  dense          Float64  P=4  LH=false n=20000   ell=4 K=4    fit=true  m2l    74.255 ms  step    87.517 ms  mem     67.1 MB  routes 1796874
hier12  dense          Float64  P=4  LH=false n=20000   ell=4 K=8    fit=true  m2l    38.170 ms  step    48.758 ms  mem     67.1 MB  routes 1796874
hier12  dense          Float64  P=4  LH=false n=20000   ell=4 K=32   fit=true  m2l    11.346 ms  step    21.175 ms  mem     67.1 MB  routes 1796874
hier12  dense          Float64  P=4  LH=false n=20000   ell=4 K=64   fit=true  m2l     6.486 ms  step    16.190 ms  mem     67.1 MB  routes 1796874
hier12  dense          Float64  P=4  LH=false n=20000   ell=4 K=256  fit=true  m2l     2.964 ms  step    12.244 ms  mem    134.2 MB  routes 1796874
hier12  dense          Float64  P=4  LH=false n=20000   ell=4 K=1740 fit=true  m2l     2.241 ms  step     9.870 ms  mem    503.3 MB  routes 1796874
hier3   precomputed_y  Float64  P=4  LH=false n=20000   ell=5 K=1    fit=true  m2l   107.625 ms  step   135.297 ms  mem    134.2 MB  routes 1686178
hier3   precomputed_y  Float64  P=4  LH=false n=20000   ell=5 K=4    fit=true  m2l    30.044 ms  step    69.409 ms  mem    134.2 MB  routes 1686178
hier3   precomputed_y  Float64  P=4  LH=false n=20000   ell=5 K=8    fit=true  m2l    16.397 ms  step    56.304 ms  mem    134.2 MB  routes 1686178
hier3   precomputed_y  Float64  P=4  LH=false n=20000   ell=5 K=32   fit=true  m2l     7.742 ms  step    47.111 ms  mem    167.8 MB  routes 1686178
hier3   precomputed_y  Float64  P=4  LH=false n=20000   ell=5 K=64   fit=true  m2l     6.180 ms  step    44.673 ms  mem    201.3 MB  routes 1686178
hier3   precomputed_y  Float64  P=4  LH=false n=20000   ell=5 K=256  fit=true  m2l     5.373 ms  step    43.752 ms  mem    436.2 MB  routes 1686178
hier3   precomputed_y  Float64  P=4  LH=false n=20000   ell=5 K=1740 fit=true  m2l     5.114 ms  step    42.228 ms  mem    503.3 MB  routes 1686178
hier3   dense          Float64  P=4  LH=false n=20000   ell=5 K=1    fit=true  m2l    70.595 ms  step   113.619 ms  mem    100.7 MB  routes 1686178
hier3   dense          Float64  P=4  LH=false n=20000   ell=5 K=4    fit=true  m2l    19.705 ms  step    60.543 ms  mem    100.7 MB  routes 1686178
hier3   dense          Float64  P=4  LH=false n=20000   ell=5 K=8    fit=true  m2l    10.268 ms  step    49.398 ms  mem    100.7 MB  routes 1686178
hier3   dense          Float64  P=4  LH=false n=20000   ell=5 K=32   fit=true  m2l     3.711 ms  step    42.121 ms  mem    134.2 MB  routes 1686178
hier3   dense          Float64  P=4  LH=false n=20000   ell=5 K=64   fit=true  m2l     2.664 ms  step    40.930 ms  mem    167.8 MB  routes 1686178
hier3   dense          Float64  P=4  LH=false n=20000   ell=5 K=256  fit=true  m2l     2.173 ms  step    40.425 ms  mem    402.7 MB  routes 1686178
hier3   dense          Float64  P=4  LH=false n=20000   ell=5 K=1740 fit=true  m2l     1.951 ms  step    40.074 ms  mem    503.3 MB  routes 1686178
hier12  precomputed_y  Float64  P=4  LH=false n=20000   ell=5 K=1    fit=true  m2l   537.118 ms  step   538.823 ms  mem    201.3 MB  routes 9156646
hier12  precomputed_y  Float64  P=4  LH=false n=20000   ell=5 K=4    fit=true  m2l   153.250 ms  step   190.172 ms  mem    201.3 MB  routes 9156646
hier12  precomputed_y  Float64  P=4  LH=false n=20000   ell=5 K=8    fit=true  m2l    85.953 ms  step   115.839 ms  mem    201.3 MB  routes 9156646
hier12  precomputed_y  Float64  P=4  LH=false n=20000   ell=5 K=32   fit=true  m2l    41.420 ms  step    80.723 ms  mem    234.9 MB  routes 9156646
hier12  precomputed_y  Float64  P=4  LH=false n=20000   ell=5 K=64   fit=true  m2l    34.166 ms  step    74.675 ms  mem    268.4 MB  routes 9156646
hier12  precomputed_y  Float64  P=4  LH=false n=20000   ell=5 K=256  fit=true  m2l    28.193 ms  step    66.636 ms  mem    503.3 MB  routes 9156646
hier12  precomputed_y  Float64  P=4  LH=false n=20000   ell=5 K=1740 fit=true  m2l    26.460 ms  step    57.351 ms  mem   2281.7 MB  routes 9156646
hier12  dense          Float64  P=4  LH=false n=20000   ell=5 K=1    fit=true  m2l   386.196 ms  step   405.542 ms  mem    201.3 MB  routes 9156646
hier12  dense          Float64  P=4  LH=false n=20000   ell=5 K=4    fit=true  m2l   106.740 ms  step   134.285 ms  mem    201.3 MB  routes 9156646
hier12  dense          Float64  P=4  LH=false n=20000   ell=5 K=8    fit=true  m2l    55.329 ms  step    95.394 ms  mem    201.3 MB  routes 9156646
hier12  dense          Float64  P=4  LH=false n=20000   ell=5 K=32   fit=true  m2l    20.127 ms  step    59.274 ms  mem    234.9 MB  routes 9156646
hier12  dense          Float64  P=4  LH=false n=20000   ell=5 K=64   fit=true  m2l    15.366 ms  step    54.209 ms  mem    268.4 MB  routes 9156646
hier12  dense          Float64  P=4  LH=false n=20000   ell=5 K=256  fit=true  m2l    11.182 ms  step    49.088 ms  mem    503.3 MB  routes 9156646
hier12  dense          Float64  P=4  LH=false n=20000   ell=5 K=1740 fit=true  m2l    10.035 ms  step    41.521 ms  mem   2281.7 MB  routes 9156646
hier3   precomputed_y  Float64  P=4  LH=false n=200000  ell=4 K=1    fit=true  m2l    73.002 ms  step   119.058 ms  mem     67.1 MB  routes 397672
hier3   precomputed_y  Float64  P=4  LH=false n=200000  ell=4 K=4    fit=true  m2l    20.171 ms  step    52.083 ms  mem    100.7 MB  routes 397672
hier3   precomputed_y  Float64  P=4  LH=false n=200000  ell=4 K=8    fit=true  m2l    10.309 ms  step    41.313 ms  mem    100.7 MB  routes 397672
hier3   precomputed_y  Float64  P=4  LH=false n=200000  ell=4 K=32   fit=true  m2l     3.470 ms  step    33.394 ms  mem    100.7 MB  routes 397672
hier3   precomputed_y  Float64  P=4  LH=false n=200000  ell=4 K=64   fit=true  m2l     2.214 ms  step    32.152 ms  mem    100.7 MB  routes 397672
hier3   precomputed_y  Float64  P=4  LH=false n=200000  ell=4 K=256  fit=true  m2l     1.585 ms  step    31.223 ms  mem    167.8 MB  routes 397672
hier3   precomputed_y  Float64  P=4  LH=false n=200000  ell=4 K=1740 fit=true  m2l     1.362 ms  step    30.882 ms  mem    167.8 MB  routes 397672
hier3   dense          Float64  P=4  LH=false n=200000  ell=4 K=1    fit=true  m2l    50.205 ms  step    84.162 ms  mem     67.1 MB  routes 397672
hier3   dense          Float64  P=4  LH=false n=200000  ell=4 K=4    fit=true  m2l    14.188 ms  step    46.467 ms  mem     67.1 MB  routes 397672
hier3   dense          Float64  P=4  LH=false n=200000  ell=4 K=8    fit=true  m2l     7.237 ms  step    45.735 ms  mem     67.1 MB  routes 397672
hier3   dense          Float64  P=4  LH=false n=200000  ell=4 K=32   fit=true  m2l     2.216 ms  step    35.140 ms  mem    100.7 MB  routes 397672
hier3   dense          Float64  P=4  LH=false n=200000  ell=4 K=64   fit=true  m2l     1.256 ms  step    30.790 ms  mem    100.7 MB  routes 397672
hier3   dense          Float64  P=4  LH=false n=200000  ell=4 K=256  fit=true  m2l     0.731 ms  step    30.447 ms  mem    134.2 MB  routes 397672
hier3   dense          Float64  P=4  LH=false n=200000  ell=4 K=1740 fit=true  m2l     0.568 ms  step    29.981 ms  mem    167.8 MB  routes 397672
hier12  precomputed_y  Float64  P=4  LH=false n=200000  ell=4 K=1    fit=true  m2l   358.886 ms  step   400.287 ms  mem    100.7 MB  routes 1800440
hier12  precomputed_y  Float64  P=4  LH=false n=200000  ell=4 K=4    fit=true  m2l    98.108 ms  step   148.903 ms  mem    100.7 MB  routes 1800440
hier12  precomputed_y  Float64  P=4  LH=false n=200000  ell=4 K=8    fit=true  m2l    51.944 ms  step   102.066 ms  mem    100.7 MB  routes 1800440
hier12  precomputed_y  Float64  P=4  LH=false n=200000  ell=4 K=32   fit=true  m2l    17.022 ms  step    64.729 ms  mem    100.7 MB  routes 1800440
hier12  precomputed_y  Float64  P=4  LH=false n=200000  ell=4 K=64   fit=true  m2l    11.084 ms  step    58.399 ms  mem    134.2 MB  routes 1800440
hier12  precomputed_y  Float64  P=4  LH=false n=200000  ell=4 K=256  fit=true  m2l     6.595 ms  step    53.525 ms  mem    167.8 MB  routes 1800440
hier12  precomputed_y  Float64  P=4  LH=false n=200000  ell=4 K=1740 fit=true  m2l     5.437 ms  step    52.328 ms  mem    536.9 MB  routes 1800440
hier12  dense          Float64  P=4  LH=false n=200000  ell=4 K=1    fit=true  m2l   259.021 ms  step   306.473 ms  mem    100.7 MB  routes 1800440
hier12  dense          Float64  P=4  LH=false n=200000  ell=4 K=4    fit=true  m2l    74.033 ms  step   126.278 ms  mem    100.7 MB  routes 1800440
hier12  dense          Float64  P=4  LH=false n=200000  ell=4 K=8    fit=true  m2l    37.597 ms  step    83.859 ms  mem    100.7 MB  routes 1800440
hier12  dense          Float64  P=4  LH=false n=200000  ell=4 K=32   fit=true  m2l    11.341 ms  step    59.706 ms  mem    100.7 MB  routes 1800440
hier12  dense          Float64  P=4  LH=false n=200000  ell=4 K=64   fit=true  m2l     6.515 ms  step    53.338 ms  mem    134.2 MB  routes 1800440
hier12  dense          Float64  P=4  LH=false n=200000  ell=4 K=256  fit=true  m2l     2.926 ms  step    50.498 ms  mem    167.8 MB  routes 1800440
hier12  dense          Float64  P=4  LH=false n=200000  ell=4 K=1740 fit=true  m2l     2.236 ms  step    48.561 ms  mem    536.9 MB  routes 1800440
hier3   precomputed_y  Float64  P=4  LH=false n=200000  ell=5 K=1    fit=true  m2l   110.670 ms  step   186.191 ms  mem    201.3 MB  routes 3895658
hier3   precomputed_y  Float64  P=4  LH=false n=200000  ell=5 K=4    fit=true  m2l    34.508 ms  step   104.929 ms  mem    201.3 MB  routes 3895658
hier3   precomputed_y  Float64  P=4  LH=false n=200000  ell=5 K=8    fit=true  m2l    22.307 ms  step    84.519 ms  mem    201.3 MB  routes 3895658
hier3   precomputed_y  Float64  P=4  LH=false n=200000  ell=5 K=32   fit=true  m2l    13.951 ms  step    70.501 ms  mem    268.4 MB  routes 3895658
hier3   precomputed_y  Float64  P=4  LH=false n=200000  ell=5 K=64   fit=true  m2l    12.438 ms  step    69.683 ms  mem    335.5 MB  routes 3895658
hier3   precomputed_y  Float64  P=4  LH=false n=200000  ell=5 K=256  fit=true  m2l    11.529 ms  step    78.316 ms  mem    704.6 MB  routes 3895658
hier3   precomputed_y  Float64  P=4  LH=false n=200000  ell=5 K=1740 fit=true  m2l    11.251 ms  step    74.441 ms  mem    838.9 MB  routes 3895658
hier3   dense          Float64  P=4  LH=false n=200000  ell=5 K=1    fit=true  m2l    70.539 ms  step   145.365 ms  mem    201.3 MB  routes 3895658
hier3   dense          Float64  P=4  LH=false n=200000  ell=5 K=4    fit=true  m2l    20.756 ms  step    78.225 ms  mem    201.3 MB  routes 3895658
hier3   dense          Float64  P=4  LH=false n=200000  ell=5 K=8    fit=true  m2l    11.733 ms  step    87.212 ms  mem    201.3 MB  routes 3895658
hier3   dense          Float64  P=4  LH=false n=200000  ell=5 K=32   fit=true  m2l     5.651 ms  step    74.569 ms  mem    268.4 MB  routes 3895658
hier3   dense          Float64  P=4  LH=false n=200000  ell=5 K=64   fit=true  m2l     4.586 ms  step    73.663 ms  mem    302.0 MB  routes 3895658
hier3   dense          Float64  P=4  LH=false n=200000  ell=5 K=256  fit=true  m2l     3.879 ms  step    73.149 ms  mem    704.6 MB  routes 3895658
hier3   dense          Float64  P=4  LH=false n=200000  ell=5 K=1740 fit=true  m2l     3.640 ms  step    70.395 ms  mem    805.3 MB  routes 3895658
hier12  precomputed_y  Float64  P=4  LH=false n=200000  ell=5 K=1    fit=true  m2l   522.110 ms  step   634.460 ms  mem    335.5 MB  routes 21675006
hier12  precomputed_y  Float64  P=4  LH=false n=200000  ell=5 K=4    fit=true  m2l   185.127 ms  step   261.348 ms  mem    335.5 MB  routes 21675006
hier12  precomputed_y  Float64  P=4  LH=false n=200000  ell=5 K=8    fit=true  m2l   120.687 ms  step   192.153 ms  mem    335.5 MB  routes 21675006
hier12  precomputed_y  Float64  P=4  LH=false n=200000  ell=5 K=32   fit=true  m2l    76.429 ms  step   147.618 ms  mem    402.7 MB  routes 21675006
hier12  precomputed_y  Float64  P=4  LH=false n=200000  ell=5 K=64   fit=true  m2l    69.254 ms  step   142.086 ms  mem    436.2 MB  routes 21675006
hier12  precomputed_y  Float64  P=4  LH=false n=200000  ell=5 K=256  fit=true  m2l    62.962 ms  step   126.363 ms  mem    838.9 MB  routes 21675006
hier12  precomputed_y  Float64  P=4  LH=false n=200000  ell=5 K=1740 fit=true  m2l    61.123 ms  step   131.307 ms  mem   3758.1 MB  routes 21675006
hier12  dense          Float64  P=4  LH=false n=200000  ell=5 K=1    fit=true  m2l   384.775 ms  step   456.355 ms  mem    335.5 MB  routes 21675006
hier12  dense          Float64  P=4  LH=false n=200000  ell=5 K=4    fit=true  m2l   113.337 ms  step   180.823 ms  mem    335.5 MB  routes 21675006
hier12  dense          Float64  P=4  LH=false n=200000  ell=5 K=8    fit=true  m2l    63.433 ms  step   121.832 ms  mem    335.5 MB  routes 21675006
hier12  dense          Float64  P=4  LH=false n=200000  ell=5 K=32   fit=true  m2l    30.982 ms  step    88.788 ms  mem    369.1 MB  routes 21675006
hier12  dense          Float64  P=4  LH=false n=200000  ell=5 K=64   fit=true  m2l    25.055 ms  step    95.616 ms  mem    436.2 MB  routes 21675006
hier12  dense          Float64  P=4  LH=false n=200000  ell=5 K=256  fit=true  m2l    20.176 ms  step    89.001 ms  mem    805.3 MB  routes 21675006
hier12  dense          Float64  P=4  LH=false n=200000  ell=5 K=1740 fit=true  m2l    19.055 ms  step    73.622 ms  mem   3724.5 MB  routes 21675006
wrote MATRIX_OPERATOR_REFACTOR/data/hierarchical_m2l_cuda/ksweep_m13h-2-1_12992039.csv
wrote MATRIX_OPERATOR_REFACTOR/data/hierarchical_m2l_cuda/ksweep_m13h-2-1_12992039.csv.classes.csv
KSWEEP_EXIT=0
=== phase 2: ell = 5/6/7 feasibility
hier3   precomputed_y  Float64  P=4  LH=false n=200000  ell=5 K=64   fit=true  m2l    12.424 ms  step    89.132 ms  mem    402.7 MB  routes 3895658
hier3   precomputed_y  Float64  P=4  LH=false n=200000  ell=5 K=256  fit=true  m2l    11.537 ms  step    82.079 ms  mem    704.6 MB  routes 3895658
hier3   dense          Float64  P=4  LH=false n=200000  ell=5 K=64   fit=true  m2l     4.589 ms  step    60.844 ms  mem    302.0 MB  routes 3895658
hier3   dense          Float64  P=4  LH=false n=200000  ell=5 K=256  fit=true  m2l     3.882 ms  step    74.778 ms  mem    704.6 MB  routes 3895658
hier12  precomputed_y  Float64  P=4  LH=false n=200000  ell=5 K=64   fit=true  m2l    69.245 ms  step   129.535 ms  mem    436.2 MB  routes 21675006
hier12  precomputed_y  Float64  P=4  LH=false n=200000  ell=5 K=256  fit=true  m2l    63.002 ms  step   122.017 ms  mem    838.9 MB  routes 21675006
hier12  dense          Float64  P=4  LH=false n=200000  ell=5 K=64   fit=true  m2l    25.002 ms  step   103.865 ms  mem    436.2 MB  routes 21675006
hier12  dense          Float64  P=4  LH=false n=200000  ell=5 K=256  fit=true  m2l    20.214 ms  step    99.874 ms  mem    805.3 MB  routes 21675006
hier3   precomputed_y  Float64  P=4  LH=false n=200000  ell=6 K=64   fit=true  m2l    54.865 ms  step   357.493 ms  mem   1610.6 MB  routes 18018980
hier3   precomputed_y  Float64  P=4  LH=false n=200000  ell=6 K=256  fit=true  m2l    53.778 ms  step   357.674 ms  mem   3925.9 MB  routes 18018980
hier3   dense          Float64  P=4  LH=false n=200000  ell=6 K=64   fit=true  m2l    15.966 ms  step   319.031 ms  mem   1610.6 MB  routes 18018980
hier3   dense          Float64  P=4  LH=false n=200000  ell=6 K=256  fit=true  m2l    15.070 ms  step   329.420 ms  mem   3925.9 MB  routes 18018980
hier12  precomputed_y  Float64  P=4  LH=false n=200000  ell=6 K=64   fit=true  m2l   331.810 ms  step   655.977 ms  mem   2348.8 MB  routes 109038090
hier12  precomputed_y  Float64  P=4  LH=false n=200000  ell=6 K=256  fit=true  m2l   324.185 ms  step   633.878 ms  mem   4664.1 MB  routes 109038090
hier12  dense          Float64  P=4  LH=false n=200000  ell=6 K=64   fit=true  m2l    93.829 ms  step   401.923 ms  mem   2348.8 MB  routes 109038090
hier12  dense          Float64  P=4  LH=false n=200000  ell=6 K=256  fit=true  m2l    87.611 ms  step   389.410 ms  mem   4664.1 MB  routes 109038090
hier3   precomputed_y  Float64  P=4  LH=false n=200000  ell=7 K=64   fit=true  m2l    72.122 ms  step   595.053 ms  mem   1778.4 MB  routes 23063640
hier3   precomputed_y  Float64  P=4  LH=false n=200000  ell=7 K=256  fit=true  m2l    70.960 ms  step   605.611 ms  mem   4060.1 MB  routes 23063640
hier3   dense          Float64  P=4  LH=false n=200000  ell=7 K=64   fit=true  m2l    22.412 ms  step   558.442 ms  mem   1778.4 MB  routes 23063640
hier3   dense          Float64  P=4  LH=false n=200000  ell=7 K=256  fit=true  m2l    21.242 ms  step   537.777 ms  mem   4060.1 MB  routes 23063640
hier12  precomputed_y  Float64  P=4  LH=false n=200000  ell=7 K=64   fit=true  m2l   443.684 ms  step   996.055 ms  mem   2516.6 MB  routes 141356452
hier12  precomputed_y  Float64  P=4  LH=false n=200000  ell=7 K=256  fit=true  m2l   429.906 ms  step   989.350 ms  mem   4798.3 MB  routes 141356452
hier12  dense          Float64  P=4  LH=false n=200000  ell=7 K=64   fit=true  m2l   132.712 ms  step   674.848 ms  mem   2483.0 MB  routes 141356452
hier12  dense          Float64  P=4  LH=false n=200000  ell=7 K=256  fit=true  m2l   124.465 ms  step   653.537 ms  mem   4798.3 MB  routes 141356452
wrote MATRIX_OPERATOR_REFACTOR/data/hierarchical_m2l_cuda/depth_m13h-2-1_12992039.csv
wrote MATRIX_OPERATOR_REFACTOR/data/hierarchical_m2l_cuda/depth_m13h-2-1_12992039.csv.classes.csv
DEPTH_EXIT=0
