### gpu40: idx=102340 dt=0.000308642 steps=850..1010 n=77
step |G| sig lam_obs lam_par lam_s1 dtZ dlnsig_o dlnsig_p visc_ln h/sig sfs_ratio C1 cosT cosC magT
 850 4.319e-05 1.167e-03     171.2     176.9     472.6  0.027 -0.0243 -0.0273 0.0032   3.88 1.31e-02 9.95e-01  0.60  0.67 0.81
 851 4.553e-05 1.139e-03     169.0     165.8     466.4  0.026 -0.0223 -0.0256 0.0034   4.44 5.74e-03 9.95e-01  0.47  0.59 1.23
 852 4.797e-05 1.114e-03     161.5     152.3     447.7  0.024 -0.0201 -0.0235 0.0036   4.98 2.61e-03 9.95e-01  0.52  0.59 1.76
 853 5.042e-05 1.092e-03     152.5     140.7     420.0  0.022 -0.0181 -0.0217 0.0037   5.48 1.52e-03 9.95e-01  0.67  0.63 2.35
 854 5.285e-05 1.072e-03     141.5     130.4     384.9  0.020 -0.0163 -0.0201 0.0038   5.45 1.10e-03 9.95e-01  0.77  0.66 2.88
 855 5.521e-05 1.055e-03     126.2     118.5     336.5  0.018 -0.0144 -0.0183 0.0040   5.54 9.79e-04 9.95e-01  0.77  0.63 3.58
 856 5.740e-05 1.040e-03     106.8     103.2     302.1  0.016 -0.0118 -0.0159 0.0041   5.77 0.00e+00 0.00e+00  0.66  0.55 4.77
 857 5.932e-05 1.027e-03      82.7      81.7     346.3  0.013 -0.0084 -0.0126 0.0042   6.10 0.00e+00 0.00e+00  0.45  0.47 5.67
 858 6.086e-05 1.019e-03      53.5      53.6     399.7  0.008 -0.0040 -0.0083 0.0043   6.47 0.00e+00 0.00e+00  0.22  0.46 4.44
 859 6.187e-05 1.015e-03      23.6      23.2     471.5  0.004  0.0007 -0.0036 0.0043   6.83 0.00e+00 0.00e+00  0.03 -0.09 2.44
 860 6.232e-05 1.016e-03     -12.8     -17.0     521.4 -0.003  0.0069  0.0026 0.0043   7.14 0.00e+00 0.00e+00  0.06 -0.10 1.63
 861 6.208e-05 1.023e-03     -48.1     -54.7     483.7 -0.008  0.0126  0.0084 0.0042   7.38 4.09e-04 9.78e-01 -0.14 -0.34 2.26
 862 6.116e-05 1.035e-03     -89.7     -95.3     426.0 -0.015  0.0186  0.0147 0.0041   7.55 0.00e+00 0.00e+00 -0.28 -0.52 3.26
 863 5.949e-05 1.055e-03    -163.9    -161.5     363.7 -0.025  0.0284  0.0249 0.0040   6.75 0.00e+00 0.00e+00  0.03 -0.02 3.69
 864 5.656e-05 1.085e-03    -189.3    -185.1     309.2 -0.029  0.0317  0.0286 0.0038   6.20 1.08e-02 5.90e-01  0.55  0.86 3.82
 865 5.335e-05 1.120e-03    -111.7    -128.9     337.8 -0.020  0.0231  0.0199 0.0035   5.91 8.64e-03 3.86e-01  0.80  0.96 3.27
 866 5.154e-05 1.146e-03       1.7     -28.4     347.6 -0.004  0.0077  0.0044 0.0034   5.78 6.23e-03 2.59e-01  0.84  0.91 3.05
 867 5.157e-05 1.155e-03      72.4      50.6     311.3  0.008 -0.0045 -0.0078 0.0033   5.78 5.28e-03 2.33e-01  0.78  0.81 3.35
 868 5.274e-05 1.150e-03      94.2      84.3     257.2  0.013 -0.0097 -0.0130 0.0033   5.85 4.84e-03 2.82e-01  0.51  0.66 3.77
 869 5.429e-05 1.139e-03      88.9      86.1     225.5  0.013 -0.0099 -0.0133 0.0034   5.94 3.95e-03 3.69e-01  0.07  0.41 3.17
 870 5.580e-05 1.128e-03      74.5      74.5     244.0  0.011 -0.0080 -0.0115 0.0035   6.02 2.83e-03 4.64e-01 -0.15  0.01 2.22
 871 5.710e-05 1.119e-03      61.3      61.7     278.0  0.010 -0.0060 -0.0095 0.0035   6.08 1.81e-03 5.52e-01 -0.16 -0.55 1.63
 872 5.819e-05 1.112e-03      54.6      54.0     312.8  0.008 -0.0048 -0.0083 0.0036   6.12 1.11e-03 6.28e-01 -0.11 -0.59 1.30
 873 5.918e-05 1.107e-03      55.2      53.0     344.3  0.008 -0.0046 -0.0082 0.0036   6.17 7.85e-04 6.99e-01 -0.05 -0.44 1.10
 874 6.019e-05 1.102e-03      61.7      57.6     371.2  0.009 -0.0052 -0.0089 0.0036   6.25 0.00e+00 0.00e+00 -0.01 -0.34 0.98
 875 6.135e-05 1.096e-03      71.2      65.4     393.4  0.010 -0.0064 -0.0101 0.0037   6.37 0.00e+00 0.00e+00  0.00 -0.30 0.91
 876 6.271e-05 1.089e-03      81.2      74.1     408.4  0.011 -0.0077 -0.0114 0.0037   6.54 0.00e+00 0.00e+00  0.01 -0.26 0.87
 877 6.430e-05 1.081e-03      89.0      81.2     413.8  0.013 -0.0087 -0.0125 0.0038   6.77 0.00e+00 0.00e+00  0.00 -0.23 0.85
 878 6.609e-05 1.071e-03      94.8      86.7     412.8  0.013 -0.0095 -0.0134 0.0039   7.05 0.00e+00 0.00e+00  0.01 -0.20 0.84
 879 6.806e-05 1.061e-03      99.5      91.6     408.3  0.014 -0.0102 -0.0141 0.0039   7.39 0.00e+00 0.00e+00  0.00 -0.17 0.85
 880 7.018e-05 1.050e-03     112.2      96.4     402.7  0.074 -0.0122 -0.0149 0.0040   7.78 0.00e+00 0.00e+00 -0.06 -0.23 1.17
 885 8.345e-05 9.881e-04     124.0     126.4     392.5  0.098 -0.0137 -0.0195 0.0045   7.81 9.20e-06 9.95e-01 -0.49 -0.57 1.91
 890 1.010e-04 9.225e-04      85.8      82.8     403.7  0.064 -0.0065 -0.0128 0.0052   7.35 9.08e-06 1.00e+00 -0.91 -0.86 1.10
 895 1.153e-04 8.930e-04      97.9      67.4     490.3  0.052 -0.0072 -0.0104 0.0055   6.83 0.00e+00 0.00e+00 -0.72 -0.65 0.52
 900 1.342e-04 8.613e-04      97.8      98.0     411.6  0.076 -0.0085 -0.0151 0.0060   6.88 0.00e+00 0.00e+00  0.26  0.38 1.58
 905 1.560e-04 8.252e-04     111.5      98.1     268.2  0.076 -0.0104 -0.0151 0.0065   6.89 2.04e-04 9.95e-01  0.17 -0.13 2.36
 910 1.853e-04 7.834e-04      77.2     128.6     339.8  0.099 -0.0032 -0.0199 0.0072   8.65 4.66e-04 9.95e-01 -0.75 -0.66 3.19
 915 2.088e-04 7.710e-04      49.7      -3.3     344.5 -0.003  0.0012  0.0005 0.0074   5.12 0.00e+00 0.00e+00  0.73  0.75 3.84
 920 2.254e-04 7.757e-04      60.8     109.7     299.2  0.085 -0.0003 -0.0169 0.0074   4.05 1.09e-01 9.91e-01 -0.74  0.12 6.04
 925 2.476e-04 7.744e-04     -18.4     -28.5     377.0 -0.022  0.0103  0.0044 0.0074   4.37 0.00e+00 0.00e+00 -0.39  0.50 2.16
 930 2.407e-04 8.153e-04      -0.9      -2.9     325.9 -0.002  0.0067  0.0005 0.0067   4.90 0.00e+00 0.00e+00  0.12  0.97 1.47
 935 2.403e-04 8.429e-04      27.0       3.2     383.6  0.002  0.0026 -0.0005 0.0062   5.04 0.00e+00 0.00e+00  0.47  0.98 2.33
 940 2.505e-04 8.538e-04      87.1      63.6     448.9  0.049 -0.0061 -0.0098 0.0061   5.20 0.00e+00 0.00e+00  0.33  0.71 1.59
 945 2.866e-04 8.283e-04      39.3      75.8     342.4  0.059  0.0013 -0.0117 0.0064   6.47 0.00e+00 0.00e+00  0.11  0.68 1.48
 950 3.045e-04 8.336e-04     -86.4     -45.0     267.6 -0.035  0.0200  0.0069 0.0064   5.59 0.00e+00 0.00e+00 -0.15 -0.07 0.61
 955 2.665e-04 9.212e-04      45.0     -77.4     478.0 -0.060  0.0002  0.0119 0.0052   5.37 0.00e+00 0.00e+00  0.21  0.76 1.01
 960 2.856e-04 9.220e-04      -1.4      43.0     320.2  0.033  0.0062 -0.0066 0.0052   4.66 1.75e-02 9.90e-01 -0.97 -0.66 0.91
 965 2.850e-04 9.510e-04      11.2       0.4     598.2  0.000  0.0049 -0.0001 0.0049   2.82 2.63e-02 7.58e-01 -0.96 -0.96 1.48
 970 2.900e-04 9.745e-04     131.0    -110.9     744.2 -0.086 -0.0139  0.0171 0.0047   3.17 0.00e+00 0.00e+00  0.34  0.41 3.18
 975 3.550e-04 9.090e-04     324.9     306.0     815.1  0.236 -0.0462 -0.0472 0.0054   5.76 0.00e+00 0.00e+00  0.59  0.36 1.31
 980 5.861e-04 7.216e-04     474.6     513.0    1297.6  0.396 -0.0502 -0.0792 0.0085   9.24 9.08e-04 9.88e-01 -0.13  0.67 1.93
 985 1.219e-03 5.613e-04     192.0     159.2    1955.5  0.025 -0.0103 -0.0246 0.0140   5.89 5.95e-03 9.90e-01  0.49  0.79 1.54
 986 1.294e-03 5.556e-04     175.5     120.9    2282.3  0.019 -0.0042 -0.0187 0.0143   8.29 0.00e+00 0.00e+00  0.83  0.93 0.92
 987 1.366e-03 5.532e-04     297.9     190.7    2616.3  0.029 -0.0148 -0.0294 0.0145   7.00 0.00e+00 0.00e+00  0.79  0.92 0.65
 988 1.497e-03 5.451e-04     556.7     399.4    2927.0  0.062 -0.0470 -0.0616 0.0149   5.79 2.35e-03 9.52e-01  0.78  0.87 0.56
 989 1.778e-03 5.201e-04     686.6     516.1    3114.7  0.080 -0.0640 -0.0796 0.0164   6.57 0.00e+00 0.00e+00  0.79  0.90 1.02
 990 2.197e-03 4.878e-04     651.2     277.7    3053.6  0.043 -0.0239 -0.0429 0.0186   8.77 7.87e-05 9.96e-01  0.99  0.93 2.21
 991 2.687e-03 4.763e-04     665.6     204.9    3483.3  0.032 -0.0118 -0.0316 0.0195   8.70 1.59e-04 9.87e-01  0.96  0.95 1.69
 992 3.299e-03 4.707e-04     641.8    -121.2    4132.0 -0.019  0.0374  0.0187 0.0200   8.75 0.00e+00 0.00e+00  0.97  0.97 1.28
 993 4.022e-03 4.887e-04    1124.9    -450.2    5844.5 -0.069  0.0831  0.0695 0.0185   8.49 0.00e+00 0.00e+00  0.96  0.97 1.08
 994 5.692e-03 5.310e-04    2535.3     235.4    9184.8  0.036 -0.0204 -0.0363 0.0157   7.78 1.41e-04 1.00e+00  0.94  0.94 2.07
 995 1.245e-02 5.203e-04    4128.9     359.9   16623.0  0.056 -0.0392 -0.0555 0.0163   7.99 3.78e-04 4.36e-01  0.38  0.93 12.79
 996 4.451e-02 5.003e-04    5289.6   -5407.4   39075.9 -0.834  0.6120  0.8345 0.0177  10.13 0.00e+00 0.00e+00  0.81  0.96 0.47
 997 2.278e-01 9.227e-04    1752.9    -385.1    6561.9 -0.059  0.0623  0.0594 0.0052   6.03 0.00e+00 0.00e+00  0.44  0.97 1.28
 998 3.913e-01 9.820e-04     732.2     242.5    4101.8  0.037 -0.0332 -0.0374 0.0046   4.96 0.00e+00 0.00e+00  0.98  0.94 1.82
 999 4.905e-01 9.499e-04     312.6     -35.4    4387.1 -0.005  0.0103  0.0055 0.0049  16.09 0.00e+00 0.00e+00  0.98  0.99 0.62
1000 5.402e-01 9.597e-04     443.6    -189.3    4842.8 -0.029  0.0333  0.0292 0.0048  16.57 0.00e+00 0.00e+00  0.98  0.98 0.97
1001 6.195e-01 9.922e-04     822.7    -250.0    5736.0 -0.039  0.0420  0.0386 0.0045  19.07 1.15e-08 9.96e-01  0.96  0.97 1.34
1002 7.985e-01 1.035e-03    1595.2     -55.4    7685.7 -0.009  0.0126  0.0085 0.0041  17.53 4.97e-07 1.00e+00  0.95  0.95 1.81
1003 1.307e+00 1.048e-03    2828.9     345.8   11643.7  0.053 -0.0504 -0.0534 0.0040   8.85 3.50e-06 1.00e+00  1.00  0.94 4.38
1004 3.128e+00 9.964e-04  -45893.3    -623.3   24986.2 -0.096  1.5177  0.0962 0.0045   1.85 7.57e-05 6.52e-03  0.08  0.05 0.39
1005 2.206e-06 4.545e-03      -4.9      -5.0      87.7 -0.001  0.0010  0.0008 0.0002   0.36 0.00e+00 0.00e+00  0.16  0.26 10.75
1006 2.203e-06 4.550e-03      -3.6      -3.7      74.0 -0.001  0.0008  0.0006 0.0002   0.36 0.00e+00 0.00e+00 -0.05 -0.12 8.50
1007 2.201e-06 4.553e-03      -3.5      -3.6      62.0 -0.001  0.0008  0.0006 0.0002   0.35 0.00e+00 0.00e+00 -0.10 -0.21 8.09
1008 2.198e-06 4.557e-03      -3.0      -3.0      50.3 -0.000  0.0007  0.0005 0.0002   0.35 0.00e+00 0.00e+00 -0.08 -0.18 8.53
1009 2.196e-06 4.560e-03      -2.1      -2.1      39.4 -0.000  0.0005  0.0003 0.0002   0.35 0.00e+00 0.00e+00 -0.03 -0.10 9.71
invariant sig*|G|^0.5: first=7.669e-06 last=6.759e-06 median=9.273e-06 cv=2.82
pair step=850 d=1.342e-02 align= 0.54 |Gp|=1.948e-05 strain_est=      0.6 d/sig=11.5
pair step=857 d=1.383e-02 align= 0.07 |Gp|=1.932e-05 strain_est=      0.6 d/sig=13.5
pair step=864 d=1.142e-02 align=-0.48 |Gp|=2.576e-05 strain_est=      1.4 d/sig=10.5
pair step=871 d=9.735e-03 align=-0.45 |Gp|=2.872e-05 strain_est=      2.5 d/sig=8.7
pair step=878 d=9.025e-03 align=-0.29 |Gp|=3.807e-05 strain_est=      4.1 d/sig=8.4
pair step=905 d=5.685e-03 align= 0.30 |Gp|=5.443e-05 strain_est=     23.6 d/sig=6.9
pair step=940 d=2.965e-02 align=-0.55 |Gp|=3.292e-04 strain_est=      1.0 d/sig=34.7
pair step=975 d=1.076e-02 align= 0.70 |Gp|=2.397e-03 strain_est=    153.2 d/sig=11.8
pair step=990 d=4.278e-03 align=-0.70 |Gp|=2.227e-03 strain_est=   2264.3 d/sig=8.8
pair step=997 d=1.676e-02 align=-0.80 |Gp|=2.933e-01 strain_est=   4958.6 d/sig=18.2
pair step=1004 d=2.376e-02 align=-0.69 |Gp|=2.999e+00 strain_est=  17794.9 d/sig=23.8
fit lam_obs vs lam_par: corr=0.119 slope=0.40 icpt=243.6
fit lam_obs vs s1: corr=0.949 slope=0.22 icpt=-51.3
fit dlnsig_obs vs pred: corr=0.953 slope=0.88 icpt=0.0046
median cosT=0.216 cosC=0.500 magT=1.757
