### LG: idx=160932 dt=0.000308642 steps=450..517 n=44
step |G| sig lam_obs lam_par lam_s1 dtZ dlnsig_o dlnsig_p visc_ln h/sig sfs_ratio C1 cosT cosC magT
 450 4.084e-04 1.418e-03     132.0      66.1     549.4  0.051 -0.0164 -0.0102 0.0022   3.25 0.00e+00 0.00e+00  0.72  0.81 0.74
 455 5.007e-04 1.306e-03     186.2     181.4     501.2  0.140 -0.0270 -0.0280 0.0026   3.95 2.06e-02 9.95e-01  0.16  0.68 0.97
 460 6.675e-04 1.141e-03      41.0      89.9     323.4  0.069 -0.0008 -0.0139 0.0034   3.73 2.36e-03 9.95e-01 -0.78  0.38 0.82
 465 7.111e-04 1.137e-03     102.4      42.4     488.4  0.033 -0.0079 -0.0065 0.0034   3.43 0.00e+00 0.00e+00 -0.53 -0.74 0.40
 470 8.328e-04 1.093e-03     166.1      70.0     594.7  0.054  0.0011 -0.0108 0.0037   3.50 0.00e+00 0.00e+00 -0.29  0.44 0.56
 475 1.076e-03 1.098e-03     392.3      88.6    2179.7  0.068 -0.0175 -0.0137 0.0037   3.71 1.12e-01 9.96e-01  0.43  0.03 2.21
 480 1.972e-03 1.006e-03     183.9    -128.1    1112.0 -0.020  0.0238  0.0198 0.0044   4.53 0.00e+00 0.00e+00  0.92  0.93 2.54
 481 2.087e-03 1.031e-03     455.7      95.0    1344.1  0.015 -0.0105 -0.0147 0.0042   4.30 7.32e-02 1.00e+00  0.58  0.92 1.95
 482 2.402e-03 1.020e-03     675.3     197.6    1189.4  0.030 -0.0265 -0.0305 0.0043   4.30 8.92e-02 9.69e-01 -0.83  0.87 3.17
 483 2.958e-03 9.933e-04     636.4     -56.5     896.3 -0.009  0.0131  0.0087 0.0045   4.29 0.00e+00 0.00e+00 -0.98  0.88 3.19
 484 3.601e-03 1.006e-03     938.5    -339.3    2504.6 -0.052  0.0550  0.0524 0.0044   4.14 0.00e+00 0.00e+00  0.92  0.95 2.42
 485 4.810e-03 1.063e-03    2160.4    1146.9    3658.0  0.177 -0.1890 -0.1770 0.0039   4.17 5.29e-02 1.00e+00 -0.37  0.93 1.83
 486 9.370e-03 8.801e-04     454.8    -276.4    1532.7 -0.043  0.0470  0.0427 0.0057   5.29 0.00e+00 0.00e+00 -0.94  0.85 2.10
 487 1.078e-02 9.224e-04      46.8    -862.6    3456.6 -0.133  0.1290  0.1331 0.0052   7.02 0.00e+00 0.00e+00  0.89  1.00 0.80
 488 1.094e-02 1.049e-03    1258.0     709.9    3216.4  0.110 -0.1110 -0.1096 0.0040   6.75 0.00e+00 0.00e+00  0.63  0.91 1.45
 489 1.613e-02 9.392e-04    1077.0     527.6    2134.2  0.081 -0.0790 -0.0814 0.0050   6.37 2.32e-04 9.64e-01 -0.14  0.89 2.99
 490 2.249e-02 8.678e-04     249.6    -148.9    1531.8 -0.023  0.0283  0.0230 0.0059   8.96 0.00e+00 0.00e+00  0.25  0.91 8.08
 491 2.429e-02 8.927e-04     -28.1    -553.5    2304.5 -0.085  0.0866  0.0854 0.0056  10.80 0.00e+00 0.00e+00  0.89  1.00 0.91
 492 2.408e-02 9.735e-04     833.0     305.7    2518.9  0.047 -0.0432 -0.0472 0.0047   8.89 0.00e+00 0.00e+00  0.92  0.95 0.73
 493 3.114e-02 9.324e-04     950.1     562.1    1955.7  0.087 -0.0847 -0.0867 0.0051   9.71 0.00e+00 0.00e+00 -0.19  0.88 2.79
 494 4.175e-02 8.567e-04     328.3    -231.8    1730.9 -0.036  0.0407  0.0358 0.0060  12.32 0.00e+00 0.00e+00  0.28  0.93 6.31
 495 4.620e-02 8.923e-04     -32.5    -891.7    3448.2 -0.138  0.1332  0.1376 0.0056  12.20 0.00e+00 0.00e+00  0.83  1.00 0.78
 496 4.574e-02 1.019e-03    1301.5     691.7    3496.5  0.107 -0.1076 -0.1068 0.0043  10.04 0.00e+00 0.00e+00  0.78  0.92 0.82
 497 6.836e-02 9.154e-04    1198.1     503.4    2129.0  0.078 -0.0747 -0.0777 0.0053  11.59 0.00e+00 0.00e+00 -0.29  0.91 2.21
 498 9.894e-02 8.495e-04     140.8    -526.1    2129.5 -0.081  0.0833  0.0812 0.0061  14.69 0.00e+00 0.00e+00  0.64  0.95 2.61
 499 1.033e-01 9.233e-04     127.9    -762.7    3261.2 -0.118  0.1154  0.1177 0.0052  13.44 0.00e+00 0.00e+00  0.89  1.00 0.79
 500 1.075e-01 1.036e-03    1265.6     629.3    3295.4  0.097 -0.0971 -0.0971 0.0041  10.40 0.00e+00 0.00e+00  0.73  0.92 1.23
 501 1.589e-01 9.403e-04    1323.9     482.8    2501.5  0.075 -0.0716 -0.0745 0.0050  14.95 0.00e+00 0.00e+00 -0.35  0.91 3.36
 502 2.391e-01 8.754e-04     441.4    -739.4    3233.5 -0.114  0.1127  0.1141 0.0058  19.59 0.00e+00 0.00e+00  0.84  0.97 1.72
 503 2.739e-01 9.798e-04    1051.5    -599.8    4941.1 -0.093  0.0924  0.0926 0.0046  14.98 0.00e+00 0.00e+00  0.95  0.98 0.69
 504 3.790e-01 1.075e-03    2089.5     937.8    4398.6  0.145 -0.1511 -0.1447 0.0038  11.24 2.20e-06 1.00e+00  0.38  0.93 3.61
 505 7.222e-01 9.239e-04     931.6    -158.2    3005.4 -0.024  0.0290  0.0244 0.0052  18.82 6.62e-07 1.00e+00  0.81  0.94 6.39
 506 9.628e-01 9.511e-04     269.3   -1454.0    5569.7 -0.224  0.2057  0.2244 0.0049  22.68 4.44e-08 1.00e+00  0.81  1.00 0.67
 507 1.046e+00 1.168e-03    1856.0     944.9    4720.5  0.146 -0.1532 -0.1458 0.0032  10.83 0.00e+00 0.00e+00  0.81  0.93 2.43
 508 1.855e+00 1.002e-03    1367.6     453.3    2662.5  0.070 -0.0675 -0.0700 0.0044  21.16 1.36e-09 7.52e-01 -0.16  0.92 2.48
 509 2.830e+00 9.370e-04     142.1    -638.6    2735.4 -0.099  0.0981  0.0985 0.0050  39.76 0.00e+00 0.00e+00  0.87  0.97 1.55
 510 2.957e+00 1.034e-03     575.0    -554.5    3745.4 -0.086  0.0856  0.0856 0.0041  29.86 0.00e+00 0.00e+00  0.94  0.99 0.74
 511 3.531e+00 1.126e-03    1533.7     746.7    3570.6  0.115 -0.1180 -0.1152 0.0035  28.20 1.57e-10 9.95e-01  0.64  0.92 3.04
 512 5.668e+00 1.001e-03    1103.3     138.0    2588.2  0.021 -0.0169 -0.0213 0.0044  39.39 1.30e-10 1.00e+00 -0.43  0.92 14.32
 513 7.968e+00 9.838e-04     563.8   -1007.9    4538.0 -0.156  0.1480  0.1555 0.0046  47.38 0.00e+00 0.00e+00  0.89  0.99 0.91
 514 9.482e+00 1.141e-03    1888.4     585.0    5348.9  0.090 -0.0905 -0.0903 0.0034  31.27 0.00e+00 0.00e+00  0.89  0.94 1.14
 515 1.698e+01 1.042e-03    2023.8     485.3    4157.4  0.075 -0.0731 -0.0749 0.0041  38.50 0.00e+00 0.00e+00 -0.26  0.93 2.24
 516 3.172e+01 9.686e-04     499.6   -1218.0    5122.9 -0.188  0.1756  0.1880 0.0047  64.02 0.00e+00 0.00e+00  0.84  0.99 0.95
invariant sig*|G|^0.5: first=2.866e-05 last=7.023e-03 median=2.049e-04 cv=1.66
fit lam_obs vs lam_par: corr=0.728 slope=0.74 icpt=773.2
fit lam_obs vs s1: corr=0.498 slope=0.22 icpt=161.0
fit dlnsig_obs vs pred: corr=0.998 slope=0.99 icpt=-0.0001
median cosT=0.636 cosC=0.926 magT=1.826
