Precompiling packages...
    300.4 ms  ✓ PrecompileTools
   4437.7 ms  ✓ StaticArrays
  2 dependencies successfully precompiled in 5 seconds. 6 already precompiled.
Precompiling packages...
    306.1 ms  ✓ JLLWrappers
    364.8 ms  ✓ FillArrays → FillArraysStaticArraysExt
    515.5 ms  ✓ Libiconv_jll
    521.8 ms  ✓ XML2_jll
    438.4 ms  ✓ LightXML
   1066.0 ms  ✓ WriteVTK
   3941.0 ms  ✓ FastMultipole
  7 dependencies successfully precompiled in 7 seconds. 14 already precompiled.
Geometry: REAL step-472 snapshot | ns=36752 panels, nt=241986 particles, dense=8893469472
Shared grid (particle box): x_min=(-0.03615, -0.22624, -0.22634) h0=0.226327
Panel containment in particle box: max excursion = 0 cell widths (level 1)

q    ellx  |  panCell  parCell |     n_M2L      m2l_inter |   n_near    near_inter    frac% |  offCls  lvlCls |    t_near   tM2L_P4   tM2L_P8 | checks
3    4     |       26     1570 |      2623     8784158613 |      421     109310859    1.229 |     218     434 |    0.0406    0.0000    0.0000 | PASS  [build 0.15s]
3    5     |       64     9993 |      7218     8882583615 |      649      10885857    0.122 |     246     680 |    0.0040    0.0000    0.0000 | PASS  [build 0.01s]
3    6     |      193    56017 |     16136     8892150046 |     1371       1319426    0.015 |     312     992 |    0.0005    0.0000    0.0001 | PASS  [build 0.01s]
3    7     |      706   151312 |     28139     8893312001 |     1736        157471    0.002 |     316    1308 |    0.0001    0.0000    0.0001 | PASS  [build 0.04s]
3    8     |     2948   219215 |     37794     8893450062 |     1364         19410    0.000 |     316    1622 |    0.0000    0.0000    0.0002 | PASS  [build 0.05s]
3    9     |     9351   241119 |     41744     8893466704 |      601          2768    0.000 |     316    1936 |    0.0000    0.0000    0.0002 | PASS  [build 0.11s]
  per-level profile q=3 ell_x=9:
    L=0: panCells=     1 parCells=      1 routes=        0
    L=1: panCells=     4 parCells=      8 routes=        0
    L=2: panCells=     4 parCells=     52 routes=      152
    L=3: panCells=     8 parCells=    250 routes=      454
    L=4: panCells=    26 parCells=   1570 routes=     2017
    L=5: panCells=    64 parCells=   9993 routes=     4595
    L=6: panCells=   193 parCells=  56017 routes=     8918
    L=7: panCells=   706 parCells= 151312 routes=    12003
    L=8: panCells=  2948 parCells= 219215 routes=     9655
    L=9: panCells=  9351 parCells= 241119 routes=     3950
5    4     |       26     1570 |      4422     8679443024 |      844     214026448    2.407 |     450     712 |    0.0794    0.0000    0.0000 | PASS  [build 0.00s]
5    5     |       64     9993 |     13567     8869626628 |     1372      23842844    0.268 |     502    1199 |    0.0088    0.0000    0.0001 | PASS  [build 0.01s]
5    6     |      193    56017 |     32731     8890665186 |     2831       2804286    0.032 |     649    1848 |    0.0010    0.0000    0.0002 | PASS  [build 0.02s]
5    7     |      706   151312 |     57411     8893132288 |     3672        337184    0.004 |     675    2520 |    0.0001    0.0000    0.0003 | PASS  [build 0.03s]
5    8     |     2948   219215 |     78083     8893428909 |     2851         40563    0.000 |     680    3189 |    0.0000    0.0001    0.0004 | PASS  [build 0.09s]
5    9     |     9351   241119 |     86222     8893463624 |     1272          5848    0.000 |     682    3860 |    0.0000    0.0001    0.0004 | PASS  [build 0.23s]
  per-level profile q=5 ell_x=9:
    L=0: panCells=     1 parCells=      1 routes=        0
    L=1: panCells=     4 parCells=      8 routes=        0
    L=2: panCells=     4 parCells=     52 routes=      116
    L=3: panCells=     8 parCells=    250 routes=      668
    L=4: panCells=    26 parCells=   1570 routes=     3638
    L=5: panCells=    64 parCells=   9993 routes=     9145
    L=6: panCells=   193 parCells=  56017 routes=    19164
    L=7: panCells=   706 parCells= 151312 routes=    24680
    L=8: panCells=  2948 parCells= 219215 routes=    20672
    L=9: panCells=  9351 parCells= 241119 routes=     8139
12   4     |       26     1570 |      7953     8307449962 |     2235     586019510    6.589 |     788    1140 |    0.2174    0.0000    0.0000 | PASS  [build 0.00s]
12   5     |       64     9993 |     32220     8813922606 |     4215      79546866    0.894 |    1136    2275 |    0.0295    0.0000    0.0002 | PASS  [build 0.01s]
12   6     |      193    56017 |     92420     8885089629 |     8313       8379843    0.094 |    1513    3788 |    0.0031    0.0001    0.0005 | PASS  [build 0.02s]
12   7     |      706   151312 |    169251     8892401617 |    11297       1067855    0.012 |    1696    5483 |    0.0004    0.0001    0.0008 | PASS  [build 0.06s]
12   8     |     2948   219215 |    233490     8893338154 |     9165        131318    0.001 |    1735    7176 |    0.0000    0.0002    0.0011 | PASS  [build 0.19s]
12   9     |     9351   241119 |    259916     8893452324 |     3958         17148    0.000 |    1738    8895 |    0.0000    0.0002    0.0013 | PASS  [build 0.62s]
  per-level profile q=12 ell_x=9:
    L=0: panCells=     1 parCells=      1 routes=        0
    L=1: panCells=     4 parCells=      8 routes=        0
    L=2: panCells=     4 parCells=     52 routes=       28
    L=3: panCells=     8 parCells=    250 routes=     1324
    L=4: panCells=    26 parCells=   1570 routes=     6601
    L=5: panCells=    64 parCells=   9993 routes=    24267
    L=6: panCells=   193 parCells=  56017 routes=    60200
    L=7: panCells=   706 parCells= 151312 routes=    76831
    L=8: panCells=  2948 parCells= 219215 routes=    64239
    L=9: panCells=  9351 parCells= 241119 routes=    26426

Cost-model note: t_near scales the measured 3.3 s dense A100 rate by the
near-field fraction; tM2L_P assumes (2P+1)^3 flop/route at 1e12 flop/s
effective. Gate = 0.6 s/step. B2M/L2B/M2M/L2L unmodeled (small).
Best q=3  (P=4 model): ell_x=9  total=0.0000 s  (near 0.0000 + M2L 0.0000)  margin 19073x
Best q=5  (P=4 model): ell_x=9  total=0.0001 s  (near 0.0000 + M2L 0.0001)  margin 9227x
Best q=12 (P=4 model): ell_x=9  total=0.0002 s  (near 0.0000 + M2L 0.0002)  margin 3064x

ALL EXACT-ONCE CERTIFICATIONS PASSED
