┌ Warning: FMM radius inflation (0.005897977468151848) exceeds 10× the panel radius (2.0180581352456914e-5): core_size 0.001 is large relative to the panel size, so most interactions will be evaluated directly.
└ @ FLOWPanel ~/Dropbox/research/projects/FLOWPanel.jl/src/FLOWPanel_abstractbody.jl:1202
filament regularization family: GaussianRegularization
body core_size = 0.001 | singular control core = 1.0e-12

=== A. per-pair kernel tail (200 panels x 24 distances x 4 dirs) ===
     r (m) |     median        p90        max | r/sigma
2.0000e-03 |  5.029e-01  3.543e+00  4.880e+01 |    2.0
2.3897e-03 |  2.810e-01  3.859e+00  4.268e+01 |    2.4
2.8553e-03 |  1.748e-01  3.247e+00  4.019e+01 |    2.9
3.4116e-03 |  1.119e-01  2.014e+00  5.533e+01 |    3.4
4.0764e-03 |  3.957e-02  1.284e+00  7.009e+01 |    4.1
4.8706e-03 |  7.255e-03  8.579e-01  1.143e+02 |    4.9
5.8196e-03 |  7.329e-04  4.479e-01  1.351e+02 |    5.8
6.9535e-03 |  2.213e-05  2.948e-01  1.223e+02 |    7.0
8.3084e-03 |  2.101e-07  1.212e-01  8.436e+01 |    8.3
9.9272e-03 |  1.830e-10  2.507e-02  4.268e+01 |    9.9
1.1861e-02 |  7.475e-14  2.623e-03  2.623e+01 |   11.9
1.4173e-02 |  2.888e-14  7.747e-05  2.772e+01 |   14.2
1.6934e-02 |  2.355e-14  3.727e-07  2.774e+01 |   16.9
2.0234e-02 |  2.224e-14  1.704e-10  2.568e+01 |   20.2
2.4176e-02 |  2.675e-14  2.490e-13  2.127e+01 |   24.2
2.8886e-02 |  3.079e-14  1.874e-13  1.503e+01 |   28.9
3.4515e-02 |  3.533e-14  1.816e-13  8.470e+00 |   34.5
4.1240e-02 |  4.056e-14  1.885e-13  3.455e+00 |   41.2
4.9275e-02 |  5.190e-14  2.478e-13  8.880e-01 |   49.3
5.8876e-02 |  5.521e-14  2.697e-13  1.181e-01 |   58.9
7.0347e-02 |  6.866e-14  3.180e-13  8.393e-03 |   70.3
8.4054e-02 |  7.987e-14  3.739e-13  9.538e-04 |   84.1
1.0043e-01 |  9.243e-14  4.636e-13  3.925e-05 |  100.4
1.2000e-01 |  1.076e-13  4.842e-13  3.777e-07 |  120.0
local p90 slope near r=3.412e-03 : -2.68
local p90 slope near r=6.954e-03 : -2.35
local p90 slope near r=1.417e-02 : -19.79
local p90 slope near r=2.889e-02 : -1.60
local p90 slope near r=5.888e-02 : 0.48
local p90 slope near r=1.200e-01 : 0.24
R*(p90 <= 0.0001) = 1.4173e-02 m
R*(p90 <= 3.0e-5) = 1.6934e-02 m

=== B. near-surface particle population + dense-cost model ===
R=0.01 m : particles within R of surface =     620 ( 0.26%) -> dense guard cost ~ 0.008 s
R=0.02 m : particles within R of surface =    1709 ( 0.71%) -> dense guard cost ~ 0.023 s
R=0.03 m : particles within R of surface =    3431 ( 1.42%) -> dense guard cost ~ 0.047 s
R=0.04 m : particles within R of surface =    6188 ( 2.56%) -> dense guard cost ~ 0.084 s
R=0.05 m : particles within R of surface =   10867 ( 4.49%) -> dense guard cost ~ 0.148 s
R=0.06 m : particles within R of surface =   14644 ( 6.05%) -> dense guard cost ~ 0.200 s
R=0.08 m : particles within R of surface =   23637 ( 9.77%) -> dense guard cost ~ 0.322 s
DONE
