solved strengths: sigma size=(36752,) gamma size=(36752,)
USING SOLVED STRENGTHS (production step-472 sigma/gamma)
=== 1. aggregate far mismatch vs exclusion radius (2000 targets) ===
pair pass: 9.8 s, rms|U_reg|=1.7052e-01
  R=0.005 m : far-mismatch relRMS = 2.313e-02
  R=0.010 m : far-mismatch relRMS = 1.156e-02
  R=0.015 m : far-mismatch relRMS = 1.122e-03
  R=0.020 m : far-mismatch relRMS = 1.189e-03
  R=0.025 m : far-mismatch relRMS = 6.627e-04
  R=0.030 m : far-mismatch relRMS = 1.357e-04
  R=0.035 m : far-mismatch relRMS = 1.381e-04
  R=0.040 m : far-mismatch relRMS = 3.597e-04
  R=0.045 m : far-mismatch relRMS = 2.866e-04
  R=0.050 m : far-mismatch relRMS = 3.107e-04
  R=0.055 m : far-mismatch relRMS = 1.449e-04
  R=0.060 m : far-mismatch relRMS = 1.917e-05
  R=0.065 m : far-mismatch relRMS = 3.024e-05
  R=0.070 m : far-mismatch relRMS = 2.633e-05
  R=0.075 m : far-mismatch relRMS = 2.542e-05
  R=0.080 m : far-mismatch relRMS = 2.106e-06
  R=0.085 m : far-mismatch relRMS = 1.694e-06
  R=0.090 m : far-mismatch relRMS = 2.103e-06
  R=0.095 m : far-mismatch relRMS = 1.469e-06
  R=0.100 m : far-mismatch relRMS = 1.443e-06
R_guard(<=3e-5) = 0.06 m

=== 2. guarded accuracy sweep (R_guard=0.06 and 1.5x) ===
Rg     q    ellx  P   |  relRMS_U  margin |   n_m2l   n_dem  near_int    dem_int
0.060  3    5     3   | 6.305e-04    0.16 |     810    3314    256962   23973991
0.060  3    5     4   | 2.046e-04    0.49 |     810    3314    256962   23973991
0.060  3    5     6   | 2.994e-05    3.34 |     810    3314    256962   23973991
0.060  3    7     3   | 6.305e-04    0.16 |     810    4793      4269   24226684
0.060  3    7     4   | 2.046e-04    0.49 |     810    4793      4269   24226684
0.060  3    7     6   | 2.994e-05    3.34 |     810    4793      4269   24226684
0.060  12   5     3   | 3.790e-04    0.26 |   12256    5243   1713242    4355102
0.060  12   5     4   | 8.506e-05    1.18 |   12256    5243   1713242    4355102
0.060  12   5     6   | 9.738e-06   10.27 |   12256    5243   1713242    4355102
0.060  12   7     3   | 3.790e-04    0.26 |   12256   16011     30007    6038337
0.060  12   7     4   | 8.506e-05    1.18 |   12256   16011     30007    6038337
0.060  12   7     6   | 9.738e-06   10.27 |   12256   16011     30007    6038337
0.030  3    5     3   | 2.683e-03    0.04 |    2274    1850    256962    4730968
0.030  3    5     4   | 9.748e-04    0.10 |    2274    1850    256962    4730968
0.030  3    5     6   | 1.665e-04    0.60 |    2274    1850    256962    4730968
0.030  3    7     3   | 2.683e-03    0.04 |    2274    3329      4269    4983661
0.030  3    7     4   | 9.748e-04    0.10 |    2274    3329      4269    4983661
0.030  3    7     6   | 1.665e-04    0.60 |    2274    3329      4269    4983661
0.030  12   5     3   | 8.737e-04    0.11 |   17499       0   1713242          0
0.030  12   5     4   | 1.802e-04    0.55 |   17499       0   1713242          0
0.030  12   5     6   | 6.055e-05    1.65 |   17499       0   1713242          0
0.030  12   7     3   | 9.311e-04    0.11 |   21947    6320     30007     785587
0.030  12   7     4   | 3.594e-04    0.28 |   21947    6320     30007     785587
0.030  12   7     6   | 2.950e-04    0.34 |   21947    6320     30007     785587
0.015  3    5     3   | 7.594e-03    0.01 |    3596     528    256962     527175
0.015  3    5     4   | 3.573e-03    0.03 |    3596     528    256962     527175
0.015  3    5     6   | 9.429e-04    0.11 |    3596     528    256962     527175
0.015  3    7     3   | 7.622e-03    0.01 |    3976    1627      4269     693714
0.015  3    7     4   | 3.611e-03    0.03 |    3976    1627      4269     693714
0.015  3    7     6   | 1.068e-03    0.09 |    3976    1627      4269     693714
0.015  12   5     3   | 8.737e-04    0.11 |   17499       0   1713242          0
0.015  12   5     4   | 1.802e-04    0.55 |   17499       0   1713242          0
0.015  12   5     6   | 6.055e-05    1.65 |   17499       0   1713242          0
0.015  12   7     3   | 1.636e-03    0.06 |   26887    1380     30007      74974
0.015  12   7     4   | 6.289e-04    0.16 |   26887    1380     30007      74974
0.015  12   7     6   | 5.353e-04    0.19 |   26887    1380     30007      74974
┌ Warning: FMM radius inflation (0.005897977468151848) exceeds 10× the panel radius (2.0180581352456914e-5): core_size 0.001 is large relative to the panel size, so most interactions will be evaluated directly.
└ @ FLOWPanel ~/Dropbox/research/projects/FLOWPanel.jl/src/FLOWPanel_abstractbody.jl:1202
DONE
