=== node: m13h-1-1
GPU 0: NVIDIA H200 (UUID: GPU-6f9bfcbf-cfab-b500-a20b-e8cff94f1b24)
CUDA_HOME=/apps/cudatoolkit/12.8.1
=== CUDA.jl precompile/versioninfo
CUDA toolchain: 
- runtime 12.8.0, local installation
- driver 580.159.4 for 13.0
- compiler 12.9.41, artifact installation

CUDA libraries: 
- cuBLAS: 12.8.4
- cuSPARSE: 12.5.8
- cuSOLVER: 11.7.3
- cuFFT: 11.3.3
- cuRAND: 10.3.9
- CUPTI: 2025.1.1 (API 12.8.0)
- NVML: 13.0.0+580.159.4

Julia packages: 
- CUDACore: 6.2.0
- GPUArrays: 11.5.8
- GPUCompiler: 1.22.7
- KernelAbstractions: 0.9.42
- CUDA_Driver_jll: 13.3.0+0
- CUDA_Compiler_jll: 0.4.4+1
- CUDA_Runtime_jll: 0.23.0+1
- CUDA_Runtime_Discovery: 2.1.0
- NVPTX_LLVM_Backend_jll: 22.1.7+1

Toolchain:
- Julia: 1.11.7
- LLVM: 16.0.6

Preferences:
- CUDA_Runtime_jll.local: true

1 device:
  0: NVIDIA H200 (sm_90, 139.797 GiB / 140.401 GiB available)
     compiles to sm_90a / PTX 8.8
=== cuda_019b_tuning.jl
CUDA toolchain: 
- runtime 12.8.0, local installation
- driver 580.159.4 for 13.0
- compiler 12.9.41, artifact installation

CUDA libraries: 
- cuBLAS: 12.8.4
- cuSPARSE: 12.5.8
- cuSOLVER: 11.7.3
- cuFFT: 11.3.3
- cuRAND: 10.3.9
- CUPTI: 2025.1.1 (API 12.8.0)
- NVML: 13.0.0+580.159.4

Julia packages: 
- CUDACore: 6.2.0
- GPUArrays: 11.5.8
- GPUCompiler: 1.22.7
- KernelAbstractions: 0.9.42
- CUDA_Driver_jll: 13.3.0+0
- CUDA_Compiler_jll: 0.4.4+1
- CUDA_Runtime_jll: 0.23.0+1
- CUDA_Runtime_Discovery: 2.1.0
- NVPTX_LLVM_Backend_jll: 22.1.7+1

Toolchain:
- Julia: 1.11.7
- LLVM: 16.0.6

Preferences:
- CUDA_Runtime_jll.local: true

1 device:
  0: NVIDIA H200 (sm_90, 139.797 GiB / 140.401 GiB available)
     compiles to sm_90a / PTX 8.8
device_name=NVIDIA H200
cuda_status=CUDA functional: NVIDIA H200
CUDA_019B_ROW_HEADER,config,n,ell,P,lamb_helmholtz,policy,strategy,routes,direct_pairs,list_time,build_time,exec_time,exec_max,host_time,host_concat_m2l,host_recur_m2l,t_b2m,t_m2m,t_m2l,t_l2l,t_l2b
CUDA_019B_ROW,tiny_parent,128,2,1,false,parent,shared,1954,647,4.803430e-04,3.577660e+00,1.732735e+00,1.944089e+00,3.850775e-03,4.456690e-04,4.021547e-03,3.831800e-05,1.088736e-03,1.523598e+00,1.020631e-03,4.985000e-05
CUDA_019B_ROW,tiny_parent,128,2,1,false,parent,concat,1954,647,4.803430e-04,2.370364e-01,2.998030e-03,3.206751e-03,3.850775e-03,4.456690e-04,4.021547e-03,3.740300e-05,1.081768e-03,2.767620e-04,1.017896e-03,5.113700e-05
CUDA_019B_ROW,tiny_parent,128,2,1,true,parent,shared,1954,647,4.658600e-04,5.033733e-01,4.087315e+00,4.485865e+00,5.077743e-03,1.553161e-03,4.776616e-03,4.323500e-05,2.367363e-03,4.182668e+00,2.236835e-03,7.671100e-05
CUDA_019B_ROW,tiny_parent,128,2,1,true,parent,concat,1954,647,4.658600e-04,1.581271e-01,5.970042e-03,6.315165e-03,5.077743e-03,1.553161e-03,4.776616e-03,4.323600e-05,2.371061e-03,5.851370e-04,2.218856e-03,7.595200e-05
CUDA_019B_ROW,tiny_parent,128,2,2,false,parent,shared,1954,647,4.829950e-04,3.268654e-02,2.718994e+00,2.963353e+00,4.561235e-03,1.023661e-03,4.520259e-03,6.375100e-05,1.159140e-03,2.589218e+00,1.027602e-03,7.366900e-05
CUDA_019B_ROW,tiny_parent,128,2,2,false,parent,concat,1954,647,4.829950e-04,1.929282e-03,3.081653e-03,3.138100e-03,4.561235e-03,1.023661e-03,4.520259e-03,6.414400e-05,1.121455e-03,2.737710e-04,1.027111e-03,7.378600e-05
CUDA_019B_ROW,tiny_parent,128,2,2,true,parent,shared,1954,647,4.468580e-04,4.729896e-02,6.512399e+00,6.817480e+00,6.781155e-03,3.049861e-03,5.719940e-03,6.949600e-05,2.471217e-03,6.385196e+00,2.282946e-03,1.244850e-04
CUDA_019B_ROW,tiny_parent,128,2,2,true,parent,concat,1954,647,4.468580e-04,2.482713e-03,6.246026e-03,3.006599e-01,6.781155e-03,3.049861e-03,5.719940e-03,6.998000e-05,2.455719e-03,5.831280e-04,2.258795e-03,1.243790e-04
CUDA_019B_ROW,tiny_parent,128,2,3,false,parent,shared,1954,647,4.809300e-04,3.744165e-02,3.432157e+00,3.746086e+00,5.803668e-03,1.902753e-03,5.293498e-03,1.111790e-04,1.110678e-03,3.540318e+00,1.022469e-03,1.186390e-04
CUDA_019B_ROW,tiny_parent,128,2,3,false,parent,concat,1954,647,4.809300e-04,2.171914e-03,3.114080e-03,3.140394e-03,5.803668e-03,1.902753e-03,5.293498e-03,1.104760e-04,1.118156e-03,2.795150e-04,1.022587e-03,1.192080e-04
CUDA_019B_ROW,tiny_parent,128,2,3,true,parent,shared,1954,647,4.498440e-04,2.756039e-01,7.821155e+00,8.231226e+00,9.586312e-03,5.297003e-03,6.974955e-03,1.165790e-04,2.435446e-03,8.028012e+00,2.256335e-03,2.152240e-04
CUDA_019B_ROW,tiny_parent,128,2,3,true,parent,concat,1954,647,4.498440e-04,2.699219e-03,6.342028e-03,6.428607e-03,9.586312e-03,5.297003e-03,6.974955e-03,1.164190e-04,2.475583e-03,5.954870e-04,2.284651e-03,2.138240e-04
CUDA_019B_ROW,tiny_parent,128,2,4,false,parent,shared,1954,647,4.836880e-04,4.289903e-02,4.103968e+00,4.493257e+00,7.518051e-03,3.316331e-03,6.368191e-03,1.978600e-04,1.090759e-03,4.257809e+00,1.036363e-03,2.034190e-04
CUDA_019B_ROW,tiny_parent,128,2,4,false,parent,concat,1954,647,4.836880e-04,2.535070e-03,3.237857e-03,3.372177e-03,7.518051e-03,3.316331e-03,6.368191e-03,1.970860e-04,1.135091e-03,2.778370e-04,1.035640e-03,2.036880e-04
CUDA_019B_ROW,tiny_parent,128,2,4,true,parent,shared,1954,647,4.572560e-04,6.455721e-02,9.470878e+00,9.823573e+00,1.331569e-02,8.430717e-03,9.131834e-03,2.021550e-04,2.445840e-03,9.396269e+00,2.307718e-03,3.407490e-04
CUDA_019B_ROW,tiny_parent,128,2,4,true,parent,concat,1954,647,4.572560e-04,3.271298e-03,6.372238e-03,6.468992e-03,1.331569e-02,8.430717e-03,9.131834e-03,2.026510e-04,2.432579e-03,5.821000e-04,2.264467e-03,3.417610e-04
CUDA_019B_ROW,tiny_parent3,512,3,1,false,parent,shared,99986,4343,1.009454e-02,6.966081e-01,5.073362e+01,5.104748e+01,3.545628e-02,2.554623e-02,2.208765e-01,3.478800e-05,5.150657e-03,5.004689e+01,5.069125e-03,4.539300e-05
CUDA_019B_ROW,tiny_parent3,512,3,1,false,parent,concat,99986,4343,1.009454e-02,1.232163e-02,1.153900e-02,1.172285e-02,3.545628e-02,2.554623e-02,2.208765e-01,3.447300e-05,5.128526e-03,2.997740e-04,5.012738e-03,4.535200e-05
CUDA_019B_ROW,tiny_parent3,512,3,1,true,parent,shared,99986,4343,1.001259e-02,9.810954e-01,1.242716e+02,1.251689e+02,1.076172e-01,9.242875e-02,2.921986e-01,4.011800e-05,1.122786e-02,1.232997e+02,1.107221e-02,6.662500e-05
CUDA_019B_ROW,tiny_parent3,512,3,1,true,parent,concat,99986,4343,1.001259e-02,9.845813e-03,2.384198e-02,3.937879e-02,1.076172e-01,9.242875e-02,2.921986e-01,3.997600e-05,1.105777e-02,6.016230e-04,1.077768e-02,6.635300e-05
CUDA_019B_ROW,tiny_parent3,512,3,2,false,parent,shared,99986,4343,9.949497e-03,7.853925e-01,6.914354e+01,6.958391e+01,7.021055e-02,5.767187e-02,2.430726e-01,5.804000e-05,5.131420e-03,6.849820e+01,4.982354e-03,6.442100e-05
CUDA_019B_ROW,tiny_parent3,512,3,2,false,parent,concat,99986,4343,9.949497e-03,9.128205e-03,1.143001e-02,1.165586e-02,7.021055e-02,5.767187e-02,2.430726e-01,5.669300e-05,5.075167e-03,3.034080e-04,4.957319e-03,6.511300e-05
CUDA_019B_ROW,tiny_parent3,512,3,2,true,parent,shared,99986,4343,1.051843e-02,1.131256e+00,1.599693e+02,1.609435e+02,1.922772e-01,1.854332e-01,3.172738e-01,6.313600e-05,1.132121e-02,1.591361e+02,1.106167e-02,1.058500e-04
CUDA_019B_ROW,tiny_parent3,512,3,2,true,parent,concat,99986,4343,1.051843e-02,1.045208e-02,2.391111e-02,2.457392e-02,1.922772e-01,1.854332e-01,3.172738e-01,6.235600e-05,1.109950e-02,6.215330e-04,1.091744e-02,1.070960e-04
CUDA_019B_ROW,tiny_parent3,512,3,3,false,parent,shared,99986,4343,1.063166e-02,8.662897e-01,8.741912e+01,8.791851e+01,1.309258e-01,1.175341e-01,2.809806e-01,9.627000e-05,5.207260e-03,8.651119e+01,5.102130e-03,1.016460e-04
CUDA_019B_ROW,tiny_parent3,512,3,3,false,parent,concat,99986,4343,1.063166e-02,9.900029e-03,1.168961e-02,1.184747e-02,1.309258e-01,1.175341e-01,2.809806e-01,9.662600e-05,5.153105e-03,3.185470e-04,5.036356e-03,1.020670e-04
slurmstepd: error: *** JOB 12746806 ON m13h-1-1 CANCELLED AT 2026-07-14T16:23:29 DUE TO TIME LIMIT ***
