=== node: m13h-1-1
GPU 0: NVIDIA H200 (UUID: GPU-6f9bfcbf-cfab-b500-a20b-e8cff94f1b24)
CUDA_HOME=/apps/cudatoolkit/12.8.1
=== CUDA.jl precompile/versioninfo
CUDA toolchain: 
- runtime 12.8.0, local installation
- driver 580.159.4 for 13.0
- compiler 12.9.41, artifact installation

CUDA libraries: 
- cuBLAS: 12.8.4
- cuSPARSE: 12.5.8
- cuSOLVER: 11.7.3
- cuFFT: 11.3.3
- cuRAND: 10.3.9
- CUPTI: 2025.1.1 (API 12.8.0)
- NVML: 13.0.0+580.159.4

Julia packages: 
- CUDACore: 6.2.1
- GPUArrays: 11.5.8
- GPUCompiler: 1.23.0
- KernelAbstractions: 0.9.42
- CUDA_Driver_jll: 13.3.0+1
- CUDA_Compiler_jll: 0.4.4+1
- CUDA_Runtime_jll: 0.23.0+1
- CUDA_Runtime_Discovery: 2.1.0
- NVPTX_LLVM_Backend_jll: 22.1.7+1

Toolchain:
- Julia: 1.11.7
- LLVM: 16.0.6

Preferences:
- CUDA_Runtime_jll.local: true

1 device:
  0: NVIDIA H200 (sm_90, 139.797 GiB / 140.401 GiB available)
     compiles to sm_90a / PTX 8.8
=== test/cuda_radix_lifecycle_test.jl
Test Summary:                        | Pass  Total     Time
CUDA radix lifecycle gate (task 022) |  208    208  1m29.4s
Test Summary:                                                  | Pass  Total  Time
ConcatenatedFixedZM2L host parity (task 022 throughput repair) |   37     37  7.1s
LIFECYCLE_TEST_EXIT=0
=== test/cuda_radix_integration_test.jl (023f dense sections)
Test Summary:                          |   Pass   Total      Time
CUDA radix fmm! integration (task 023) | 416787  416787  23m18.4s
INTEGRATION_TEST_EXIT=0
=== benchmark_023f_dense_m2l_cuda.jl
concat           Float64  P=4  LH=false N=150    fit=true  m2l    0.281 ms  step    4.513 ms  mem   134.2 MB
factored         Float64  P=4  LH=false N=150    fit=true  m2l    0.057 ms  step    4.199 ms  mem    33.6 MB
precomputed_y    Float64  P=4  LH=false N=150    fit=true  m2l    0.043 ms  step    4.112 ms  mem    33.6 MB
dense            Float64  P=4  LH=false N=150    fit=true  m2l    6.009 ms  step   10.207 ms  mem    33.6 MB
dense_perclass   Float64  P=4  LH=false N=150    fit=true  m2l   13.382 ms  step   18.029 ms  mem    33.6 MB
dense_fused      Float64  P=4  LH=false N=150    fit=true  m2l    0.019 ms  step    4.045 ms  mem    33.6 MB
dense            Float32  P=4  LH=false N=150    fit=true  m2l    5.606 ms  step    9.720 ms  mem   123.7 MB
dense_perclass   Float32  P=4  LH=false N=150    fit=true  m2l   13.302 ms  step   17.801 ms  mem    33.6 MB
dense_fused      Float32  P=4  LH=false N=150    fit=true  m2l    0.016 ms  step    3.976 ms  mem    33.6 MB
concat           Float64  P=4  LH=true  N=150    fit=true  m2l    0.591 ms  step    6.550 ms  mem   167.8 MB
factored         Float64  P=4  LH=true  N=150    fit=true  m2l    0.129 ms  step    5.716 ms  mem    67.1 MB
precomputed_y    Float64  P=4  LH=true  N=150    fit=true  m2l    0.107 ms  step    5.700 ms  mem    67.1 MB
dense            Float64  P=4  LH=true  N=150    fit=true  m2l    4.453 ms  step   10.232 ms  mem    67.1 MB
dense_perclass   Float64  P=4  LH=true  N=150    fit=true  m2l   10.664 ms  step   16.886 ms  mem    67.1 MB
dense_fused      Float64  P=4  LH=true  N=150    fit=true  m2l    0.028 ms  step    5.535 ms  mem    67.1 MB
dense            Float32  P=4  LH=true  N=150    fit=true  m2l    4.262 ms  step    9.655 ms  mem    33.6 MB
dense_perclass   Float32  P=4  LH=true  N=150    fit=true  m2l   10.626 ms  step   16.142 ms  mem    33.6 MB
dense_fused      Float32  P=4  LH=true  N=150    fit=true  m2l    0.027 ms  step    5.668 ms  mem    33.6 MB
concat           Float64  P=8  LH=false N=150    fit=true  m2l    0.287 ms  step    4.854 ms  mem   167.8 MB
factored         Float64  P=8  LH=false N=150    fit=true  m2l    0.175 ms  step    4.644 ms  mem    67.1 MB
precomputed_y    Float64  P=8  LH=false N=150    fit=true  m2l    0.113 ms  step    4.623 ms  mem   100.7 MB
dense            Float64  P=8  LH=false N=150    fit=true  m2l   20.744 ms  step   24.807 ms  mem   201.3 MB
dense_perclass   Float64  P=8  LH=false N=150    fit=true  m2l   40.410 ms  step   45.972 ms  mem   201.3 MB
dense_fused      Float64  P=8  LH=false N=150    fit=true  m2l    0.090 ms  step    4.648 ms  mem   201.3 MB
dense            Float32  P=8  LH=false N=150    fit=true  m2l   15.181 ms  step   19.751 ms  mem   100.7 MB
dense_perclass   Float32  P=8  LH=false N=150    fit=true  m2l   35.327 ms  step   40.156 ms  mem   100.7 MB
dense_fused      Float32  P=8  LH=false N=150    fit=true  m2l    0.063 ms  step    4.377 ms  mem   100.7 MB
concat           Float64  P=8  LH=true  N=150    fit=true  m2l    0.625 ms  step    6.786 ms  mem   436.2 MB
factored         Float64  P=8  LH=true  N=150    fit=true  m2l    0.461 ms  step    6.263 ms  mem   167.8 MB
precomputed_y    Float64  P=8  LH=true  N=150    fit=true  m2l    0.287 ms  step    6.270 ms  mem   167.8 MB
dense            Float64  P=8  LH=true  N=150    fit=true  m2l   31.918 ms  step   36.923 ms  mem   906.0 MB
dense_perclass   Float64  P=8  LH=true  N=150    fit=true  m2l   48.083 ms  step   53.565 ms  mem   906.0 MB
dense_fused      Float64  P=8  LH=true  N=150    fit=true  m2l    0.366 ms  step    6.371 ms  mem   906.0 MB
dense            Float32  P=8  LH=true  N=150    fit=true  m2l   49.342 ms  step   54.825 ms  mem   469.8 MB
dense_perclass   Float32  P=8  LH=true  N=150    fit=true  m2l   64.215 ms  step   69.773 ms  mem   469.8 MB
dense_fused      Float32  P=8  LH=true  N=150    fit=true  m2l    0.482 ms  step    6.148 ms  mem   469.8 MB
concat           Float64  P=12 LH=false N=150    fit=true  m2l    0.654 ms  step    6.887 ms  mem   369.1 MB
factored         Float64  P=12 LH=false N=150    fit=true  m2l    0.467 ms  step    6.750 ms  mem   167.8 MB
precomputed_y    Float64  P=12 LH=false N=150    fit=true  m2l    0.265 ms  step    6.535 ms  mem   167.8 MB
dense            Float64  P=12 LH=false N=150    fit=true  m2l   29.169 ms  step   35.516 ms  mem   805.3 MB
dense_perclass   Float64  P=12 LH=false N=150    fit=true  m2l   45.958 ms  step   52.266 ms  mem   805.3 MB
dense_fused      Float64  P=12 LH=false N=150    fit=true  m2l    0.369 ms  step    6.656 ms  mem   805.3 MB
dense            Float32  P=12 LH=false N=150    fit=false m2l      NaN ms  step      NaN ms  mem     0.0 MB
dense_perclass   Float32  P=12 LH=false N=150    fit=false m2l      NaN ms  step      NaN ms  mem     0.0 MB
dense_fused      Float32  P=12 LH=false N=150    fit=false m2l      NaN ms  step      NaN ms  mem     0.0 MB
concat           Float64  P=12 LH=true  N=150    fit=true  m2l    1.158 ms  step    9.023 ms  mem   906.0 MB
factored         Float64  P=12 LH=true  N=150    fit=true  m2l    0.916 ms  step    8.513 ms  mem   302.0 MB
precomputed_y    Float64  P=12 LH=true  N=150    fit=true  m2l    0.546 ms  step    8.550 ms  mem   335.5 MB
dense            Float64  P=12 LH=true  N=150    fit=true  m2l   19.831 ms  step   28.997 ms  mem  3590.3 MB
dense_perclass   Float64  P=12 LH=true  N=150    fit=true  m2l   44.768 ms  step   54.389 ms  mem  3590.3 MB
dense_fused      Float64  P=12 LH=true  N=150    fit=true  m2l    1.516 ms  step    9.106 ms  mem  3590.3 MB
dense            Float32  P=12 LH=true  N=150    fit=false m2l      NaN ms  step      NaN ms  mem     0.0 MB
dense_perclass   Float32  P=12 LH=true  N=150    fit=false m2l      NaN ms  step      NaN ms  mem     0.0 MB
dense_fused      Float32  P=12 LH=true  N=150    fit=false m2l      NaN ms  step      NaN ms  mem     0.0 MB
concat           Float64  P=4  LH=false N=2000   fit=true  m2l    0.268 ms  step    4.356 ms  mem   335.5 MB
factored         Float64  P=4  LH=false N=2000   fit=true  m2l    0.164 ms  step    4.097 ms  mem    67.1 MB
precomputed_y    Float64  P=4  LH=false N=2000   fit=true  m2l    0.109 ms  step    4.093 ms  mem    67.1 MB
dense            Float64  P=4  LH=false N=2000   fit=true  m2l   12.276 ms  step   16.527 ms  mem    67.1 MB
dense_perclass   Float64  P=4  LH=false N=2000   fit=true  m2l   25.140 ms  step   30.196 ms  mem    67.1 MB
dense_fused      Float64  P=4  LH=false N=2000   fit=true  m2l    0.041 ms  step    4.066 ms  mem    67.1 MB
dense            Float32  P=4  LH=false N=2000   fit=true  m2l   12.799 ms  step   17.066 ms  mem    33.6 MB
dense_perclass   Float32  P=4  LH=false N=2000   fit=true  m2l   26.276 ms  step   29.316 ms  mem    33.6 MB
dense_fused      Float32  P=4  LH=false N=2000   fit=true  m2l    0.035 ms  step    4.093 ms  mem    33.6 MB
concat           Float64  P=4  LH=true  N=2000   fit=true  m2l    0.551 ms  step    6.426 ms  mem   872.4 MB
factored         Float64  P=4  LH=true  N=2000   fit=true  m2l    0.342 ms  step    6.077 ms  mem   100.7 MB
precomputed_y    Float64  P=4  LH=true  N=2000   fit=true  m2l    0.237 ms  step    6.064 ms  mem   100.7 MB
dense            Float64  P=4  LH=true  N=2000   fit=true  m2l   10.405 ms  step   16.383 ms  mem   100.7 MB
dense_perclass   Float64  P=4  LH=true  N=2000   fit=true  m2l   23.113 ms  step   30.037 ms  mem   100.7 MB
dense_fused      Float64  P=4  LH=true  N=2000   fit=true  m2l    0.095 ms  step    5.788 ms  mem   100.7 MB
dense            Float32  P=4  LH=true  N=2000   fit=true  m2l   10.505 ms  step   16.231 ms  mem    67.1 MB
dense_perclass   Float32  P=4  LH=true  N=2000   fit=true  m2l   23.007 ms  step   28.718 ms  mem    67.1 MB
dense_fused      Float32  P=4  LH=true  N=2000   fit=true  m2l    0.073 ms  step    5.428 ms  mem    67.1 MB
concat           Float64  P=8  LH=false N=2000   fit=true  m2l    2.939 ms  step    8.522 ms  mem   973.1 MB
factored         Float64  P=8  LH=false N=2000   fit=true  m2l    2.328 ms  step    7.957 ms  mem   100.7 MB
precomputed_y    Float64  P=8  LH=false N=2000   fit=true  m2l    1.281 ms  step    6.915 ms  mem   100.7 MB
dense            Float64  P=8  LH=false N=2000   fit=true  m2l   27.195 ms  step   33.297 ms  mem   234.9 MB
dense_perclass   Float64  P=8  LH=false N=2000   fit=true  m2l   53.143 ms  step   60.083 ms  mem   234.9 MB
dense_fused      Float64  P=8  LH=false N=2000   fit=true  m2l    0.933 ms  step    6.573 ms  mem   234.9 MB
dense            Float32  P=8  LH=false N=2000   fit=true  m2l   26.702 ms  step   31.976 ms  mem   134.2 MB
dense_perclass   Float32  P=8  LH=false N=2000   fit=true  m2l   51.672 ms  step   57.837 ms  mem   134.2 MB
dense_fused      Float32  P=8  LH=false N=2000   fit=true  m2l    0.650 ms  step    5.363 ms  mem   134.2 MB
concat           Float64  P=8  LH=true  N=2000   fit=true  m2l    6.478 ms  step   14.411 ms  mem  2516.6 MB
factored         Float64  P=8  LH=true  N=2000   fit=true  m2l    6.039 ms  step   14.042 ms  mem   167.8 MB
precomputed_y    Float64  P=8  LH=true  N=2000   fit=true  m2l    3.497 ms  step   11.502 ms  mem   201.3 MB
dense            Float64  P=8  LH=true  N=2000   fit=true  m2l   26.842 ms  step   36.444 ms  mem   906.0 MB
dense_perclass   Float64  P=8  LH=true  N=2000   fit=true  m2l   57.846 ms  step   67.532 ms  mem   906.0 MB
dense_fused      Float64  P=8  LH=true  N=2000   fit=true  m2l    3.967 ms  step   11.960 ms  mem   906.0 MB
dense            Float32  P=8  LH=true  N=2000   fit=true  m2l   48.022 ms  step   54.904 ms  mem   469.8 MB
dense_perclass   Float32  P=8  LH=true  N=2000   fit=true  m2l   64.794 ms  step   71.914 ms  mem   469.8 MB
dense_fused      Float32  P=8  LH=true  N=2000   fit=true  m2l    5.995 ms  step   12.746 ms  mem   469.8 MB
concat           Float64  P=12 LH=false N=2000   fit=true  m2l    8.697 ms  step   25.926 ms  mem  2013.3 MB
factored         Float64  P=12 LH=false N=2000   fit=true  m2l    6.488 ms  step   23.745 ms  mem   167.8 MB
precomputed_y    Float64  P=12 LH=false N=2000   fit=true  m2l    3.352 ms  step   20.632 ms  mem   201.3 MB
dense            Float64  P=12 LH=false N=2000   fit=true  m2l   28.457 ms  step   40.495 ms  mem   838.9 MB
dense_perclass   Float64  P=12 LH=false N=2000   fit=true  m2l   56.067 ms  step   69.488 ms  mem   838.9 MB
dense_fused      Float64  P=12 LH=false N=2000   fit=true  m2l    4.371 ms  step   21.750 ms  mem   838.9 MB
dense            Float32  P=12 LH=false N=2000   fit=false m2l      NaN ms  step      NaN ms  mem     0.0 MB
dense_perclass   Float32  P=12 LH=false N=2000   fit=false m2l      NaN ms  step      NaN ms  mem     0.0 MB
dense_fused      Float32  P=12 LH=false N=2000   fit=false m2l      NaN ms  step      NaN ms  mem     0.0 MB
concat           Float64  P=12 LH=true  N=2000   fit=true  m2l   16.375 ms  step   35.499 ms  mem  5033.2 MB
factored         Float64  P=12 LH=true  N=2000   fit=true  m2l   13.990 ms  step   33.222 ms  mem   335.5 MB
precomputed_y    Float64  P=12 LH=true  N=2000   fit=true  m2l    7.821 ms  step   26.947 ms  mem   335.5 MB
dense            Float64  P=12 LH=true  N=2000   fit=true  m2l   30.035 ms  step   46.552 ms  mem  3623.9 MB
dense_perclass   Float64  P=12 LH=true  N=2000   fit=true  m2l   61.782 ms  step   79.031 ms  mem  3623.9 MB
dense_fused      Float64  P=12 LH=true  N=2000   fit=true  m2l   18.738 ms  step   38.038 ms  mem  3623.9 MB
dense            Float32  P=12 LH=true  N=2000   fit=false m2l      NaN ms  step      NaN ms  mem     0.0 MB
dense_perclass   Float32  P=12 LH=true  N=2000   fit=false m2l      NaN ms  step      NaN ms  mem     0.0 MB
dense_fused      Float32  P=12 LH=true  N=2000   fit=false m2l      NaN ms  step      NaN ms  mem     0.0 MB
concat           Float64  P=4  LH=false N=20000  fit=true  m2l    0.261 ms  step   10.766 ms  mem   335.5 MB
factored         Float64  P=4  LH=false N=20000  fit=true  m2l    0.205 ms  step   10.604 ms  mem    67.1 MB
precomputed_y    Float64  P=4  LH=false N=20000  fit=true  m2l    0.134 ms  step   10.540 ms  mem    67.1 MB
dense            Float64  P=4  LH=false N=20000  fit=true  m2l   12.335 ms  step   23.031 ms  mem    67.1 MB
dense_perclass   Float64  P=4  LH=false N=20000  fit=true  m2l   25.196 ms  step   36.378 ms  mem    67.1 MB
dense_fused      Float64  P=4  LH=false N=20000  fit=true  m2l    0.042 ms  step   10.504 ms  mem    67.1 MB
dense            Float32  P=4  LH=false N=20000  fit=true  m2l   12.886 ms  step   22.473 ms  mem    33.6 MB
dense_perclass   Float32  P=4  LH=false N=20000  fit=true  m2l   25.452 ms  step   34.769 ms  mem    33.6 MB
dense_fused      Float32  P=4  LH=false N=20000  fit=true  m2l    0.036 ms  step    9.187 ms  mem    33.6 MB
concat           Float64  P=4  LH=true  N=20000  fit=true  m2l    0.550 ms  step   15.056 ms  mem   872.4 MB
factored         Float64  P=4  LH=true  N=20000  fit=true  m2l    0.365 ms  step   14.596 ms  mem   100.7 MB
precomputed_y    Float64  P=4  LH=true  N=20000  fit=true  m2l    0.247 ms  step   14.632 ms  mem   100.7 MB
dense            Float64  P=4  LH=true  N=20000  fit=true  m2l   10.436 ms  step   24.992 ms  mem   100.7 MB
dense_perclass   Float64  P=4  LH=true  N=20000  fit=true  m2l   23.629 ms  step   38.928 ms  mem   100.7 MB
dense_fused      Float64  P=4  LH=true  N=20000  fit=true  m2l    0.102 ms  step   14.363 ms  mem   100.7 MB
dense            Float32  P=4  LH=true  N=20000  fit=true  m2l   10.579 ms  step   22.760 ms  mem    67.1 MB
dense_perclass   Float32  P=4  LH=true  N=20000  fit=true  m2l   23.135 ms  step   35.523 ms  mem    67.1 MB
dense_fused      Float32  P=4  LH=true  N=20000  fit=true  m2l    0.079 ms  step   12.269 ms  mem    67.1 MB
concat           Float64  P=8  LH=false N=20000  fit=true  m2l    3.165 ms  step   30.205 ms  mem   973.1 MB
factored         Float64  P=8  LH=false N=20000  fit=true  m2l    2.524 ms  step   29.571 ms  mem   100.7 MB
precomputed_y    Float64  P=8  LH=false N=20000  fit=true  m2l    1.386 ms  step   28.552 ms  mem   100.7 MB
dense            Float64  P=8  LH=false N=20000  fit=true  m2l   26.843 ms  step   46.618 ms  mem   234.9 MB
dense_perclass   Float64  P=8  LH=false N=20000  fit=true  m2l   52.598 ms  step   76.607 ms  mem   234.9 MB
dense_fused      Float64  P=8  LH=false N=20000  fit=true  m2l    1.006 ms  step   28.068 ms  mem   234.9 MB
dense            Float32  P=8  LH=false N=20000  fit=true  m2l   26.912 ms  step   42.384 ms  mem   134.2 MB
dense_perclass   Float32  P=8  LH=false N=20000  fit=true  m2l   51.891 ms  step   67.996 ms  mem   134.2 MB
dense_fused      Float32  P=8  LH=false N=20000  fit=true  m2l    0.698 ms  step   20.115 ms  mem   134.2 MB
concat           Float64  P=8  LH=true  N=20000  fit=true  m2l    6.719 ms  step   40.587 ms  mem  2516.6 MB
factored         Float64  P=8  LH=true  N=20000  fit=true  m2l    6.230 ms  step   40.173 ms  mem   167.8 MB
precomputed_y    Float64  P=8  LH=true  N=20000  fit=true  m2l    3.610 ms  step   37.667 ms  mem   201.3 MB
dense            Float64  P=8  LH=true  N=20000  fit=true  m2l   26.923 ms  step   54.698 ms  mem   906.0 MB
dense_perclass   Float64  P=8  LH=true  N=20000  fit=true  m2l   56.092 ms  step   87.687 ms  mem   906.0 MB
dense_fused      Float64  P=8  LH=true  N=20000  fit=true  m2l    4.105 ms  step   38.091 ms  mem   906.0 MB
dense            Float32  P=8  LH=true  N=20000  fit=true  m2l   47.605 ms  step   72.160 ms  mem   469.8 MB
dense_perclass   Float32  P=8  LH=true  N=20000  fit=true  m2l   64.408 ms  step   89.064 ms  mem   469.8 MB
dense_fused      Float32  P=8  LH=true  N=20000  fit=true  m2l    6.225 ms  step   30.862 ms  mem   469.8 MB
concat           Float64  P=12 LH=false N=20000  fit=true  m2l    8.997 ms  step  100.104 ms  mem  2013.3 MB
factored         Float64  P=12 LH=false N=20000  fit=true  m2l    6.755 ms  step   98.101 ms  mem   201.3 MB
precomputed_y    Float64  P=12 LH=false N=20000  fit=true  m2l    3.496 ms  step   94.694 ms  mem   201.3 MB
dense            Float64  P=12 LH=false N=20000  fit=true  m2l   28.435 ms  step  112.410 ms  mem   838.9 MB
dense_perclass   Float64  P=12 LH=false N=20000  fit=true  m2l   55.930 ms  step  143.273 ms  mem   838.9 MB
dense_fused      Float64  P=12 LH=false N=20000  fit=true  m2l    4.499 ms  step   95.987 ms  mem   838.9 MB
dense            Float32  P=12 LH=false N=20000  fit=false m2l      NaN ms  step      NaN ms  mem     0.0 MB
dense_perclass   Float32  P=12 LH=false N=20000  fit=false m2l      NaN ms  step      NaN ms  mem     0.0 MB
dense_fused      Float32  P=12 LH=false N=20000  fit=false m2l      NaN ms  step      NaN ms  mem     0.0 MB
concat           Float64  P=12 LH=true  N=20000  fit=true  m2l   17.887 ms  step  122.842 ms  mem  5066.7 MB
factored         Float64  P=12 LH=true  N=20000  fit=true  m2l   15.298 ms  step  120.301 ms  mem   335.5 MB
precomputed_y    Float64  P=12 LH=true  N=20000  fit=true  m2l    8.556 ms  step  113.639 ms  mem   369.1 MB
dense            Float64  P=12 LH=true  N=20000  fit=true  m2l   30.398 ms  step  132.556 ms  mem  3623.9 MB
dense_perclass   Float64  P=12 LH=true  N=20000  fit=true  m2l   61.718 ms  step  163.650 ms  mem  3623.9 MB
dense_fused      Float64  P=12 LH=true  N=20000  fit=true  m2l   20.597 ms  step  125.473 ms  mem  3623.9 MB
dense            Float32  P=12 LH=true  N=20000  fit=false m2l      NaN ms  step      NaN ms  mem     0.0 MB
dense_perclass   Float32  P=12 LH=true  N=20000  fit=false m2l      NaN ms  step      NaN ms  mem     0.0 MB
dense_fused      Float32  P=12 LH=true  N=20000  fit=false m2l      NaN ms  step      NaN ms  mem     0.0 MB
wrote /home/rander39/FastMultipole-023/MATRIX_OPERATOR_REFACTOR/scripts/../data/dense_translation_m2l_cuda/cuda_m13h-1-1_20260723-114044.csv
BENCH_EXIT=0
