=== task 023c environment
node=m12-1-3 cpus=64 job=12801369
Linux m12-1-3 5.14.0-570.120.1.el9_6.x86_64 #1 SMP PREEMPT_DYNAMIC Wed Jun 3 21:41:02 EDT 2026 x86_64 x86_64 x86_64 GNU/Linux
CPU(s):                                  128
On-line CPU(s) list:                     0-127
Model name:                              AMD EPYC 7763 64-Core Processor
Thread(s) per core:                      1
Core(s) per socket:                      64
Socket(s):                               2
NUMA node0 CPU(s):                       0-15
NUMA node1 CPU(s):                       16-31
NUMA node2 CPU(s):                       32-47
NUMA node3 CPU(s):                       48-63
NUMA node4 CPU(s):                       64-79
NUMA node5 CPU(s):                       80-95
NUMA node6 CPU(s):                       96-111
NUMA node7 CPU(s):                       112-127
julia version 1.11.7
git_commit=4d5ea4ee1f3a303e4df1dba19f8e160766ac65b1
worktree=dirty
=== focused 023c tests
Precompiling FastMultipole...
   6562.2 ms  ✓ FastMultipole
  1 dependency successfully precompiled in 9 seconds. 20 already precompiled.
Test Summary:                          | Pass  Total   Time
precomputed-y resident M2L (task 023c) |   73     73  31.0s
FOCUSED_023C_TESTS_PASS
=== single-thread OpenBLAS sweep
fatal: not a git repository (or any parent up to mount point /home)
Stopping at filesystem boundary (GIT_DISCOVERY_ACROSS_FILESYSTEM not set).
MATRIX_OPERATOR_REFACTOR/data/precomputed_y_resident_m2l_host/host_m12-1-3_blas1_20260718-101021.csv
BLAS1_EXIT=0
=== 64-thread OpenBLAS sweep
fatal: not a git repository (or any parent up to mount point /home)
Stopping at filesystem boundary (GIT_DISCOVERY_ACROSS_FILESYSTEM not set).
MATRIX_OPERATOR_REFACTOR/data/precomputed_y_resident_m2l_host/host_m12-1-3_blas64_20260718-101021.csv
BLAS64_EXIT=0
total 166K
-rw-rw-r-- 1 rander39 rander39 36K Jul 18 09:28 host_m12-1-3_blas1_20260718-090201.csv
-rw-rw-r-- 1 rander39 rander39 47K Jul 18 10:37 host_m12-1-3_blas1_20260718-101021.csv
-rw-rw-r-- 1 rander39 rander39 37K Jul 18 09:55 host_m12-1-3_blas64_20260718-090201.csv
-rw-rw-r-- 1 rander39 rander39 47K Jul 18 11:05 host_m12-1-3_blas64_20260718-101021.csv
